<?xml version="1.0" encoding="ISO-8859-1" ?>
<link_info>
   <banner>TI ARM Linker Unix v20.2.7.LTS</banner>
   <copyright>Copyright (c) 1996-2018 Texas Instruments Incorporated</copyright>
   <link_time>0x63d04130</link_time>
   <link_errors>0x0</link_errors>
   <output_file>lab-03-scaffolding.out</output_file>
   <entry_point>
      <name>resetISR</name>
      <address>0x2cfd</address>
   </entry_point>
   <input_file_list>
      <input_file id="fl-2">
         <path>./</path>
         <kind>object</kind>
         <file>scheduler.obj</file>
         <name>scheduler.obj</name>
      </input_file>
      <input_file id="fl-3">
         <path>./syscfg/</path>
         <kind>object</kind>
         <file>ti_drivers_config.obj</file>
         <name>ti_drivers_config.obj</name>
      </input_file>
      <input_file id="fl-e">
         <kind>object</kind>
         <file>&lt;internal&gt;</file>
         <name>&lt;internal&gt;</name>
      </input_file>
      <input_file id="fl-f">
         <path>/Users/lynnrwatson/Downloads/simplelink_msp432p4_sdk_3_40_01_02/source/ti/drivers/lib/</path>
         <kind>archive</kind>
         <file>drivers_msp432p401x.aem4f</file>
         <name>GPIOMSP432.oem4f</name>
      </input_file>
      <input_file id="fl-10">
         <path>/Users/lynnrwatson/Downloads/simplelink_msp432p4_sdk_3_40_01_02/source/ti/drivers/lib/</path>
         <kind>archive</kind>
         <file>drivers_msp432p401x.aem4f</file>
         <name>PowerMSP432.oem4f</name>
      </input_file>
      <input_file id="fl-11">
         <path>/Users/lynnrwatson/Downloads/simplelink_msp432p4_sdk_3_40_01_02/source/ti/drivers/lib/</path>
         <kind>archive</kind>
         <file>drivers_msp432p401x.aem4f</file>
         <name>UART.oem4f</name>
      </input_file>
      <input_file id="fl-12">
         <path>/Users/lynnrwatson/Downloads/simplelink_msp432p4_sdk_3_40_01_02/source/ti/drivers/lib/</path>
         <kind>archive</kind>
         <file>drivers_msp432p401x.aem4f</file>
         <name>UARTMSP432.oem4f</name>
      </input_file>
      <input_file id="fl-13">
         <path>/Users/lynnrwatson/Downloads/simplelink_msp432p4_sdk_3_40_01_02/source/ti/drivers/lib/</path>
         <kind>archive</kind>
         <file>drivers_msp432p401x.aem4f</file>
         <name>List.oem4f</name>
      </input_file>
      <input_file id="fl-14">
         <path>/Users/lynnrwatson/Downloads/simplelink_msp432p4_sdk_3_40_01_02/source/ti/drivers/lib/</path>
         <kind>archive</kind>
         <file>drivers_msp432p401x.aem4f</file>
         <name>RingBuf.oem4f</name>
      </input_file>
      <input_file id="fl-15">
         <path>/Users/lynnrwatson/Downloads/simplelink_msp432p4_sdk_3_40_01_02/kernel/nortos/lib/</path>
         <kind>archive</kind>
         <file>nortos_msp432p401x.aem4f</file>
         <name>SemaphoreP_nortos.oem4f</name>
      </input_file>
      <input_file id="fl-16">
         <path>/Users/lynnrwatson/Downloads/simplelink_msp432p4_sdk_3_40_01_02/kernel/nortos/lib/</path>
         <kind>archive</kind>
         <file>nortos_msp432p401x.aem4f</file>
         <name>PowerMSP432_nortos.oem4f</name>
      </input_file>
      <input_file id="fl-17">
         <path>/Users/lynnrwatson/Downloads/simplelink_msp432p4_sdk_3_40_01_02/kernel/nortos/lib/</path>
         <kind>archive</kind>
         <file>nortos_msp432p401x.aem4f</file>
         <name>ClockPTimer_nortos.oem4f</name>
      </input_file>
      <input_file id="fl-18">
         <path>/Users/lynnrwatson/Downloads/simplelink_msp432p4_sdk_3_40_01_02/kernel/nortos/lib/</path>
         <kind>archive</kind>
         <file>nortos_msp432p401x.aem4f</file>
         <name>TimerPMSP432_nortos.oem4f</name>
      </input_file>
      <input_file id="fl-19">
         <path>/Users/lynnrwatson/Downloads/simplelink_msp432p4_sdk_3_40_01_02/kernel/nortos/lib/</path>
         <kind>archive</kind>
         <file>nortos_msp432p401x.aem4f</file>
         <name>HwiPMSP432_nortos.oem4f</name>
      </input_file>
      <input_file id="fl-1a">
         <path>/Users/lynnrwatson/Downloads/simplelink_msp432p4_sdk_3_40_01_02/kernel/nortos/lib/</path>
         <kind>archive</kind>
         <file>nortos_msp432p401x.aem4f</file>
         <name>startup_msp432_ccs.oem4f</name>
      </input_file>
      <input_file id="fl-1b">
         <path>/Users/lynnrwatson/Downloads/simplelink_msp432p4_sdk_3_40_01_02/kernel/nortos/lib/</path>
         <kind>archive</kind>
         <file>nortos_msp432p401x.aem4f</file>
         <name>QueueP_nortos.oem4f</name>
      </input_file>
      <input_file id="fl-1c">
         <path>/Users/lynnrwatson/Downloads/simplelink_msp432p4_sdk_3_40_01_02/kernel/nortos/lib/</path>
         <kind>archive</kind>
         <file>nortos_msp432p401x.aem4f</file>
         <name>SwiP_nortos.oem4f</name>
      </input_file>
      <input_file id="fl-1d">
         <path>/Users/lynnrwatson/Downloads/simplelink_msp432p4_sdk_3_40_01_02/source/ti/devices/msp432p4xx/driverlib/ccs/</path>
         <kind>archive</kind>
         <file>msp432p4xx_driverlib.lib</file>
         <name>cs.o</name>
      </input_file>
      <input_file id="fl-1e">
         <path>/Users/lynnrwatson/Downloads/simplelink_msp432p4_sdk_3_40_01_02/source/ti/devices/msp432p4xx/driverlib/ccs/</path>
         <kind>archive</kind>
         <file>msp432p4xx_driverlib.lib</file>
         <name>interrupt.o</name>
      </input_file>
      <input_file id="fl-1f">
         <path>/Users/lynnrwatson/Downloads/simplelink_msp432p4_sdk_3_40_01_02/source/ti/devices/msp432p4xx/driverlib/ccs/</path>
         <kind>archive</kind>
         <file>msp432p4xx_driverlib.lib</file>
         <name>sysctl.o</name>
      </input_file>
      <input_file id="fl-20">
         <path>/Users/lynnrwatson/Downloads/simplelink_msp432p4_sdk_3_40_01_02/source/ti/devices/msp432p4xx/driverlib/ccs/</path>
         <kind>archive</kind>
         <file>msp432p4xx_driverlib.lib</file>
         <name>sysctl_a.o</name>
      </input_file>
      <input_file id="fl-21">
         <path>/Users/lynnrwatson/Downloads/simplelink_msp432p4_sdk_3_40_01_02/source/ti/devices/msp432p4xx/driverlib/ccs/</path>
         <kind>archive</kind>
         <file>msp432p4xx_driverlib.lib</file>
         <name>systick.o</name>
      </input_file>
      <input_file id="fl-22">
         <path>/Users/lynnrwatson/Downloads/simplelink_msp432p4_sdk_3_40_01_02/source/ti/devices/msp432p4xx/driverlib/ccs/</path>
         <kind>archive</kind>
         <file>msp432p4xx_driverlib.lib</file>
         <name>uart.o</name>
      </input_file>
      <input_file id="fl-23">
         <path>/Users/lynnrwatson/Downloads/simplelink_msp432p4_sdk_3_40_01_02/source/ti/devices/msp432p4xx/driverlib/ccs/</path>
         <kind>archive</kind>
         <file>msp432p4xx_driverlib.lib</file>
         <name>cpu.o</name>
      </input_file>
      <input_file id="fl-d9">
         <path>/Applications/ti/ccs1210/ccs/tools/compiler/ti-cgt-arm_20.2.7.LTS/lib/</path>
         <kind>archive</kind>
         <file>rtsv7M4_T_le_v4SPD16_eabi.lib</file>
         <name>memcpy_t2.asm.obj</name>
      </input_file>
      <input_file id="fl-da">
         <path>/Applications/ti/ccs1210/ccs/tools/compiler/ti-cgt-arm_20.2.7.LTS/lib/</path>
         <kind>archive</kind>
         <file>rtsv7M4_T_le_v4SPD16_eabi.lib</file>
         <name>ull_div_t2.asm.obj</name>
      </input_file>
      <input_file id="fl-db">
         <path>/Applications/ti/ccs1210/ccs/tools/compiler/ti-cgt-arm_20.2.7.LTS/lib/</path>
         <kind>archive</kind>
         <file>rtsv7M4_T_le_v4SPD16_eabi.lib</file>
         <name>copy_zero_init.c.obj</name>
      </input_file>
      <input_file id="fl-dc">
         <path>/Applications/ti/ccs1210/ccs/tools/compiler/ti-cgt-arm_20.2.7.LTS/lib/</path>
         <kind>archive</kind>
         <file>rtsv7M4_T_le_v4SPD16_eabi.lib</file>
         <name>copy_decompress_none.c.obj</name>
      </input_file>
      <input_file id="fl-dd">
         <path>/Applications/ti/ccs1210/ccs/tools/compiler/ti-cgt-arm_20.2.7.LTS/lib/</path>
         <kind>archive</kind>
         <file>rtsv7M4_T_le_v4SPD16_eabi.lib</file>
         <name>copy_decompress_lzss.c.obj</name>
      </input_file>
      <input_file id="fl-de">
         <path>/Applications/ti/ccs1210/ccs/tools/compiler/ti-cgt-arm_20.2.7.LTS/lib/</path>
         <kind>archive</kind>
         <file>rtsv7M4_T_le_v4SPD16_eabi.lib</file>
         <name>memory.c.obj</name>
      </input_file>
      <input_file id="fl-df">
         <path>/Applications/ti/ccs1210/ccs/tools/compiler/ti-cgt-arm_20.2.7.LTS/lib/</path>
         <kind>archive</kind>
         <file>rtsv7M4_T_le_v4SPD16_eabi.lib</file>
         <name>boot_cortex_m.c.obj</name>
      </input_file>
      <input_file id="fl-e0">
         <path>/Applications/ti/ccs1210/ccs/tools/compiler/ti-cgt-arm_20.2.7.LTS/lib/</path>
         <kind>archive</kind>
         <file>rtsv7M4_T_le_v4SPD16_eabi.lib</file>
         <name>div0.asm.obj</name>
      </input_file>
      <input_file id="fl-e1">
         <path>/Applications/ti/ccs1210/ccs/tools/compiler/ti-cgt-arm_20.2.7.LTS/lib/</path>
         <kind>archive</kind>
         <file>rtsv7M4_T_le_v4SPD16_eabi.lib</file>
         <name>memset_t2.asm.obj</name>
      </input_file>
      <input_file id="fl-e2">
         <path>/Applications/ti/ccs1210/ccs/tools/compiler/ti-cgt-arm_20.2.7.LTS/lib/</path>
         <kind>archive</kind>
         <file>rtsv7M4_T_le_v4SPD16_eabi.lib</file>
         <name>autoinit.c.obj</name>
      </input_file>
      <input_file id="fl-e3">
         <path>/Applications/ti/ccs1210/ccs/tools/compiler/ti-cgt-arm_20.2.7.LTS/lib/</path>
         <kind>archive</kind>
         <file>rtsv7M4_T_le_v4SPD16_eabi.lib</file>
         <name>pre_init.c.obj</name>
      </input_file>
      <input_file id="fl-e4">
         <path>/Applications/ti/ccs1210/ccs/tools/compiler/ti-cgt-arm_20.2.7.LTS/lib/</path>
         <kind>archive</kind>
         <file>rtsv7M4_T_le_v4SPD16_eabi.lib</file>
         <name>cpy_tbl.c.obj</name>
      </input_file>
      <input_file id="fl-e5">
         <path>/Applications/ti/ccs1210/ccs/tools/compiler/ti-cgt-arm_20.2.7.LTS/lib/</path>
         <kind>archive</kind>
         <file>rtsv7M4_T_le_v4SPD16_eabi.lib</file>
         <name>exit.c.obj</name>
      </input_file>
      <input_file id="fl-e6">
         <path>/Applications/ti/ccs1210/ccs/tools/compiler/ti-cgt-arm_20.2.7.LTS/lib/</path>
         <kind>archive</kind>
         <file>rtsv7M4_T_le_v4SPD16_eabi.lib</file>
         <name>_lock.c.obj</name>
      </input_file>
      <input_file id="fl-e7">
         <path>/Applications/ti/ccs1210/ccs/tools/compiler/ti-cgt-arm_20.2.7.LTS/lib/</path>
         <kind>archive</kind>
         <file>rtsv7M4_T_le_v4SPD16_eabi.lib</file>
         <name>args_main.c.obj</name>
      </input_file>
   </input_file_list>
   <object_component_list>
      <object_component id="oc-769">
         <name>.text:Power_sleep</name>
         <load_address>0x144</load_address>
         <run_address>0x144</run_address>
         <size>0x2f8</size>
         <input_file_ref idref="fl-10"/>
      </object_component>
      <object_component id="oc-49a">
         <name>.text:UARTMSP432_open</name>
         <load_address>0x43c</load_address>
         <run_address>0x43c</run_address>
         <size>0x2d0</size>
         <input_file_ref idref="fl-12"/>
      </object_component>
      <object_component id="oc-1c8">
         <name>.text:GPIO_setConfig</name>
         <load_address>0x70c</load_address>
         <run_address>0x70c</run_address>
         <size>0x170</size>
         <input_file_ref idref="fl-f"/>
      </object_component>
      <object_component id="oc-67a">
         <name>.text:UART_initModule</name>
         <load_address>0x87c</load_address>
         <run_address>0x87c</run_address>
         <size>0x11c</size>
         <input_file_ref idref="fl-22"/>
      </object_component>
      <object_component id="oc-3fa">
         <name>.text:aligned_alloc</name>
         <load_address>0x998</load_address>
         <run_address>0x998</run_address>
         <size>0x100</size>
         <input_file_ref idref="fl-de"/>
      </object_component>
      <object_component id="oc-27f">
         <name>.text:free</name>
         <load_address>0xa98</load_address>
         <run_address>0xa98</run_address>
         <size>0xe4</size>
         <input_file_ref idref="fl-de"/>
      </object_component>
      <object_component id="oc-4ee">
         <name>.text:TimerP_construct</name>
         <load_address>0xb7c</load_address>
         <run_address>0xb7c</run_address>
         <size>0xe0</size>
         <input_file_ref idref="fl-18"/>
      </object_component>
      <object_component id="oc-4a6">
         <name>.text:UARTMSP432_readPolling</name>
         <load_address>0xc5c</load_address>
         <run_address>0xc5c</run_address>
         <size>0xdc</size>
         <input_file_ref idref="fl-12"/>
      </object_component>
      <object_component id="oc-4e2">
         <name>.text:SwiP_construct</name>
         <load_address>0xd38</load_address>
         <run_address>0xd38</run_address>
         <size>0xd8</size>
         <input_file_ref idref="fl-1c"/>
      </object_component>
      <object_component id="oc-115">
         <name>.text:setup_LEDs</name>
         <load_address>0xe10</load_address>
         <run_address>0xe10</run_address>
         <size>0xd4</size>
         <input_file_ref idref="fl-2"/>
      </object_component>
      <object_component id="oc-5a9">
         <name>.text:UARTMSP432_hwiIntFxn</name>
         <load_address>0xee4</load_address>
         <run_address>0xee4</run_address>
         <size>0xca</size>
         <input_file_ref idref="fl-12"/>
      </object_component>
      <object_component id="oc-6fc">
         <name>.text:IntDefaultHandler</name>
         <load_address>0xfae</load_address>
         <run_address>0xfae</run_address>
         <size>0x2</size>
         <input_file_ref idref="fl-1e"/>
      </object_component>
      <object_component id="oc-59d">
         <name>.text:initHw</name>
         <load_address>0xfb0</load_address>
         <run_address>0xfb0</run_address>
         <size>0xb8</size>
         <input_file_ref idref="fl-12"/>
      </object_component>
      <object_component id="oc-6b0">
         <name>.text:readTaskCallback</name>
         <load_address>0x1068</load_address>
         <run_address>0x1068</run_address>
         <size>0xb8</size>
         <input_file_ref idref="fl-12"/>
      </object_component>
      <object_component id="oc-401">
         <name>.text:ClockP_startup</name>
         <load_address>0x1120</load_address>
         <run_address>0x1120</run_address>
         <size>0xb4</size>
         <input_file_ref idref="fl-17"/>
      </object_component>
      <object_component id="oc-48e">
         <name>.text:UARTMSP432_control</name>
         <load_address>0x11d4</load_address>
         <run_address>0x11d4</run_address>
         <size>0xb4</size>
         <input_file_ref idref="fl-12"/>
      </object_component>
      <object_component id="oc-4b8">
         <name>.text:UARTMSP432_writePolling</name>
         <load_address>0x1288</load_address>
         <run_address>0x1288</run_address>
         <size>0xb4</size>
         <input_file_ref idref="fl-12"/>
      </object_component>
      <object_component id="oc-503">
         <name>.text:ClockP_workFuncDynamic</name>
         <load_address>0x133c</load_address>
         <run_address>0x133c</run_address>
         <size>0xac</size>
         <input_file_ref idref="fl-17"/>
      </object_component>
      <object_component id="oc-10f">
         <name>.text:GPIO_init</name>
         <load_address>0x13e8</load_address>
         <run_address>0x13e8</run_address>
         <size>0xac</size>
         <input_file_ref idref="fl-f"/>
      </object_component>
      <object_component id="oc-4b2">
         <name>.text:UARTMSP432_write</name>
         <load_address>0x1494</load_address>
         <run_address>0x1494</run_address>
         <size>0xa8</size>
         <input_file_ref idref="fl-12"/>
      </object_component>
      <object_component id="oc-69e">
         <name>.text:readTaskBlocking</name>
         <load_address>0x153c</load_address>
         <run_address>0x153c</run_address>
         <size>0xa8</size>
         <input_file_ref idref="fl-12"/>
      </object_component>
      <object_component id="oc-1c2">
         <name>.text:SemaphoreP_pend</name>
         <load_address>0x15e4</load_address>
         <run_address>0x15e4</run_address>
         <size>0xa0</size>
         <input_file_ref idref="fl-15"/>
      </object_component>
      <object_component id="oc-6b6">
         <name>.text:readIsrTextCallback</name>
         <load_address>0x1684</load_address>
         <run_address>0x1684</run_address>
         <size>0xa0</size>
         <input_file_ref idref="fl-12"/>
      </object_component>
      <object_component id="oc-6d1">
         <name>.text:SwiP_dispatch</name>
         <load_address>0x1724</load_address>
         <run_address>0x1724</run_address>
         <size>0x9c</size>
         <input_file_ref idref="fl-1c"/>
      </object_component>
      <object_component id="oc-3a">
         <name>.text</name>
         <load_address>0x17c0</load_address>
         <run_address>0x17c0</run_address>
         <size>0x9c</size>
         <input_file_ref idref="fl-d9"/>
      </object_component>
      <object_component id="oc-42e">
         <name>.text</name>
         <load_address>0x185c</load_address>
         <run_address>0x185c</run_address>
         <size>0x96</size>
         <input_file_ref idref="fl-da"/>
      </object_component>
      <object_component id="oc-488">
         <name>.text:UARTMSP432_close</name>
         <load_address>0x18f2</load_address>
         <run_address>0x18f2</run_address>
         <size>0x92</size>
         <input_file_ref idref="fl-12"/>
      </object_component>
      <object_component id="oc-68e">
         <name>.text:writeData</name>
         <load_address>0x1984</load_address>
         <run_address>0x1984</run_address>
         <size>0x92</size>
         <input_file_ref idref="fl-12"/>
      </object_component>
      <object_component id="oc-6a4">
         <name>.text:readIsrTextBlocking</name>
         <load_address>0x1a16</load_address>
         <run_address>0x1a16</run_address>
         <size>0x8c</size>
         <input_file_ref idref="fl-12"/>
      </object_component>
      <object_component id="oc-707">
         <name>.text:PowerMSP432_initPolicy</name>
         <load_address>0x1aa2</load_address>
         <run_address>0x1aa2</run_address>
         <size>0x2</size>
         <input_file_ref idref="fl-16"/>
      </object_component>
      <object_component id="oc-790">
         <name>.text:restartHFXT</name>
         <load_address>0x1aa4</load_address>
         <run_address>0x1aa4</run_address>
         <size>0x84</size>
         <input_file_ref idref="fl-10"/>
      </object_component>
      <object_component id="oc-28c">
         <name>.text:ClockP_start</name>
         <load_address>0x1b28</load_address>
         <run_address>0x1b28</run_address>
         <size>0x80</size>
         <input_file_ref idref="fl-17"/>
      </object_component>
      <object_component id="oc-643">
         <name>.text:Interrupt_disableInterrupt</name>
         <load_address>0x1ba8</load_address>
         <run_address>0x1ba8</run_address>
         <size>0x80</size>
         <input_file_ref idref="fl-1e"/>
      </object_component>
      <object_component id="oc-45c">
         <name>.text:Interrupt_enableInterrupt</name>
         <load_address>0x1c28</load_address>
         <run_address>0x1c28</run_address>
         <size>0x80</size>
         <input_file_ref idref="fl-1e"/>
      </object_component>
      <object_component id="oc-623">
         <name>.text:ClockP_walkQueueDynamic</name>
         <load_address>0x1ca8</load_address>
         <run_address>0x1ca8</run_address>
         <size>0x78</size>
         <input_file_ref idref="fl-17"/>
      </object_component>
      <object_component id="oc-39b">
         <name>.text:HwiP_construct</name>
         <load_address>0x1d20</load_address>
         <run_address>0x1d20</run_address>
         <size>0x70</size>
         <input_file_ref idref="fl-19"/>
      </object_component>
      <object_component id="oc-4be">
         <name>.text:UARTMSP432_writeCancel</name>
         <load_address>0x1d90</load_address>
         <run_address>0x1d90</run_address>
         <size>0x70</size>
         <input_file_ref idref="fl-12"/>
      </object_component>
      <object_component id="oc-4cf">
         <name>.text:split</name>
         <load_address>0x1e00</load_address>
         <run_address>0x1e00</run_address>
         <size>0x70</size>
         <input_file_ref idref="fl-de"/>
      </object_component>
      <object_component id="oc-377">
         <name>.text:TimerP_getCurrentTick</name>
         <load_address>0x1e70</load_address>
         <run_address>0x1e70</run_address>
         <size>0x6c</size>
         <input_file_ref idref="fl-18"/>
      </object_component>
      <object_component id="oc-2c2">
         <name>.text:GPIO_hwiIntFxn</name>
         <load_address>0x1edc</load_address>
         <run_address>0x1edc</run_address>
         <size>0x68</size>
         <input_file_ref idref="fl-f"/>
      </object_component>
      <object_component id="oc-750">
         <name>.text:Interrupt_pendInterrupt</name>
         <load_address>0x1f44</load_address>
         <run_address>0x1f44</run_address>
         <size>0x68</size>
         <input_file_ref idref="fl-1e"/>
      </object_component>
      <object_component id="oc-579">
         <name>.text:PowerMSP432_getFreqs</name>
         <load_address>0x1fac</load_address>
         <run_address>0x1fac</run_address>
         <size>0x68</size>
         <input_file_ref idref="fl-10"/>
      </object_component>
      <object_component id="oc-62a">
         <name>.text:SwiP_post</name>
         <load_address>0x2014</load_address>
         <run_address>0x2014</run_address>
         <size>0x68</size>
         <input_file_ref idref="fl-1c"/>
      </object_component>
      <object_component id="oc-12">
         <name>.text:decompress:lzss:__TI_decompress_lzss</name>
         <load_address>0x207c</load_address>
         <run_address>0x207c</run_address>
         <size>0x68</size>
         <input_file_ref idref="fl-dd"/>
      </object_component>
      <object_component id="oc-1ce">
         <name>.text:GPIO_setCallback</name>
         <load_address>0x20e4</load_address>
         <run_address>0x20e4</run_address>
         <size>0x60</size>
         <input_file_ref idref="fl-f"/>
      </object_component>
      <object_component id="oc-12d">
         <name>.text:Scheduler_StartTask</name>
         <load_address>0x2144</load_address>
         <run_address>0x2144</run_address>
         <size>0x60</size>
         <input_file_ref idref="fl-2"/>
      </object_component>
      <object_component id="oc-121">
         <name>.text:setup_UART</name>
         <load_address>0x21a4</load_address>
         <run_address>0x21a4</run_address>
         <size>0x60</size>
         <input_file_ref idref="fl-2"/>
      </object_component>
      <object_component id="oc-2e8">
         <name>.text:Interrupt_registerInterrupt</name>
         <load_address>0x2204</load_address>
         <run_address>0x2204</run_address>
         <size>0x5c</size>
         <input_file_ref idref="fl-1e"/>
      </object_component>
      <object_component id="oc-615">
         <name>.text:TimerP_dynamicStub</name>
         <load_address>0x2260</load_address>
         <run_address>0x2260</run_address>
         <size>0x58</size>
         <input_file_ref idref="fl-18"/>
      </object_component>
      <object_component id="oc-698">
         <name>.text:readIsrBinaryBlocking</name>
         <load_address>0x22b8</load_address>
         <run_address>0x22b8</run_address>
         <size>0x58</size>
         <input_file_ref idref="fl-12"/>
      </object_component>
      <object_component id="oc-456">
         <name>.text:Interrupt_setPriority</name>
         <load_address>0x2310</load_address>
         <run_address>0x2310</run_address>
         <size>0x54</size>
         <input_file_ref idref="fl-1e"/>
      </object_component>
      <object_component id="oc-334">
         <name>.text:SemaphoreP_construct</name>
         <load_address>0x2364</load_address>
         <run_address>0x2364</run_address>
         <size>0x50</size>
         <input_file_ref idref="fl-15"/>
      </object_component>
      <object_component id="oc-6aa">
         <name>.text:readIsrBinaryCallback</name>
         <load_address>0x23b4</load_address>
         <run_address>0x23b4</run_address>
         <size>0x4c</size>
         <input_file_ref idref="fl-12"/>
      </object_component>
      <object_component id="oc-672">
         <name>.text:ClockP_construct</name>
         <load_address>0x2400</load_address>
         <run_address>0x2400</run_address>
         <size>0x48</size>
         <input_file_ref idref="fl-17"/>
      </object_component>
      <object_component id="oc-70d">
         <name>.text:PowerMSP432_sleepPolicy</name>
         <load_address>0x2448</load_address>
         <run_address>0x2448</run_address>
         <size>0x48</size>
         <input_file_ref idref="fl-16"/>
      </object_component>
      <object_component id="oc-54c">
         <name>.text:Power_releaseConstraint</name>
         <load_address>0x2490</load_address>
         <run_address>0x2490</run_address>
         <size>0x48</size>
         <input_file_ref idref="fl-10"/>
      </object_component>
      <object_component id="oc-f6">
         <name>.text:main</name>
         <load_address>0x24d8</load_address>
         <run_address>0x24d8</run_address>
         <size>0x48</size>
         <input_file_ref idref="fl-2"/>
      </object_component>
      <object_component id="oc-723">
         <name>.text:RingBuf_put</name>
         <load_address>0x2520</load_address>
         <run_address>0x2520</run_address>
         <size>0x46</size>
         <input_file_ref idref="fl-14"/>
      </object_component>
      <object_component id="oc-494">
         <name>.text:UARTMSP432_init</name>
         <load_address>0x2566</load_address>
         <run_address>0x2566</run_address>
         <size>0x2</size>
         <input_file_ref idref="fl-12"/>
      </object_component>
      <object_component id="oc-1d4">
         <name>.text:SemaphoreP_post</name>
         <load_address>0x2568</load_address>
         <run_address>0x2568</run_address>
         <size>0x44</size>
         <input_file_ref idref="fl-15"/>
      </object_component>
      <object_component id="oc-76f">
         <name>.text:SwiP_restore</name>
         <load_address>0x25ac</load_address>
         <run_address>0x25ac</run_address>
         <size>0x44</size>
         <input_file_ref idref="fl-1c"/>
      </object_component>
      <object_component id="oc-609">
         <name>.text:TimerP_start</name>
         <load_address>0x25f0</load_address>
         <run_address>0x25f0</run_address>
         <size>0x44</size>
         <input_file_ref idref="fl-18"/>
      </object_component>
      <object_component id="oc-1f3">
         <name>.text:UART_init</name>
         <load_address>0x2634</load_address>
         <run_address>0x2634</run_address>
         <size>0x44</size>
         <input_file_ref idref="fl-11"/>
      </object_component>
      <object_component id="oc-158">
         <name>.text:__TI_auto_init_nobinit_nopinit:__TI_auto_init_nobinit_nopinit</name>
         <load_address>0x2678</load_address>
         <run_address>0x2678</run_address>
         <size>0x44</size>
         <input_file_ref idref="fl-e2"/>
      </object_component>
      <object_component id="oc-5ca">
         <name>.text:RingBuf_get</name>
         <load_address>0x26bc</load_address>
         <run_address>0x26bc</run_address>
         <size>0x40</size>
         <input_file_ref idref="fl-14"/>
      </object_component>
      <object_component id="oc-435">
         <name>.text:TimerP_setNextTick</name>
         <load_address>0x26fc</load_address>
         <run_address>0x26fc</run_address>
         <size>0x40</size>
         <input_file_ref idref="fl-18"/>
      </object_component>
      <object_component id="oc-4a0">
         <name>.text:UARTMSP432_read</name>
         <load_address>0x273c</load_address>
         <run_address>0x273c</run_address>
         <size>0x40</size>
         <input_file_ref idref="fl-12"/>
      </object_component>
      <object_component id="oc-1ff">
         <name>.text:UART_open</name>
         <load_address>0x277c</load_address>
         <run_address>0x277c</run_address>
         <size>0x40</size>
         <input_file_ref idref="fl-11"/>
      </object_component>
      <object_component id="oc-5a3">
         <name>.text:perfChangeNotifyFxn</name>
         <load_address>0x27bc</load_address>
         <run_address>0x27bc</run_address>
         <size>0x40</size>
         <input_file_ref idref="fl-12"/>
      </object_component>
      <object_component id="oc-5fd">
         <name>.text:TimerP_initDevice</name>
         <load_address>0x27fc</load_address>
         <run_address>0x27fc</run_address>
         <size>0x3c</size>
         <input_file_ref idref="fl-18"/>
      </object_component>
      <object_component id="oc-11b">
         <name>.text:setup_Systick</name>
         <load_address>0x2838</load_address>
         <run_address>0x2838</run_address>
         <size>0x3c</size>
         <input_file_ref idref="fl-2"/>
      </object_component>
      <object_component id="oc-55f">
         <name>.text:Power_setConstraint</name>
         <load_address>0x2874</load_address>
         <run_address>0x2874</run_address>
         <size>0x38</size>
         <input_file_ref idref="fl-10"/>
      </object_component>
      <object_component id="oc-784">
         <name>.text:notify</name>
         <load_address>0x28ac</load_address>
         <run_address>0x28ac</run_address>
         <size>0x38</size>
         <input_file_ref idref="fl-10"/>
      </object_component>
      <object_component id="oc-4ac">
         <name>.text:UARTMSP432_readCancel</name>
         <load_address>0x28e4</load_address>
         <run_address>0x28e4</run_address>
         <size>0x36</size>
         <input_file_ref idref="fl-12"/>
      </object_component>
      <object_component id="oc-30b">
         <name>.text:_nop</name>
         <load_address>0x291a</load_address>
         <run_address>0x291a</run_address>
         <size>0x2</size>
         <input_file_ref idref="fl-e6"/>
      </object_component>
      <object_component id="oc-a8">
         <name>.text:_c_int00_noargs:_c_int00_noargs</name>
         <load_address>0x291c</load_address>
         <run_address>0x291c</run_address>
         <size>0x34</size>
         <input_file_ref idref="fl-df"/>
      </object_component>
      <object_component id="oc-567">
         <name>.text:mapPin</name>
         <load_address>0x2950</load_address>
         <run_address>0x2950</run_address>
         <size>0x30</size>
         <input_file_ref idref="fl-12"/>
      </object_component>
      <object_component id="oc-2b9">
         <name>.text:HwiP_create</name>
         <load_address>0x2980</load_address>
         <run_address>0x2980</run_address>
         <size>0x2a</size>
         <input_file_ref idref="fl-19"/>
      </object_component>
      <object_component id="oc-6c">
         <name>.text:busFaultISR</name>
         <load_address>0x29aa</load_address>
         <run_address>0x29aa</run_address>
         <size>0x2</size>
         <input_file_ref idref="fl-1a"/>
      </object_component>
      <object_component id="oc-585">
         <name>.text:Power_registerNotify</name>
         <load_address>0x29ac</load_address>
         <run_address>0x29ac</run_address>
         <size>0x28</size>
         <input_file_ref idref="fl-10"/>
      </object_component>
      <object_component id="oc-1ec">
         <name>.text:SysTick_Handler</name>
         <load_address>0x29d4</load_address>
         <run_address>0x29d4</run_address>
         <size>0x28</size>
         <input_file_ref idref="fl-2"/>
      </object_component>
      <object_component id="oc-78a">
         <name>.text:disableHFXT</name>
         <load_address>0x29fc</load_address>
         <run_address>0x29fc</run_address>
         <size>0x28</size>
         <input_file_ref idref="fl-10"/>
      </object_component>
      <object_component id="oc-57f">
         <name>.text:findBaudDividerIndex</name>
         <load_address>0x2a24</load_address>
         <run_address>0x2a24</run_address>
         <size>0x28</size>
         <input_file_ref idref="fl-12"/>
      </object_component>
      <object_component id="oc-365">
         <name>.text:free_list_insert</name>
         <load_address>0x2a4c</load_address>
         <run_address>0x2a4c</run_address>
         <size>0x28</size>
         <input_file_ref idref="fl-de"/>
      </object_component>
      <object_component id="oc-667">
         <name>.text:List_put</name>
         <load_address>0x2a74</load_address>
         <run_address>0x2a74</run_address>
         <size>0x26</size>
         <input_file_ref idref="fl-13"/>
      </object_component>
      <object_component id="oc-652">
         <name>.text:List_remove</name>
         <load_address>0x2a9a</load_address>
         <run_address>0x2a9a</run_address>
         <size>0x26</size>
         <input_file_ref idref="fl-13"/>
      </object_component>
      <object_component id="oc-383">
         <name>.text:ClockP_getTicks</name>
         <load_address>0x2ac0</load_address>
         <run_address>0x2ac0</run_address>
         <size>0x24</size>
         <input_file_ref idref="fl-17"/>
      </object_component>
      <object_component id="oc-37d">
         <name>.text:ClockP_scheduleNextTick</name>
         <load_address>0x2ae4</load_address>
         <run_address>0x2ae4</run_address>
         <size>0x24</size>
         <input_file_ref idref="fl-17"/>
      </object_component>
      <object_component id="oc-462">
         <name>.text:HwiP_dispatch</name>
         <load_address>0x2b08</load_address>
         <run_address>0x2b08</run_address>
         <size>0x24</size>
         <input_file_ref idref="fl-19"/>
      </object_component>
      <object_component id="oc-286">
         <name>.text:ClockP_add</name>
         <load_address>0x2b2c</load_address>
         <run_address>0x2b2c</run_address>
         <size>0x20</size>
         <input_file_ref idref="fl-17"/>
      </object_component>
      <object_component id="oc-552">
         <name>.text:Power_unregisterNotify</name>
         <load_address>0x2b4c</load_address>
         <run_address>0x2b4c</run_address>
         <size>0x20</size>
         <input_file_ref idref="fl-10"/>
      </object_component>
      <object_component id="oc-36c">
         <name>.text:QueueP_put</name>
         <load_address>0x2b6c</load_address>
         <run_address>0x2b6c</run_address>
         <size>0x20</size>
         <input_file_ref idref="fl-1b"/>
      </object_component>
      <object_component id="oc-559">
         <name>.text:RingBuf_peek</name>
         <load_address>0x2b8c</load_address>
         <run_address>0x2b8c</run_address>
         <size>0x20</size>
         <input_file_ref idref="fl-14"/>
      </object_component>
      <object_component id="oc-649">
         <name>.text:Interrupt_unregisterInterrupt</name>
         <load_address>0x2bac</load_address>
         <run_address>0x2bac</run_address>
         <size>0x1c</size>
         <input_file_ref idref="fl-1e"/>
      </object_component>
      <object_component id="oc-75d">
         <name>.text:SwiP_disable</name>
         <load_address>0x2bc8</load_address>
         <run_address>0x2bc8</run_address>
         <size>0x1c</size>
         <input_file_ref idref="fl-1c"/>
      </object_component>
      <object_component id="oc-46">
         <name>.text:decompress:ZI:__TI_zero_init_nomemset:__TI_zero_init_nomemset</name>
         <load_address>0x2be4</load_address>
         <run_address>0x2be4</run_address>
         <size>0x1c</size>
         <input_file_ref idref="fl-db"/>
      </object_component>
      <object_component id="oc-35f">
         <name>.text:free_list_remove</name>
         <load_address>0x2c00</load_address>
         <run_address>0x2c00</run_address>
         <size>0x1c</size>
         <input_file_ref idref="fl-de"/>
      </object_component>
      <object_component id="oc-591">
         <name>.text:ClockP_create</name>
         <load_address>0x2c1c</load_address>
         <run_address>0x2c1c</run_address>
         <size>0x1a</size>
         <input_file_ref idref="fl-17"/>
      </object_component>
      <object_component id="oc-741">
         <name>.text:QueueP_get</name>
         <load_address>0x2c36</load_address>
         <run_address>0x2c36</run_address>
         <size>0x1a</size>
         <input_file_ref idref="fl-1b"/>
      </object_component>
      <object_component id="oc-1aa">
         <name>.text:SemaphoreP_createBinary</name>
         <load_address>0x2c50</load_address>
         <run_address>0x2c50</run_address>
         <size>0x1a</size>
         <input_file_ref idref="fl-15"/>
      </object_component>
      <object_component id="oc-29e">
         <name>.text:ClockP_destruct</name>
         <load_address>0x2c6a</load_address>
         <run_address>0x2c6a</run_address>
         <size>0x18</size>
         <input_file_ref idref="fl-17"/>
      </object_component>
      <object_component id="oc-540">
         <name>.text:HwiP_delete</name>
         <load_address>0x2c82</load_address>
         <run_address>0x2c82</run_address>
         <size>0x18</size>
         <input_file_ref idref="fl-19"/>
      </object_component>
      <object_component id="oc-2a4">
         <name>.text:clkFxn</name>
         <load_address>0x2c9a</load_address>
         <run_address>0x2c9a</run_address>
         <size>0x2</size>
         <input_file_ref idref="fl-15"/>
      </object_component>
      <object_component id="oc-2cd">
         <name>.text:HwiP_inISR</name>
         <load_address>0x2c9c</load_address>
         <run_address>0x2c9c</run_address>
         <size>0x18</size>
         <input_file_ref idref="fl-19"/>
      </object_component>
      <object_component id="oc-1f9">
         <name>.text:UART_Params_init</name>
         <load_address>0x2cb4</load_address>
         <run_address>0x2cb4</run_address>
         <size>0x18</size>
         <input_file_ref idref="fl-11"/>
      </object_component>
      <object_component id="oc-139">
         <name>.text:blue_task</name>
         <load_address>0x2ccc</load_address>
         <run_address>0x2ccc</run_address>
         <size>0x18</size>
         <input_file_ref idref="fl-2"/>
      </object_component>
      <object_component id="oc-13f">
         <name>.text:green_task</name>
         <load_address>0x2ce4</load_address>
         <run_address>0x2ce4</run_address>
         <size>0x18</size>
         <input_file_ref idref="fl-2"/>
      </object_component>
      <object_component id="oc-1f">
         <name>.text:resetISR</name>
         <load_address>0x2cfc</load_address>
         <run_address>0x2cfc</run_address>
         <size>0x18</size>
         <input_file_ref idref="fl-1a"/>
      </object_component>
      <object_component id="oc-26e">
         <name>.text:SemaphoreP_create</name>
         <load_address>0x2d14</load_address>
         <run_address>0x2d14</run_address>
         <size>0x16</size>
         <input_file_ref idref="fl-15"/>
      </object_component>
      <object_component id="oc-73b">
         <name>.text:maxbit</name>
         <load_address>0x2d2a</load_address>
         <run_address>0x2d2a</run_address>
         <size>0x16</size>
         <input_file_ref idref="fl-1c"/>
      </object_component>
      <object_component id="oc-3f2">
         <name>.text:Power_idleFunc</name>
         <load_address>0x2d40</load_address>
         <run_address>0x2d40</run_address>
         <size>0x14</size>
         <input_file_ref idref="fl-10"/>
      </object_component>
      <object_component id="oc-127">
         <name>.text:Scheduler_Init</name>
         <load_address>0x2d54</load_address>
         <run_address>0x2d54</run_address>
         <size>0x14</size>
         <input_file_ref idref="fl-2"/>
      </object_component>
      <object_component id="oc-5f2">
         <name>.text:SwiP_handleHwi</name>
         <load_address>0x2d68</load_address>
         <run_address>0x2d68</run_address>
         <size>0x14</size>
         <input_file_ref idref="fl-1c"/>
      </object_component>
      <object_component id="oc-428">
         <name>.text:TimerP_getCount</name>
         <load_address>0x2d7c</load_address>
         <run_address>0x2d7c</run_address>
         <size>0x14</size>
         <input_file_ref idref="fl-18"/>
      </object_component>
      <object_component id="oc-5d3">
         <name>.text:clearTXCPTIFG</name>
         <load_address>0x2d90</load_address>
         <run_address>0x2d90</run_address>
         <size>0x14</size>
         <input_file_ref idref="fl-12"/>
      </object_component>
      <object_component id="oc-2b3">
         <name>.text:HwiP_Params_init</name>
         <load_address>0x2da4</load_address>
         <run_address>0x2da4</run_address>
         <size>0x12</size>
         <input_file_ref idref="fl-19"/>
      </object_component>
      <object_component id="oc-597">
         <name>.text:RingBuf_construct</name>
         <load_address>0x2db6</load_address>
         <run_address>0x2db6</run_address>
         <size>0x12</size>
         <input_file_ref idref="fl-14"/>
      </object_component>
      <object_component id="oc-58b">
         <name>.text:ClockP_Params_init</name>
         <load_address>0x2dc8</load_address>
         <run_address>0x2dc8</run_address>
         <size>0x10</size>
         <input_file_ref idref="fl-17"/>
      </object_component>
      <object_component id="oc-546">
         <name>.text:ClockP_delete</name>
         <load_address>0x2dd8</load_address>
         <run_address>0x2dd8</run_address>
         <size>0x10</size>
         <input_file_ref idref="fl-17"/>
      </object_component>
      <object_component id="oc-1b0">
         <name>.text:HwiP_disable</name>
         <load_address>0x2de8</load_address>
         <run_address>0x2de8</run_address>
         <size>0x10</size>
         <input_file_ref idref="fl-19"/>
      </object_component>
      <object_component id="oc-52">
         <name>.text:Interrupt_disableMaster</name>
         <load_address>0x2df8</load_address>
         <run_address>0x2df8</run_address>
         <size>0x10</size>
         <input_file_ref idref="fl-1e"/>
      </object_component>
      <object_component id="oc-277">
         <name>.text:Interrupt_enableMaster</name>
         <load_address>0x2e08</load_address>
         <run_address>0x2e08</run_address>
         <size>0x10</size>
         <input_file_ref idref="fl-1e"/>
      </object_component>
      <object_component id="oc-56d">
         <name>.text:PowerMSP432_getNumPerfLevels</name>
         <load_address>0x2e18</load_address>
         <run_address>0x2e18</run_address>
         <size>0x10</size>
         <input_file_ref idref="fl-10"/>
      </object_component>
      <object_component id="oc-2d3">
         <name>.text:Power_disablePolicy</name>
         <load_address>0x2e28</load_address>
         <run_address>0x2e28</run_address>
         <size>0x10</size>
         <input_file_ref idref="fl-10"/>
      </object_component>
      <object_component id="oc-292">
         <name>.text:Power_enablePolicy</name>
         <load_address>0x2e38</load_address>
         <run_address>0x2e38</run_address>
         <size>0x10</size>
         <input_file_ref idref="fl-10"/>
      </object_component>
      <object_component id="oc-268">
         <name>.text:SemaphoreP_Params_init</name>
         <load_address>0x2e48</load_address>
         <run_address>0x2e48</run_address>
         <size>0x10</size>
         <input_file_ref idref="fl-15"/>
      </object_component>
      <object_component id="oc-4dc">
         <name>.text:SwiP_Params_init</name>
         <load_address>0x2e58</load_address>
         <run_address>0x2e58</run_address>
         <size>0x10</size>
         <input_file_ref idref="fl-1c"/>
      </object_component>
      <object_component id="oc-79c">
         <name>.text:SysCtl_getNMISourceStatus</name>
         <load_address>0x2e68</load_address>
         <run_address>0x2e68</run_address>
         <size>0x10</size>
         <input_file_ref idref="fl-1f"/>
      </object_component>
      <object_component id="oc-4e8">
         <name>.text:TimerP_Params_init</name>
         <load_address>0x2e78</load_address>
         <run_address>0x2e78</run_address>
         <size>0x10</size>
         <input_file_ref idref="fl-18"/>
      </object_component>
      <object_component id="oc-5bb">
         <name>.text:readBlockingTimeout</name>
         <load_address>0x2e88</load_address>
         <run_address>0x2e88</run_address>
         <size>0x10</size>
         <input_file_ref idref="fl-12"/>
      </object_component>
      <object_component id="oc-747">
         <name>.text:QueueP_empty</name>
         <load_address>0x2e98</load_address>
         <run_address>0x2e98</run_address>
         <size>0xe</size>
         <input_file_ref idref="fl-1b"/>
      </object_component>
      <object_component id="oc-38f">
         <name>.text:QueueP_remove</name>
         <load_address>0x2ea6</load_address>
         <run_address>0x2ea6</run_address>
         <size>0xe</size>
         <input_file_ref idref="fl-1b"/>
      </object_component>
      <object_component id="oc-1e6">
         <name>.text:SysTick_registerInterrupt</name>
         <load_address>0x2eb4</load_address>
         <run_address>0x2eb4</run_address>
         <size>0xe</size>
         <input_file_ref idref="fl-21"/>
      </object_component>
      <object_component id="oc-18">
         <name>.text:decompress:none:__TI_decompress_none</name>
         <load_address>0x2ec2</load_address>
         <run_address>0x2ec2</run_address>
         <size>0xe</size>
         <input_file_ref idref="fl-dc"/>
      </object_component>
      <object_component id="oc-96">
         <name>.text:CPU_cpsid</name>
         <load_address>0x2ed0</load_address>
         <run_address>0x2ed0</run_address>
         <size>0xc</size>
         <input_file_ref idref="fl-23"/>
      </object_component>
      <object_component id="oc-34c">
         <name>.text:CPU_cpsie</name>
         <load_address>0x2edc</load_address>
         <run_address>0x2edc</run_address>
         <size>0xc</size>
         <input_file_ref idref="fl-23"/>
      </object_component>
      <object_component id="oc-509">
         <name>.text:ClockP_doTick</name>
         <load_address>0x2ee8</load_address>
         <run_address>0x2ee8</run_address>
         <size>0xc</size>
         <input_file_ref idref="fl-17"/>
      </object_component>
      <object_component id="oc-763">
         <name>.text:Power_getConstraintMask</name>
         <load_address>0x2ef4</load_address>
         <run_address>0x2ef4</run_address>
         <size>0xc</size>
         <input_file_ref idref="fl-10"/>
      </object_component>
      <object_component id="oc-573">
         <name>.text:Power_getPerformanceLevel</name>
         <load_address>0x2f00</load_address>
         <run_address>0x2f00</run_address>
         <size>0xc</size>
         <input_file_ref idref="fl-10"/>
      </object_component>
      <object_component id="oc-4fa">
         <name>.text:TimerP_getFreq</name>
         <load_address>0x2f0c</load_address>
         <run_address>0x2f0c</run_address>
         <size>0xc</size>
         <input_file_ref idref="fl-18"/>
      </object_component>
      <object_component id="oc-4f4">
         <name>.text:TimerP_getMaxTicks</name>
         <load_address>0x2f18</load_address>
         <run_address>0x2f18</run_address>
         <size>0xc</size>
         <input_file_ref idref="fl-18"/>
      </object_component>
      <object_component id="oc-133">
         <name>.text:UART_write</name>
         <load_address>0x2f24</load_address>
         <run_address>0x2f24</run_address>
         <size>0xa</size>
         <input_file_ref idref="fl-11"/>
      </object_component>
      <object_component id="oc-1b6">
         <name>.text:HwiP_restore</name>
         <load_address>0x2f2e</load_address>
         <run_address>0x2f2e</run_address>
         <size>0x8</size>
         <input_file_ref idref="fl-19"/>
      </object_component>
      <object_component id="oc-32e">
         <name>.text:malloc</name>
         <load_address>0x2f36</load_address>
         <run_address>0x2f36</run_address>
         <size>0x8</size>
         <input_file_ref idref="fl-de"/>
      </object_component>
      <object_component id="oc-5b5">
         <name>.text:readSemCallback</name>
         <load_address>0x2f3e</load_address>
         <run_address>0x2f3e</run_address>
         <size>0x8</size>
         <input_file_ref idref="fl-12"/>
      </object_component>
      <object_component id="oc-688">
         <name>.text:txcptEnabledStatus</name>
         <load_address>0x2f46</load_address>
         <run_address>0x2f46</run_address>
         <size>0x8</size>
         <input_file_ref idref="fl-12"/>
      </object_component>
      <object_component id="oc-5af">
         <name>.text:writeSemCallback</name>
         <load_address>0x2f4e</load_address>
         <run_address>0x2f4e</run_address>
         <size>0x8</size>
         <input_file_ref idref="fl-12"/>
      </object_component>
      <object_component id="oc-730">
         <name>.text:ClockP_stop</name>
         <load_address>0x2f56</load_address>
         <run_address>0x2f56</run_address>
         <size>0x6</size>
         <input_file_ref idref="fl-17"/>
      </object_component>
      <object_component id="oc-4d6">
         <name>.text:QueueP_init</name>
         <load_address>0x2f5c</load_address>
         <run_address>0x2f5c</run_address>
         <size>0x6</size>
         <input_file_ref idref="fl-1b"/>
      </object_component>
      <object_component id="oc-298">
         <name>.text:ClockP_isActive</name>
         <load_address>0x2f62</load_address>
         <run_address>0x2f62</run_address>
         <size>0x4</size>
         <input_file_ref idref="fl-17"/>
      </object_component>
      <object_component id="oc-72a">
         <name>.text:ClockP_setTimeout</name>
         <load_address>0x2f66</load_address>
         <run_address>0x2f66</run_address>
         <size>0x4</size>
         <input_file_ref idref="fl-17"/>
      </object_component>
      <object_component id="oc-6f1">
         <name>.text:HwiP_post</name>
         <load_address>0x2f6a</load_address>
         <run_address>0x2f6a</run_address>
         <size>0x4</size>
         <input_file_ref idref="fl-19"/>
      </object_component>
      <object_component id="oc-6e4">
         <name>.text:QueueP_head</name>
         <load_address>0x2f6e</load_address>
         <run_address>0x2f6e</run_address>
         <size>0x4</size>
         <input_file_ref idref="fl-1b"/>
      </object_component>
      <object_component id="oc-6ea">
         <name>.text:QueueP_next</name>
         <load_address>0x2f72</load_address>
         <run_address>0x2f72</run_address>
         <size>0x4</size>
         <input_file_ref idref="fl-1b"/>
      </object_component>
      <object_component id="oc-1bc">
         <name>.text:SemaphoreP_delete</name>
         <load_address>0x2f76</load_address>
         <run_address>0x2f76</run_address>
         <size>0x4</size>
         <input_file_ref idref="fl-15"/>
      </object_component>
      <object_component id="oc-603">
         <name>.text:TimerP_setPeriod</name>
         <load_address>0x2f7a</load_address>
         <run_address>0x2f7a</run_address>
         <size>0x4</size>
         <input_file_ref idref="fl-18"/>
      </object_component>
      <object_component id="oc-f0">
         <name>.text:_system_pre_init</name>
         <load_address>0x2f7e</load_address>
         <run_address>0x2f7e</run_address>
         <size>0x4</size>
         <input_file_ref idref="fl-e3"/>
      </object_component>
      <object_component id="oc-14c">
         <name>.text:abort:abort</name>
         <load_address>0x2f82</load_address>
         <run_address>0x2f82</run_address>
         <size>0x4</size>
         <input_file_ref idref="fl-e5"/>
      </object_component>
      <object_component id="oc-66">
         <name>.text:defaultISR</name>
         <load_address>0x2f86</load_address>
         <run_address>0x2f86</run_address>
         <size>0x2</size>
         <input_file_ref idref="fl-1a"/>
      </object_component>
      <object_component id="oc-60">
         <name>.text:faultISR</name>
         <load_address>0x2f88</load_address>
         <run_address>0x2f88</run_address>
         <size>0x2</size>
         <input_file_ref idref="fl-1a"/>
      </object_component>
      <object_component id="oc-5a">
         <name>.text:nmiISR</name>
         <load_address>0x2f8a</load_address>
         <run_address>0x2f8a</run_address>
         <size>0x2</size>
         <input_file_ref idref="fl-1a"/>
      </object_component>
      <object_component id="oc-51d">
         <name>.text</name>
         <load_address>0x2f8c</load_address>
         <run_address>0x2f8c</run_address>
         <size>0x2</size>
         <input_file_ref idref="fl-e0"/>
      </object_component>
      <object_component id="oc-52c">
         <name>.const:g_pulRegs</name>
         <load_address>0x2f90</load_address>
         <run_address>0x2f90</run_address>
         <size>0x50</size>
         <input_file_ref idref="fl-1e"/>
      </object_component>
      <object_component id="oc-4c6">
         <name>.const:uartMSP432Baudrates</name>
         <load_address>0x2fe0</load_address>
         <run_address>0x2fe0</run_address>
         <size>0x40</size>
         <input_file_ref idref="fl-3"/>
      </object_component>
      <object_component id="oc-65d">
         <name>.const:PowerMSP432_config</name>
         <load_address>0x3020</load_address>
         <run_address>0x3020</run_address>
         <size>0x38</size>
         <input_file_ref idref="fl-3"/>
      </object_component>
      <object_component id="oc-3dc">
         <name>.const:uartMSP432HWAttrs</name>
         <load_address>0x3058</load_address>
         <run_address>0x3058</run_address>
         <size>0x2c</size>
         <input_file_ref idref="fl-3"/>
      </object_component>
      <object_component id="oc-3d8">
         <name>.const:UARTMSP432_fxnTable</name>
         <load_address>0x3084</load_address>
         <run_address>0x3084</run_address>
         <size>0x28</size>
         <input_file_ref idref="fl-12"/>
      </object_component>
      <object_component id="oc-2fb">
         <name>.const:UART_defaultParams</name>
         <load_address>0x30ac</load_address>
         <run_address>0x30ac</run_address>
         <size>0x24</size>
         <input_file_ref idref="fl-11"/>
      </object_component>
      <object_component id="oc-5c1">
         <name>.const:staticFxnTable</name>
         <load_address>0x30d0</load_address>
         <run_address>0x30d0</run_address>
         <size>0x20</size>
         <input_file_ref idref="fl-12"/>
      </object_component>
      <object_component id="oc-148">
         <name>.const:.string:echoPrompt</name>
         <load_address>0x30f0</load_address>
         <run_address>0x30f0</run_address>
         <size>0x16</size>
         <input_file_ref idref="fl-2"/>
      </object_component>
      <object_component id="oc-2f4">
         <name>.const</name>
         <load_address>0x3106</load_address>
         <run_address>0x3106</run_address>
         <size>0x1</size>
         <input_file_ref idref="fl-3"/>
      </object_component>
      <object_component id="oc-1de">
         <name>.const:GPIOMSP432_config</name>
         <load_address>0x3108</load_address>
         <run_address>0x3108</run_address>
         <size>0x14</size>
         <input_file_ref idref="fl-3"/>
      </object_component>
      <object_component id="oc-5e1">
         <name>.const:SwiP_defaultParams</name>
         <load_address>0x311c</load_address>
         <run_address>0x311c</run_address>
         <size>0x10</size>
         <input_file_ref idref="fl-1c"/>
      </object_component>
      <object_component id="oc-2f7">
         <name>.const:UART_config</name>
         <load_address>0x312c</load_address>
         <run_address>0x312c</run_address>
         <size>0xc</size>
         <input_file_ref idref="fl-3"/>
      </object_component>
      <object_component id="oc-6f8">
         <name>.const:g_pulDisRegs</name>
         <load_address>0x3138</load_address>
         <run_address>0x3138</run_address>
         <size>0x8</size>
         <input_file_ref idref="fl-1e"/>
      </object_component>
      <object_component id="oc-530">
         <name>.const:g_pulEnRegs</name>
         <load_address>0x3140</load_address>
         <run_address>0x3140</run_address>
         <size>0x8</size>
         <input_file_ref idref="fl-1e"/>
      </object_component>
      <object_component id="oc-77e">
         <name>.const:g_pulPendRegs</name>
         <load_address>0x3148</load_address>
         <run_address>0x3148</run_address>
         <size>0x8</size>
         <input_file_ref idref="fl-1e"/>
      </object_component>
      <object_component id="oc-2c8">
         <name>.const:.string:interruptType</name>
         <load_address>0x3150</load_address>
         <run_address>0x3150</run_address>
         <size>0x6</size>
         <input_file_ref idref="fl-f"/>
      </object_component>
      <object_component id="oc-2bf">
         <name>.const:.string:portInterruptIds</name>
         <load_address>0x3156</load_address>
         <run_address>0x3156</run_address>
         <size>0x6</size>
         <input_file_ref idref="fl-f"/>
      </object_component>
      <object_component id="oc-680">
         <name>.const:.string:parityTypes</name>
         <load_address>0x315c</load_address>
         <run_address>0x315c</run_address>
         <size>0x5</size>
         <input_file_ref idref="fl-12"/>
      </object_component>
      <object_component id="oc-683">
         <name>.const:stopBits</name>
         <load_address>0x3162</load_address>
         <run_address>0x3162</run_address>
         <size>0x4</size>
         <input_file_ref idref="fl-12"/>
      </object_component>
      <object_component id="oc-7d3">
         <name>.cinit..data.load</name>
         <load_address>0x3168</load_address>
         <run_address>0x3168</run_address>
         <size>0x88</size>
      </object_component>
      <object_component id="oc-7d1">
         <name>__TI_handler_table</name>
         <load_address>0x31f0</load_address>
         <run_address>0x31f0</run_address>
         <size>0xc</size>
      </object_component>
      <object_component id="oc-7d4">
         <name>.cinit..bss.load</name>
         <load_address>0x3200</load_address>
         <run_address>0x3200</run_address>
         <size>0x8</size>
      </object_component>
      <object_component id="oc-7d5">
         <name>.cinit..vtable.load</name>
         <load_address>0x3208</load_address>
         <run_address>0x3208</run_address>
         <size>0x8</size>
      </object_component>
      <object_component id="oc-7d2">
         <name>__TI_cinit_table</name>
         <load_address>0x3210</load_address>
         <run_address>0x3210</run_address>
         <size>0x18</size>
      </object_component>
      <object_component id="oc-208">
         <name>.data</name>
         <load_address>0x200082ac</load_address>
         <run_address>0x200082ac</run_address>
         <size>0x14</size>
         <input_file_ref idref="fl-2"/>
      </object_component>
      <object_component id="oc-2dc">
         <name>.data:gpioPinConfigs</name>
         <load_address>0x20008304</load_address>
         <run_address>0x20008304</run_address>
         <size>0x4</size>
         <input_file_ref idref="fl-3"/>
      </object_component>
      <object_component id="oc-2df">
         <name>.data:gpioCallbackFunctions</name>
         <load_address>0x20008300</load_address>
         <run_address>0x20008300</run_address>
         <size>0x4</size>
         <input_file_ref idref="fl-3"/>
      </object_component>
      <object_component id="oc-1db">
         <name>.data</name>
         <load_address>0x2000830b</load_address>
         <run_address>0x2000830b</run_address>
         <size>0x2</size>
         <input_file_ref idref="fl-f"/>
      </object_component>
      <object_component id="oc-38a">
         <name>.data:PowerMSP432_module</name>
         <load_address>0x20008280</load_address>
         <run_address>0x20008280</run_address>
         <size>0x2c</size>
         <input_file_ref idref="fl-10"/>
      </object_component>
      <object_component id="oc-662">
         <name>.data:PowerMSP432_perfLevels</name>
         <load_address>0x20008140</load_address>
         <run_address>0x20008140</run_address>
         <size>0x140</size>
         <input_file_ref idref="fl-10"/>
      </object_component>
      <object_component id="oc-2f1">
         <name>.data</name>
         <load_address>0x2000830d</load_address>
         <run_address>0x2000830d</run_address>
         <size>0x1</size>
         <input_file_ref idref="fl-11"/>
      </object_component>
      <object_component id="oc-2aa">
         <name>.data</name>
         <load_address>0x20008308</load_address>
         <run_address>0x20008308</run_address>
         <size>0x3</size>
         <input_file_ref idref="fl-15"/>
      </object_component>
      <object_component id="oc-32a">
         <name>.data:SemaphoreP_defaultParams</name>
         <load_address>0x200082e8</load_address>
         <run_address>0x200082e8</run_address>
         <size>0x8</size>
         <input_file_ref idref="fl-15"/>
      </object_component>
      <object_component id="oc-500">
         <name>.data</name>
         <load_address>0x200082f0</load_address>
         <run_address>0x200082f0</run_address>
         <size>0x8</size>
         <input_file_ref idref="fl-17"/>
      </object_component>
      <object_component id="oc-66e">
         <name>.data:ClockP_defaultParams</name>
         <load_address>0x200082c0</load_address>
         <run_address>0x200082c0</run_address>
         <size>0xc</size>
         <input_file_ref idref="fl-17"/>
      </object_component>
      <object_component id="oc-60f">
         <name>.data</name>
         <load_address>0x2000830f</load_address>
         <run_address>0x2000830f</run_address>
         <size>0x1</size>
         <input_file_ref idref="fl-18"/>
      </object_component>
      <object_component id="oc-5f9">
         <name>.data:TimerP_defaultParams</name>
         <load_address>0x200082cc</load_address>
         <run_address>0x200082cc</run_address>
         <size>0xc</size>
         <input_file_ref idref="fl-18"/>
      </object_component>
      <object_component id="oc-46b">
         <name>.data:HwiP_dispatchTable</name>
         <load_address>0x20008000</load_address>
         <run_address>0x20008000</run_address>
         <size>0x140</size>
         <input_file_ref idref="fl-19"/>
      </object_component>
      <object_component id="oc-468">
         <name>.data</name>
         <load_address>0x200082f8</load_address>
         <run_address>0x200082f8</run_address>
         <size>0x8</size>
         <input_file_ref idref="fl-19"/>
      </object_component>
      <object_component id="oc-5e6">
         <name>.data</name>
         <load_address>0x2000830e</load_address>
         <run_address>0x2000830e</run_address>
         <size>0x1</size>
         <input_file_ref idref="fl-1c"/>
      </object_component>
      <object_component id="oc-409">
         <name>.data:$O1$$</name>
         <load_address>0x200082e0</load_address>
         <run_address>0x200082e0</run_address>
         <size>0x8</size>
         <input_file_ref idref="fl-de"/>
      </object_component>
      <object_component id="oc-24c">
         <name>.data:$O1$$</name>
         <load_address>0x200082d8</load_address>
         <run_address>0x200082d8</run_address>
         <size>0x8</size>
         <input_file_ref idref="fl-e6"/>
      </object_component>
      <object_component id="oc-4c9">
         <name>.bss:uartMSP432RingBuffer0</name>
         <uninitialized>true</uninitialized>
         <run_address>0x20008524</run_address>
         <size>0x20</size>
         <input_file_ref idref="fl-3"/>
      </object_component>
      <object_component id="oc-1e1">
         <name>.bss:gpioCallbackInfo</name>
         <uninitialized>true</uninitialized>
         <run_address>0x200084b0</run_address>
         <size>0x30</size>
         <input_file_ref idref="fl-f"/>
      </object_component>
      <object_component id="oc-1da">
         <name>.bss</name>
         <uninitialized>true</uninitialized>
         <run_address>0x20008594</run_address>
         <size>0x4</size>
         <input_file_ref idref="fl-f"/>
      </object_component>
      <object_component id="oc-372">
         <name>.bss:ClockP_module</name>
         <uninitialized>true</uninitialized>
         <run_address>0x20008310</run_address>
         <size>0xa0</size>
         <input_file_ref idref="fl-17"/>
      </object_component>
      <object_component id="oc-50f">
         <name>.bss:timerFreq</name>
         <uninitialized>true</uninitialized>
         <run_address>0x2000858c</run_address>
         <size>0x8</size>
         <input_file_ref idref="fl-17"/>
      </object_component>
      <object_component id="oc-512">
         <name>.bss</name>
         <uninitialized>true</uninitialized>
         <run_address>0x20008598</run_address>
         <size>0x4</size>
         <input_file_ref idref="fl-17"/>
      </object_component>
      <object_component id="oc-61b">
         <name>.bss</name>
         <uninitialized>true</uninitialized>
         <run_address>0x2000859c</run_address>
         <size>0x4</size>
         <input_file_ref idref="fl-18"/>
      </object_component>
      <object_component id="oc-612">
         <name>.bss:TimerP_hwiStruct</name>
         <uninitialized>true</uninitialized>
         <run_address>0x20008560</run_address>
         <size>0x1c</size>
         <input_file_ref idref="fl-18"/>
      </object_component>
      <object_component id="oc-5ec">
         <name>.bss</name>
         <uninitialized>true</uninitialized>
         <run_address>0x2000857c</run_address>
         <size>0xd</size>
         <input_file_ref idref="fl-1c"/>
      </object_component>
      <object_component id="oc-5ef">
         <name>.bss:SwiP_hwiStruct</name>
         <uninitialized>true</uninitialized>
         <run_address>0x20008544</run_address>
         <size>0x1c</size>
         <input_file_ref idref="fl-1c"/>
      </object_component>
      <object_component id="oc-5e9">
         <name>.bss:SwiP_readyList</name>
         <uninitialized>true</uninitialized>
         <run_address>0x20008504</run_address>
         <size>0x20</size>
         <input_file_ref idref="fl-1c"/>
      </object_component>
      <object_component id="oc-207">
         <name>.common:last_runtime</name>
         <uninitialized>true</uninitialized>
         <run_address>0x200085a0</run_address>
         <size>0x4</size>
      </object_component>
      <object_component id="oc-145">
         <name>.common:uart</name>
         <uninitialized>true</uninitialized>
         <run_address>0x200085a4</run_address>
         <size>0x4</size>
      </object_component>
      <object_component id="oc-205">
         <name>.common:uartParams</name>
         <uninitialized>true</uninitialized>
         <run_address>0x200084e0</run_address>
         <size>0x24</size>
      </object_component>
      <object_component id="oc-20c">
         <name>.common:tasks</name>
         <uninitialized>true</uninitialized>
         <run_address>0x200083b0</run_address>
         <size>0x80</size>
      </object_component>
      <object_component id="oc-3db">
         <name>.common:uartMSP432Objects</name>
         <uninitialized>true</uninitialized>
         <run_address>0x20008430</run_address>
         <size>0x80</size>
      </object_component>
      <object_component id="oc-29">
         <name>.sysmem</name>
         <uninitialized>true</uninitialized>
         <run_address>0x20000000</run_address>
         <size>0x10</size>
         <input_file_ref idref="fl-de"/>
      </object_component>
      <object_component id="oc-7d8">
         <name>.sysmem</name>
         <uninitialized>true</uninitialized>
         <run_address>0x20000000</run_address>
         <size>0x0</size>
      </object_component>
      <object_component id="oc-2c">
         <name>.stack</name>
         <uninitialized>true</uninitialized>
         <run_address>0x2000f000</run_address>
         <size>0x4</size>
         <input_file_ref idref="fl-df"/>
      </object_component>
      <object_component id="oc-7d7">
         <name>.stack</name>
         <uninitialized>true</uninitialized>
         <run_address>0x2000f000</run_address>
         <size>0x0</size>
      </object_component>
      <object_component id="oc-26">
         <name>.intvecs:retain</name>
         <load_address>0x0</load_address>
         <run_address>0x0</run_address>
         <size>0x144</size>
         <input_file_ref idref="fl-1a"/>
      </object_component>
      <object_component id="oc-3c8">
         <name>.vtable</name>
         <uninitialized>true</uninitialized>
         <run_address>0x20008800</run_address>
         <size>0xe8</size>
         <input_file_ref idref="fl-1e"/>
      </object_component>
      <object_component id="oc-146">
         <name>.debug_info</name>
         <load_address>0x0</load_address>
         <run_address>0x0</run_address>
         <size>0x8f4</size>
         <input_file_ref idref="fl-2"/>
      </object_component>
      <object_component id="oc-209">
         <name>.debug_info</name>
         <load_address>0x8f4</load_address>
         <run_address>0x8f4</run_address>
         <size>0x1c3</size>
         <input_file_ref idref="fl-2"/>
      </object_component>
      <object_component id="oc-149">
         <name>.debug_info</name>
         <load_address>0xab7</load_address>
         <run_address>0xab7</run_address>
         <size>0x12b</size>
         <input_file_ref idref="fl-2"/>
      </object_component>
      <object_component id="oc-122">
         <name>.debug_info</name>
         <load_address>0xbe2</load_address>
         <run_address>0xbe2</run_address>
         <size>0x196</size>
         <input_file_ref idref="fl-2"/>
      </object_component>
      <object_component id="oc-116">
         <name>.debug_info</name>
         <load_address>0xd78</load_address>
         <run_address>0xd78</run_address>
         <size>0x1d1</size>
         <input_file_ref idref="fl-2"/>
      </object_component>
      <object_component id="oc-11c">
         <name>.debug_info</name>
         <load_address>0xf49</load_address>
         <run_address>0xf49</run_address>
         <size>0x1a1</size>
         <input_file_ref idref="fl-2"/>
      </object_component>
      <object_component id="oc-1ed">
         <name>.debug_info</name>
         <load_address>0x10ea</load_address>
         <run_address>0x10ea</run_address>
         <size>0x170</size>
         <input_file_ref idref="fl-2"/>
      </object_component>
      <object_component id="oc-128">
         <name>.debug_info</name>
         <load_address>0x125a</load_address>
         <run_address>0x125a</run_address>
         <size>0x167</size>
         <input_file_ref idref="fl-2"/>
      </object_component>
      <object_component id="oc-12e">
         <name>.debug_info</name>
         <load_address>0x13c1</load_address>
         <run_address>0x13c1</run_address>
         <size>0x1bf</size>
         <input_file_ref idref="fl-2"/>
      </object_component>
      <object_component id="oc-13a">
         <name>.debug_info</name>
         <load_address>0x1580</load_address>
         <run_address>0x1580</run_address>
         <size>0x164</size>
         <input_file_ref idref="fl-2"/>
      </object_component>
      <object_component id="oc-140">
         <name>.debug_info</name>
         <load_address>0x16e4</load_address>
         <run_address>0x16e4</run_address>
         <size>0x166</size>
         <input_file_ref idref="fl-2"/>
      </object_component>
      <object_component id="oc-f7">
         <name>.debug_info</name>
         <load_address>0x184a</load_address>
         <run_address>0x184a</run_address>
         <size>0x1f0</size>
         <input_file_ref idref="fl-2"/>
      </object_component>
      <object_component id="oc-223">
         <name>.debug_info</name>
         <load_address>0x1a3a</load_address>
         <run_address>0x1a3a</run_address>
         <size>0x4cf</size>
         <input_file_ref idref="fl-2"/>
      </object_component>
      <object_component id="oc-22d">
         <name>.debug_info</name>
         <load_address>0x1f09</load_address>
         <run_address>0x1f09</run_address>
         <size>0x2a9</size>
         <input_file_ref idref="fl-2"/>
      </object_component>
      <object_component id="oc-20e">
         <name>.debug_info</name>
         <load_address>0x21b2</load_address>
         <run_address>0x21b2</run_address>
         <size>0x93</size>
         <input_file_ref idref="fl-2"/>
      </object_component>
      <object_component id="oc-241">
         <name>.debug_info</name>
         <load_address>0x2245</load_address>
         <run_address>0x2245</run_address>
         <size>0x26b</size>
         <input_file_ref idref="fl-2"/>
      </object_component>
      <object_component id="oc-232">
         <name>.debug_info</name>
         <load_address>0x24b0</load_address>
         <run_address>0x24b0</run_address>
         <size>0x1028</size>
         <input_file_ref idref="fl-2"/>
      </object_component>
      <object_component id="oc-228">
         <name>.debug_info</name>
         <load_address>0x34d8</load_address>
         <run_address>0x34d8</run_address>
         <size>0x37e2</size>
         <input_file_ref idref="fl-2"/>
      </object_component>
      <object_component id="oc-9d">
         <name>.debug_info</name>
         <load_address>0x6cba</load_address>
         <run_address>0x6cba</run_address>
         <size>0x8b</size>
         <input_file_ref idref="fl-2"/>
      </object_component>
      <object_component id="oc-3c3">
         <name>.debug_info</name>
         <load_address>0x6d45</load_address>
         <run_address>0x6d45</run_address>
         <size>0x3b</size>
         <input_file_ref idref="fl-2"/>
      </object_component>
      <object_component id="oc-304">
         <name>.debug_info</name>
         <load_address>0x6d80</load_address>
         <run_address>0x6d80</run_address>
         <size>0x2a4</size>
         <input_file_ref idref="fl-2"/>
      </object_component>
      <object_component id="oc-237">
         <name>.debug_info</name>
         <load_address>0x7024</load_address>
         <run_address>0x7024</run_address>
         <size>0xef</size>
         <input_file_ref idref="fl-2"/>
      </object_component>
      <object_component id="oc-23c">
         <name>.debug_info</name>
         <load_address>0x7113</load_address>
         <run_address>0x7113</run_address>
         <size>0xbb</size>
         <input_file_ref idref="fl-2"/>
      </object_component>
      <object_component id="oc-21a">
         <name>.debug_info</name>
         <load_address>0x71ce</load_address>
         <run_address>0x71ce</run_address>
         <size>0x53</size>
         <input_file_ref idref="fl-2"/>
      </object_component>
      <object_component id="oc-2e4">
         <name>.debug_info</name>
         <load_address>0x7221</load_address>
         <run_address>0x7221</run_address>
         <size>0x8c7</size>
         <input_file_ref idref="fl-3"/>
      </object_component>
      <object_component id="oc-2dd">
         <name>.debug_info</name>
         <load_address>0x7ae8</load_address>
         <run_address>0x7ae8</run_address>
         <size>0x13f</size>
         <input_file_ref idref="fl-3"/>
      </object_component>
      <object_component id="oc-2e0">
         <name>.debug_info</name>
         <load_address>0x7c27</load_address>
         <run_address>0x7c27</run_address>
         <size>0x14d</size>
         <input_file_ref idref="fl-3"/>
      </object_component>
      <object_component id="oc-1df">
         <name>.debug_info</name>
         <load_address>0x7d74</load_address>
         <run_address>0x7d74</run_address>
         <size>0x145</size>
         <input_file_ref idref="fl-3"/>
      </object_component>
      <object_component id="oc-65e">
         <name>.debug_info</name>
         <load_address>0x7eb9</load_address>
         <run_address>0x7eb9</run_address>
         <size>0x147</size>
         <input_file_ref idref="fl-3"/>
      </object_component>
      <object_component id="oc-4c7">
         <name>.debug_info</name>
         <load_address>0x8000</load_address>
         <run_address>0x8000</run_address>
         <size>0x148</size>
         <input_file_ref idref="fl-3"/>
      </object_component>
      <object_component id="oc-4ca">
         <name>.debug_info</name>
         <load_address>0x8148</load_address>
         <run_address>0x8148</run_address>
         <size>0x14c</size>
         <input_file_ref idref="fl-3"/>
      </object_component>
      <object_component id="oc-3dd">
         <name>.debug_info</name>
         <load_address>0x8294</load_address>
         <run_address>0x8294</run_address>
         <size>0x144</size>
         <input_file_ref idref="fl-3"/>
      </object_component>
      <object_component id="oc-2f8">
         <name>.debug_info</name>
         <load_address>0x83d8</load_address>
         <run_address>0x83d8</run_address>
         <size>0x139</size>
         <input_file_ref idref="fl-3"/>
      </object_component>
      <object_component id="oc-2f5">
         <name>.debug_info</name>
         <load_address>0x8511</load_address>
         <run_address>0x8511</run_address>
         <size>0x137</size>
         <input_file_ref idref="fl-3"/>
      </object_component>
      <object_component id="oc-47e">
         <name>.debug_info</name>
         <load_address>0x8648</load_address>
         <run_address>0x8648</run_address>
         <size>0x100</size>
         <input_file_ref idref="fl-3"/>
      </object_component>
      <object_component id="oc-479">
         <name>.debug_info</name>
         <load_address>0x8748</load_address>
         <run_address>0x8748</run_address>
         <size>0x137</size>
         <input_file_ref idref="fl-3"/>
      </object_component>
      <object_component id="oc-474">
         <name>.debug_info</name>
         <load_address>0x887f</load_address>
         <run_address>0x887f</run_address>
         <size>0xf8</size>
         <input_file_ref idref="fl-3"/>
      </object_component>
      <object_component id="oc-3af">
         <name>.debug_info</name>
         <load_address>0x8977</load_address>
         <run_address>0x8977</run_address>
         <size>0x9a</size>
         <input_file_ref idref="fl-3"/>
      </object_component>
      <object_component id="oc-3b4">
         <name>.debug_info</name>
         <load_address>0x8a11</load_address>
         <run_address>0x8a11</run_address>
         <size>0x4dc</size>
         <input_file_ref idref="fl-3"/>
      </object_component>
      <object_component id="oc-3be">
         <name>.debug_info</name>
         <load_address>0x8eed</load_address>
         <run_address>0x8eed</run_address>
         <size>0x59f</size>
         <input_file_ref idref="fl-3"/>
      </object_component>
      <object_component id="oc-3b9">
         <name>.debug_info</name>
         <load_address>0x948c</load_address>
         <run_address>0x948c</run_address>
         <size>0xbb</size>
[...]
      </symbol>
      <symbol id="sm-35c">
         <name>UART_write</name>
         <value>0x2f25</value>
         <object_component_ref idref="oc-133"/>
      </symbol>
      <symbol id="sm-35d">
         <name>UART_init</name>
         <value>0x2635</value>
         <object_component_ref idref="oc-1f3"/>
      </symbol>
      <symbol id="sm-4f6">
         <name>UARTMSP432_hwiIntFxn</name>
         <value>0xee5</value>
         <object_component_ref idref="oc-5a9"/>
      </symbol>
      <symbol id="sm-4f7">
         <name>UARTMSP432_open</name>
         <value>0x43d</value>
         <object_component_ref idref="oc-49a"/>
      </symbol>
      <symbol id="sm-4f8">
         <name>UARTMSP432_read</name>
         <value>0x273d</value>
         <object_component_ref idref="oc-4a0"/>
      </symbol>
      <symbol id="sm-4f9">
         <name>UARTMSP432_readCancel</name>
         <value>0x28e5</value>
         <object_component_ref idref="oc-4ac"/>
      </symbol>
      <symbol id="sm-4fa">
         <name>UARTMSP432_readPolling</name>
         <value>0xc5d</value>
         <object_component_ref idref="oc-4a6"/>
      </symbol>
      <symbol id="sm-4fb">
         <name>UARTMSP432_init</name>
         <value>0x2567</value>
         <object_component_ref idref="oc-494"/>
      </symbol>
      <symbol id="sm-4fc">
         <name>UARTMSP432_writePolling</name>
         <value>0x1289</value>
         <object_component_ref idref="oc-4b8"/>
      </symbol>
      <symbol id="sm-4fd">
         <name>UARTMSP432_write</name>
         <value>0x1495</value>
         <object_component_ref idref="oc-4b2"/>
      </symbol>
      <symbol id="sm-4fe">
         <name>UARTMSP432_fxnTable</name>
         <value>0x3084</value>
         <object_component_ref idref="oc-3d8"/>
      </symbol>
      <symbol id="sm-4ff">
         <name>UARTMSP432_control</name>
         <value>0x11d5</value>
         <object_component_ref idref="oc-48e"/>
      </symbol>
      <symbol id="sm-500">
         <name>UARTMSP432_close</name>
         <value>0x18f3</value>
         <object_component_ref idref="oc-488"/>
      </symbol>
      <symbol id="sm-501">
         <name>UARTMSP432_writeCancel</name>
         <value>0x1d91</value>
         <object_component_ref idref="oc-4be"/>
      </symbol>
      <symbol id="sm-519">
         <name>List_remove</name>
         <value>0x2a9b</value>
         <object_component_ref idref="oc-652"/>
      </symbol>
      <symbol id="sm-51a">
         <name>List_put</name>
         <value>0x2a75</value>
         <object_component_ref idref="oc-667"/>
      </symbol>
      <symbol id="sm-541">
         <name>RingBuf_put</name>
         <value>0x2521</value>
         <object_component_ref idref="oc-723"/>
      </symbol>
      <symbol id="sm-542">
         <name>RingBuf_construct</name>
         <value>0x2db7</value>
         <object_component_ref idref="oc-597"/>
      </symbol>
      <symbol id="sm-543">
         <name>RingBuf_peek</name>
         <value>0x2b8d</value>
         <object_component_ref idref="oc-559"/>
      </symbol>
      <symbol id="sm-544">
         <name>RingBuf_get</name>
         <value>0x26bd</value>
         <object_component_ref idref="oc-5ca"/>
      </symbol>
      <symbol id="sm-5be">
         <name>SemaphoreP_defaultParams</name>
         <value>0x200082e8</value>
         <object_component_ref idref="oc-32a"/>
      </symbol>
      <symbol id="sm-5bf">
         <name>SemaphoreP_construct</name>
         <value>0x2365</value>
         <object_component_ref idref="oc-334"/>
      </symbol>
      <symbol id="sm-5c0">
         <name>SemaphoreP_create</name>
         <value>0x2d15</value>
         <object_component_ref idref="oc-26e"/>
      </symbol>
      <symbol id="sm-5c1">
         <name>SemaphoreP_post</name>
         <value>0x2569</value>
         <object_component_ref idref="oc-1d4"/>
      </symbol>
      <symbol id="sm-5c2">
         <name>SemaphoreP_pend</name>
         <value>0x15e5</value>
         <object_component_ref idref="oc-1c2"/>
      </symbol>
      <symbol id="sm-5c3">
         <name>SemaphoreP_delete</name>
         <value>0x2f77</value>
         <object_component_ref idref="oc-1bc"/>
      </symbol>
      <symbol id="sm-5c4">
         <name>SemaphoreP_createBinary</name>
         <value>0x2c51</value>
         <object_component_ref idref="oc-1aa"/>
      </symbol>
      <symbol id="sm-5c5">
         <name>SemaphoreP_Params_init</name>
         <value>0x2e49</value>
         <object_component_ref idref="oc-268"/>
      </symbol>
      <symbol id="sm-5c6">
         <name>clkFxn</name>
         <value>0x2c9b</value>
         <object_component_ref idref="oc-2a4"/>
      </symbol>
      <symbol id="sm-5e7">
         <name>PowerMSP432_initPolicy</name>
         <value>0x1aa3</value>
         <object_component_ref idref="oc-707"/>
      </symbol>
      <symbol id="sm-5e8">
         <name>PowerMSP432_sleepPolicy</name>
         <value>0x2449</value>
         <object_component_ref idref="oc-70d"/>
      </symbol>
      <symbol id="sm-6ce">
         <name>ClockP_delete</name>
         <value>0x2dd9</value>
         <object_component_ref idref="oc-546"/>
      </symbol>
      <symbol id="sm-6cf">
         <name>ClockP_doTick</name>
         <value>0x2ee9</value>
         <object_component_ref idref="oc-509"/>
      </symbol>
      <symbol id="sm-6d0">
         <name>ClockP_setTimeout</name>
         <value>0x2f67</value>
         <object_component_ref idref="oc-72a"/>
      </symbol>
      <symbol id="sm-6d1">
         <name>ClockP_startup</name>
         <value>0x1121</value>
         <object_component_ref idref="oc-401"/>
      </symbol>
      <symbol id="sm-6d2">
         <name>ClockP_stop</name>
         <value>0x2f57</value>
         <object_component_ref idref="oc-730"/>
      </symbol>
      <symbol id="sm-6d3">
         <name>ClockP_construct</name>
         <value>0x2401</value>
         <object_component_ref idref="oc-672"/>
      </symbol>
      <symbol id="sm-6d4">
         <name>ClockP_scheduleNextTick</name>
         <value>0x2ae5</value>
         <object_component_ref idref="oc-37d"/>
      </symbol>
      <symbol id="sm-6d5">
         <name>ClockP_tickPeriod</name>
         <value>0x200082f4</value>
         <object_component_ref idref="oc-500"/>
      </symbol>
      <symbol id="sm-6d6">
         <name>ClockP_create</name>
         <value>0x2c1d</value>
         <object_component_ref idref="oc-591"/>
      </symbol>
      <symbol id="sm-6d7">
         <name>ClockP_Params_init</name>
         <value>0x2dc9</value>
         <object_component_ref idref="oc-58b"/>
      </symbol>
      <symbol id="sm-6d8">
         <name>ClockP_workFuncDynamic</name>
         <value>0x133d</value>
         <object_component_ref idref="oc-503"/>
      </symbol>
      <symbol id="sm-6d9">
         <name>ClockP_walkQueueDynamic</name>
         <value>0x1ca9</value>
         <object_component_ref idref="oc-623"/>
      </symbol>
      <symbol id="sm-6da">
         <name>ClockP_destruct</name>
         <value>0x2c6b</value>
         <object_component_ref idref="oc-29e"/>
      </symbol>
      <symbol id="sm-6db">
         <name>ClockP_start</name>
         <value>0x1b29</value>
         <object_component_ref idref="oc-28c"/>
      </symbol>
      <symbol id="sm-6dc">
         <name>ClockP_isActive</name>
         <value>0x2f63</value>
         <object_component_ref idref="oc-298"/>
      </symbol>
      <symbol id="sm-6dd">
         <name>ClockP_getTicks</name>
         <value>0x2ac1</value>
         <object_component_ref idref="oc-383"/>
      </symbol>
      <symbol id="sm-6de">
         <name>ClockP_add</name>
         <value>0x2b2d</value>
         <object_component_ref idref="oc-286"/>
      </symbol>
      <symbol id="sm-774">
         <name>TimerP_setNextTick</name>
         <value>0x26fd</value>
         <object_component_ref idref="oc-435"/>
      </symbol>
      <symbol id="sm-775">
         <name>TimerP_getCurrentTick</name>
         <value>0x1e71</value>
         <object_component_ref idref="oc-377"/>
      </symbol>
      <symbol id="sm-776">
         <name>TimerP_setPeriod</name>
         <value>0x2f7b</value>
         <object_component_ref idref="oc-603"/>
      </symbol>
      <symbol id="sm-777">
         <name>TimerP_dynamicStub</name>
         <value>0x2261</value>
         <object_component_ref idref="oc-615"/>
      </symbol>
      <symbol id="sm-778">
         <name>TimerP_getMaxTicks</name>
         <value>0x2f19</value>
         <object_component_ref idref="oc-4f4"/>
      </symbol>
      <symbol id="sm-779">
         <name>TimerP_construct</name>
         <value>0xb7d</value>
         <object_component_ref idref="oc-4ee"/>
      </symbol>
      <symbol id="sm-77a">
         <name>TimerP_getFreq</name>
         <value>0x2f0d</value>
         <object_component_ref idref="oc-4fa"/>
      </symbol>
      <symbol id="sm-77b">
         <name>TimerP_initDevice</name>
         <value>0x27fd</value>
         <object_component_ref idref="oc-5fd"/>
      </symbol>
      <symbol id="sm-77c">
         <name>TimerP_start</name>
         <value>0x25f1</value>
         <object_component_ref idref="oc-609"/>
      </symbol>
      <symbol id="sm-77d">
         <name>TimerP_Params_init</name>
         <value>0x2e79</value>
         <object_component_ref idref="oc-4e8"/>
      </symbol>
      <symbol id="sm-7ef">
         <name>HwiP_delete</name>
         <value>0x2c83</value>
         <object_component_ref idref="oc-540"/>
      </symbol>
      <symbol id="sm-7f0">
         <name>HwiP_construct</name>
         <value>0x1d21</value>
         <object_component_ref idref="oc-39b"/>
      </symbol>
      <symbol id="sm-7f1">
         <name>HwiP_inISR</name>
         <value>0x2c9d</value>
         <object_component_ref idref="oc-2cd"/>
      </symbol>
      <symbol id="sm-7f2">
         <name>HwiP_dispatch</name>
         <value>0x2b09</value>
         <object_component_ref idref="oc-462"/>
      </symbol>
      <symbol id="sm-7f3">
         <name>HwiP_swiPIntNum</name>
         <value>0x200082fc</value>
         <object_component_ref idref="oc-468"/>
      </symbol>
      <symbol id="sm-7f4">
         <name>HwiP_Params_init</name>
         <value>0x2da5</value>
         <object_component_ref idref="oc-2b3"/>
      </symbol>
      <symbol id="sm-7f5">
         <name>HwiP_disable</name>
         <value>0x2de9</value>
         <object_component_ref idref="oc-1b0"/>
      </symbol>
      <symbol id="sm-7f6">
         <name>HwiP_key</name>
         <value>0x200082f8</value>
         <object_component_ref idref="oc-468"/>
      </symbol>
      <symbol id="sm-7f7">
         <name>HwiP_create</name>
         <value>0x2981</value>
         <object_component_ref idref="oc-2b9"/>
      </symbol>
      <symbol id="sm-7f8">
         <name>HwiP_post</name>
         <value>0x2f6b</value>
         <object_component_ref idref="oc-6f1"/>
      </symbol>
      <symbol id="sm-7f9">
         <name>HwiP_restore</name>
         <value>0x2f2f</value>
         <object_component_ref idref="oc-1b6"/>
      </symbol>
      <symbol id="sm-836">
         <name>resetISR</name>
         <value>0x2cfd</value>
         <object_component_ref idref="oc-1f"/>
      </symbol>
      <symbol id="sm-837">
         <name>interruptVectors</name>
         <value>0x0</value>
         <object_component_ref idref="oc-26"/>
      </symbol>
      <symbol id="sm-874">
         <name>QueueP_next</name>
         <value>0x2f73</value>
         <object_component_ref idref="oc-6ea"/>
      </symbol>
      <symbol id="sm-875">
         <name>QueueP_put</name>
         <value>0x2b6d</value>
         <object_component_ref idref="oc-36c"/>
      </symbol>
      <symbol id="sm-876">
         <name>QueueP_remove</name>
         <value>0x2ea7</value>
         <object_component_ref idref="oc-38f"/>
      </symbol>
      <symbol id="sm-877">
         <name>QueueP_head</name>
         <value>0x2f6f</value>
         <object_component_ref idref="oc-6e4"/>
      </symbol>
      <symbol id="sm-878">
         <name>QueueP_init</name>
         <value>0x2f5d</value>
         <object_component_ref idref="oc-4d6"/>
      </symbol>
      <symbol id="sm-879">
         <name>QueueP_empty</name>
         <value>0x2e99</value>
         <object_component_ref idref="oc-747"/>
      </symbol>
      <symbol id="sm-87a">
         <name>QueueP_get</name>
         <value>0x2c37</value>
         <object_component_ref idref="oc-741"/>
      </symbol>
      <symbol id="sm-919">
         <name>SwiP_disable</name>
         <value>0x2bc9</value>
         <object_component_ref idref="oc-75d"/>
      </symbol>
      <symbol id="sm-91a">
         <name>SwiP_restore</name>
         <value>0x25ad</value>
         <object_component_ref idref="oc-76f"/>
      </symbol>
      <symbol id="sm-91b">
         <name>SwiP_construct</name>
         <value>0xd39</value>
         <object_component_ref idref="oc-4e2"/>
      </symbol>
      <symbol id="sm-91c">
         <name>SwiP_Params_init</name>
         <value>0x2e59</value>
         <object_component_ref idref="oc-4dc"/>
      </symbol>
      <symbol id="sm-91d">
         <name>SwiP_post</name>
         <value>0x2015</value>
         <object_component_ref idref="oc-62a"/>
      </symbol>
      <symbol id="sm-91e">
         <name>SwiP_dispatch</name>
         <value>0x1725</value>
         <object_component_ref idref="oc-6d1"/>
      </symbol>
      <symbol id="sm-9c2">
         <name>Interrupt_disableMaster</name>
         <value>0x2df9</value>
         <object_component_ref idref="oc-52"/>
      </symbol>
      <symbol id="sm-9c3">
         <name>Interrupt_disableInterrupt</name>
         <value>0x1ba9</value>
         <object_component_ref idref="oc-643"/>
      </symbol>
      <symbol id="sm-9c4">
         <name>Interrupt_unregisterInterrupt</name>
         <value>0x2bad</value>
         <object_component_ref idref="oc-649"/>
      </symbol>
      <symbol id="sm-9c5">
         <name>Interrupt_setPriority</name>
         <value>0x2311</value>
         <object_component_ref idref="oc-456"/>
      </symbol>
      <symbol id="sm-9c6">
         <name>Interrupt_enableMaster</name>
         <value>0x2e09</value>
         <object_component_ref idref="oc-277"/>
      </symbol>
      <symbol id="sm-9c7">
         <name>Interrupt_enableInterrupt</name>
         <value>0x1c29</value>
         <object_component_ref idref="oc-45c"/>
      </symbol>
      <symbol id="sm-9c8">
         <name>Interrupt_registerInterrupt</name>
         <value>0x2205</value>
         <object_component_ref idref="oc-2e8"/>
      </symbol>
      <symbol id="sm-9c9">
         <name>g_pfnRAMVectors</name>
         <value>0x20008800</value>
         <object_component_ref idref="oc-3c8"/>
      </symbol>
      <symbol id="sm-9ca">
         <name>Interrupt_pendInterrupt</name>
         <value>0x1f45</value>
         <object_component_ref idref="oc-750"/>
      </symbol>
      <symbol id="sm-9db">
         <name>SysCtl_getNMISourceStatus</name>
         <value>0x2e69</value>
         <object_component_ref idref="oc-79c"/>
      </symbol>
      <symbol id="sm-9e9">
         <name>SysTick_registerInterrupt</name>
         <value>0x2eb5</value>
         <object_component_ref idref="oc-1e6"/>
      </symbol>
      <symbol id="sm-a07">
         <name>UART_initModule</name>
         <value>0x87d</value>
         <object_component_ref idref="oc-67a"/>
      </symbol>
      <symbol id="sm-a19">
         <name>CPU_cpsie</name>
         <value>0x2edd</value>
         <object_component_ref idref="oc-34c"/>
      </symbol>
      <symbol id="sm-a1a">
         <name>CPU_cpsid</name>
         <value>0x2ed1</value>
         <object_component_ref idref="oc-96"/>
      </symbol>
      <symbol id="sm-a35">
         <name>memcpy</name>
         <value>0x17c1</value>
         <object_component_ref idref="oc-3a"/>
      </symbol>
      <symbol id="sm-a36">
         <name>__aeabi_memcpy</name>
         <value>0x17c1</value>
         <object_component_ref idref="oc-3a"/>
      </symbol>
      <symbol id="sm-a37">
         <name>__aeabi_memcpy8</name>
         <value>0x17c1</value>
         <object_component_ref idref="oc-3a"/>
      </symbol>
      <symbol id="sm-a38">
         <name>__aeabi_memcpy4</name>
         <value>0x17c1</value>
         <object_component_ref idref="oc-3a"/>
      </symbol>
      <symbol id="sm-a45">
         <name>__aeabi_uldivmod</name>
         <value>0x185d</value>
         <object_component_ref idref="oc-42e"/>
      </symbol>
      <symbol id="sm-a5e">
         <name>__TI_zero_init_nomemset</name>
         <value>0x2be5</value>
         <object_component_ref idref="oc-46"/>
      </symbol>
      <symbol id="sm-a75">
         <name>__TI_decompress_none</name>
         <value>0x2ec3</value>
         <object_component_ref idref="oc-18"/>
      </symbol>
      <symbol id="sm-a98">
         <name>__TI_decompress_lzss</name>
         <value>0x207d</value>
         <object_component_ref idref="oc-12"/>
      </symbol>
      <symbol id="sm-b21">
         <name>_sys_memory</name>
         <value>0x20000000</value>
         <object_component_ref idref="oc-29"/>
      </symbol>
      <symbol id="sm-b22">
         <name>free</name>
         <value>0xa99</value>
         <object_component_ref idref="oc-27f"/>
      </symbol>
      <symbol id="sm-b23">
         <name>memalign</name>
         <value>0x999</value>
         <object_component_ref idref="oc-3fa"/>
      </symbol>
      <symbol id="sm-b24">
         <name>malloc</name>
         <value>0x2f37</value>
         <object_component_ref idref="oc-32e"/>
      </symbol>
      <symbol id="sm-b25">
         <name>aligned_alloc</name>
         <value>0x999</value>
         <object_component_ref idref="oc-3fa"/>
      </symbol>
      <symbol id="sm-b38">
         <name>__stack</name>
         <value>0x2000f000</value>
         <object_component_ref idref="oc-2c"/>
      </symbol>
      <symbol id="sm-b39">
         <name>_c_int00_noargs</name>
         <value>0x291d</value>
         <object_component_ref idref="oc-a8"/>
      </symbol>
      <symbol id="sm-b43">
         <name>__aeabi_idiv0</name>
         <value>0x2f8d</value>
         <object_component_ref idref="oc-51d"/>
      </symbol>
      <symbol id="sm-b44">
         <name>__aeabi_ldiv0</name>
         <value>0x2f8d</value>
         <object_component_ref idref="oc-51d"/>
      </symbol>
      <symbol id="sm-b6d">
         <name>__TI_auto_init_nobinit_nopinit</name>
         <value>0x2679</value>
         <object_component_ref idref="oc-158"/>
      </symbol>
      <symbol id="sm-b77">
         <name>_system_pre_init</name>
         <value>0x2f7f</value>
         <object_component_ref idref="oc-f0"/>
      </symbol>
      <symbol id="sm-b83">
         <name>C$$EXIT</name>
         <value>0x2f83</value>
         <object_component_ref idref="oc-14c"/>
      </symbol>
      <symbol id="sm-b84">
         <name>abort</name>
         <value>0x2f83</value>
         <object_component_ref idref="oc-14c"/>
      </symbol>
      <symbol id="sm-b99">
         <name>_nop</name>
         <value>0x291b</value>
         <object_component_ref idref="oc-30b"/>
      </symbol>
      <symbol id="sm-b9a">
         <name>_lock</name>
         <value>0x200082d8</value>
         <object_component_ref idref="oc-24c"/>
      </symbol>
      <symbol id="sm-b9b">
         <name>_unlock</name>
         <value>0x200082dc</value>
         <object_component_ref idref="oc-24c"/>
      </symbol>
      <symbol id="sm-b9d">
         <name>__TI_static_base__</name>
         <value>0x3168</value>
      </symbol>
      <symbol id="sm-ba0">
         <name>__mpu_init</name>
         <value>0x0</value>
      </symbol>
      <symbol id="sm-ba1">
         <name>_system_post_cinit</name>
         <value>0x0</value>
      </symbol>
   </symbol_table>
   <title>Link successful</title>
</link_info>
