******************************************************************************
                  TI ARM Linker Unix v20.2.7                   
******************************************************************************
>> Linked Tue Jan 24 13:36:00 2023

OUTPUT FILE NAME:   <lab-03-scaffolding.out>
ENTRY POINT SYMBOL: "resetISR"  address: 00002cfd


MEMORY CONFIGURATION

         name            origin    length      used     unused   attr    fill
----------------------  --------  ---------  --------  --------  ----  --------
  MAIN                  00000000   00040000  00003224  0003cddc  R  X
  INFO                  00200000   00004000  00000000  00004000  R  X
  SRAM_CODE             01000000   00010000  00009690  00006970  RW X
  SRAM_DATA             20000000   00010000  00009690  00006970  RW  


SEGMENT ALLOCATION MAP

run origin  load origin   length   init length attrs members
----------  ----------- ---------- ----------- ----- -------
00000000    00000000    00003228   00003228    r-x
  00000000    00000000    00000144   00000144    r-- .intvecs
  00000144    00000144    00002e4a   00002e4a    r-x .text
  00002f90    00002f90    000001d6   000001d6    r-- .const
  00003168    00003168    000000c0   000000c0    r-- .cinit
20000000    20000000    000085a8   00000000    rw-
  20000000    20000000    00008000   00000000    rw- .sysmem
  20008000    20008000    00000310   00000000    rw- .data
  20008310    20008310    00000298   00000000    rw- .bss
20008800    20008800    000000e8   00000000    rw-
  20008800    20008800    000000e8   00000000    rw- .vtable
2000f000    2000f000    00001000   00000000    rw-
  2000f000    2000f000    00001000   00000000    rw- .stack


SECTION ALLOCATION MAP

 output                                  attributes/
section   page    origin      length       input sections
--------  ----  ----------  ----------   ----------------
.text      0    00000144    00002e4a     
                  00000144    000002f8     drivers_msp432p401x.aem4f : PowerMSP432.oem4f (.text:Power_sleep)
                  0000043c    000002d0                               : UARTMSP432.oem4f (.text:UARTMSP432_open)
                  0000070c    00000170                               : GPIOMSP432.oem4f (.text:GPIO_setConfig)
                  0000087c    0000011c     msp432p4xx_driverlib.lib : uart.o (.text:UART_initModule)
                  00000998    00000100     rtsv7M4_T_le_v4SPD16_eabi.lib : memory.c.obj (.text:aligned_alloc)
                  00000a98    000000e4                                   : memory.c.obj (.text:free)
                  00000b7c    000000e0     nortos_msp432p401x.aem4f : TimerPMSP432_nortos.oem4f (.text:TimerP_construct)
                  00000c5c    000000dc     drivers_msp432p401x.aem4f : UARTMSP432.oem4f (.text:UARTMSP432_readPolling)
                  00000d38    000000d8     nortos_msp432p401x.aem4f : SwiP_nortos.oem4f (.text:SwiP_construct)
                  00000e10    000000d4     scheduler.obj (.text:setup_LEDs)
                  00000ee4    000000ca     drivers_msp432p401x.aem4f : UARTMSP432.oem4f (.text:UARTMSP432_hwiIntFxn)
                  00000fae    00000002     msp432p4xx_driverlib.lib : interrupt.o (.text:IntDefaultHandler)
                  00000fb0    000000b8     drivers_msp432p401x.aem4f : UARTMSP432.oem4f (.text:initHw)
                  00001068    000000b8                               : UARTMSP432.oem4f (.text:readTaskCallback)
                  00001120    000000b4     nortos_msp432p401x.aem4f : ClockPTimer_nortos.oem4f (.text:ClockP_startup)
                  000011d4    000000b4     drivers_msp432p401x.aem4f : UARTMSP432.oem4f (.text:UARTMSP432_control)
                  00001288    000000b4                               : UARTMSP432.oem4f (.text:UARTMSP432_writePolling)
                  0000133c    000000ac     nortos_msp432p401x.aem4f : ClockPTimer_nortos.oem4f (.text:ClockP_workFuncDynamic)
                  000013e8    000000ac     drivers_msp432p401x.aem4f : GPIOMSP432.oem4f (.text:GPIO_init)
                  00001494    000000a8                               : UARTMSP432.oem4f (.text:UARTMSP432_write)
                  0000153c    000000a8                               : UARTMSP432.oem4f (.text:readTaskBlocking)
                  000015e4    000000a0     nortos_msp432p401x.aem4f : SemaphoreP_nortos.oem4f (.text:SemaphoreP_pend)
                  00001684    000000a0     drivers_msp432p401x.aem4f : UARTMSP432.oem4f (.text:readIsrTextCallback)
                  00001724    0000009c     nortos_msp432p401x.aem4f : SwiP_nortos.oem4f (.text:SwiP_dispatch)
                  000017c0    0000009c     rtsv7M4_T_le_v4SPD16_eabi.lib : memcpy_t2.asm.obj (.text)
                  0000185c    00000096                                   : ull_div_t2.asm.obj (.text)
                  000018f2    00000092     drivers_msp432p401x.aem4f : UARTMSP432.oem4f (.text:UARTMSP432_close)
                  00001984    00000092                               : UARTMSP432.oem4f (.text:writeData)
                  00001a16    0000008c                               : UARTMSP432.oem4f (.text:readIsrTextBlocking)
                  00001aa2    00000002     nortos_msp432p401x.aem4f : PowerMSP432_nortos.oem4f (.text:PowerMSP432_initPolicy)
                  00001aa4    00000084     drivers_msp432p401x.aem4f : PowerMSP432.oem4f (.text:restartHFXT)
                  00001b28    00000080     nortos_msp432p401x.aem4f : ClockPTimer_nortos.oem4f (.text:ClockP_start)
                  00001ba8    00000080     msp432p4xx_driverlib.lib : interrupt.o (.text:Interrupt_disableInterrupt)
                  00001c28    00000080                              : interrupt.o (.text:Interrupt_enableInterrupt)
                  00001ca8    00000078     nortos_msp432p401x.aem4f : ClockPTimer_nortos.oem4f (.text:ClockP_walkQueueDynamic)
                  00001d20    00000070                              : HwiPMSP432_nortos.oem4f (.text:HwiP_construct)
                  00001d90    00000070     drivers_msp432p401x.aem4f : UARTMSP432.oem4f (.text:UARTMSP432_writeCancel)
                  00001e00    00000070     rtsv7M4_T_le_v4SPD16_eabi.lib : memory.c.obj (.text:split)
                  00001e70    0000006c     nortos_msp432p401x.aem4f : TimerPMSP432_nortos.oem4f (.text:TimerP_getCurrentTick)
                  00001edc    00000068     drivers_msp432p401x.aem4f : GPIOMSP432.oem4f (.text:GPIO_hwiIntFxn)
                  00001f44    00000068     msp432p4xx_driverlib.lib : interrupt.o (.text:Interrupt_pendInterrupt)
                  00001fac    00000068     drivers_msp432p401x.aem4f : PowerMSP432.oem4f (.text:PowerMSP432_getFreqs)
                  00002014    00000068     nortos_msp432p401x.aem4f : SwiP_nortos.oem4f (.text:SwiP_post)
                  0000207c    00000068     rtsv7M4_T_le_v4SPD16_eabi.lib : copy_decompress_lzss.c.obj (.text:decompress:lzss:__TI_decompress_lzss)
                  000020e4    00000060     drivers_msp432p401x.aem4f : GPIOMSP432.oem4f (.text:GPIO_setCallback)
                  00002144    00000060     scheduler.obj (.text:Scheduler_StartTask)
                  000021a4    00000060     scheduler.obj (.text:setup_UART)
                  00002204    0000005c     msp432p4xx_driverlib.lib : interrupt.o (.text:Interrupt_registerInterrupt)
                  00002260    00000058     nortos_msp432p401x.aem4f : TimerPMSP432_nortos.oem4f (.text:TimerP_dynamicStub)
                  000022b8    00000058     drivers_msp432p401x.aem4f : UARTMSP432.oem4f (.text:readIsrBinaryBlocking)
                  00002310    00000054     msp432p4xx_driverlib.lib : interrupt.o (.text:Interrupt_setPriority)
                  00002364    00000050     nortos_msp432p401x.aem4f : SemaphoreP_nortos.oem4f (.text:SemaphoreP_construct)
                  000023b4    0000004c     drivers_msp432p401x.aem4f : UARTMSP432.oem4f (.text:readIsrBinaryCallback)
                  00002400    00000048     nortos_msp432p401x.aem4f : ClockPTimer_nortos.oem4f (.text:ClockP_construct)
                  00002448    00000048                              : PowerMSP432_nortos.oem4f (.text:PowerMSP432_sleepPolicy)
                  00002490    00000048     drivers_msp432p401x.aem4f : PowerMSP432.oem4f (.text:Power_releaseConstraint)
                  000024d8    00000048     scheduler.obj (.text:main)
                  00002520    00000046     drivers_msp432p401x.aem4f : RingBuf.oem4f (.text:RingBuf_put)
                  00002566    00000002                               : UARTMSP432.oem4f (.text:UARTMSP432_init)
                  00002568    00000044     nortos_msp432p401x.aem4f : SemaphoreP_nortos.oem4f (.text:SemaphoreP_post)
                  000025ac    00000044                              : SwiP_nortos.oem4f (.text:SwiP_restore)
                  000025f0    00000044                              : TimerPMSP432_nortos.oem4f (.text:TimerP_start)
                  00002634    00000044     drivers_msp432p401x.aem4f : UART.oem4f (.text:UART_init)
                  00002678    00000044     rtsv7M4_T_le_v4SPD16_eabi.lib : autoinit.c.obj (.text:__TI_auto_init_nobinit_nopinit:__TI_auto_init_nobinit_nopinit)
                  000026bc    00000040     drivers_msp432p401x.aem4f : RingBuf.oem4f (.text:RingBuf_get)
                  000026fc    00000040     nortos_msp432p401x.aem4f : TimerPMSP432_nortos.oem4f (.text:TimerP_setNextTick)
                  0000273c    00000040     drivers_msp432p401x.aem4f : UARTMSP432.oem4f (.text:UARTMSP432_read)
                  0000277c    00000040                               : UART.oem4f (.text:UART_open)
                  000027bc    00000040                               : UARTMSP432.oem4f (.text:perfChangeNotifyFxn)
                  000027fc    0000003c     nortos_msp432p401x.aem4f : TimerPMSP432_nortos.oem4f (.text:TimerP_initDevice)
                  00002838    0000003c     scheduler.obj (.text:setup_Systick)
                  00002874    00000038     drivers_msp432p401x.aem4f : PowerMSP432.oem4f (.text:Power_setConstraint)
                  000028ac    00000038                               : PowerMSP432.oem4f (.text:notify)
                  000028e4    00000036                               : UARTMSP432.oem4f (.text:UARTMSP432_readCancel)
                  0000291a    00000002     rtsv7M4_T_le_v4SPD16_eabi.lib : _lock.c.obj (.text:_nop)
                  0000291c    00000034                                   : boot_cortex_m.c.obj (.text:_c_int00_noargs:_c_int00_noargs)
                  00002950    00000030     drivers_msp432p401x.aem4f : UARTMSP432.oem4f (.text:mapPin)
                  00002980    0000002a     nortos_msp432p401x.aem4f : HwiPMSP432_nortos.oem4f (.text:HwiP_create)
                  000029aa    00000002                              : startup_msp432_ccs.oem4f (.text:busFaultISR)
                  000029ac    00000028     drivers_msp432p401x.aem4f : PowerMSP432.oem4f (.text:Power_registerNotify)
                  000029d4    00000028     scheduler.obj (.text:SysTick_Handler)
                  000029fc    00000028     drivers_msp432p401x.aem4f : PowerMSP432.oem4f (.text:disableHFXT)
                  00002a24    00000028                               : UARTMSP432.oem4f (.text:findBaudDividerIndex)
                  00002a4c    00000028     rtsv7M4_T_le_v4SPD16_eabi.lib : memory.c.obj (.text:free_list_insert)
                  00002a74    00000026     drivers_msp432p401x.aem4f : List.oem4f (.text:List_put)
                  00002a9a    00000026                               : List.oem4f (.text:List_remove)
                  00002ac0    00000024     nortos_msp432p401x.aem4f : ClockPTimer_nortos.oem4f (.text:ClockP_getTicks)
                  00002ae4    00000024                              : ClockPTimer_nortos.oem4f (.text:ClockP_scheduleNextTick)
                  00002b08    00000024                              : HwiPMSP432_nortos.oem4f (.text:HwiP_dispatch)
                  00002b2c    00000020                              : ClockPTimer_nortos.oem4f (.text:ClockP_add)
                  00002b4c    00000020     drivers_msp432p401x.aem4f : PowerMSP432.oem4f (.text:Power_unregisterNotify)
                  00002b6c    00000020     nortos_msp432p401x.aem4f : QueueP_nortos.oem4f (.text:QueueP_put)
                  00002b8c    00000020     drivers_msp432p401x.aem4f : RingBuf.oem4f (.text:RingBuf_peek)
                  00002bac    0000001c     msp432p4xx_driverlib.lib : interrupt.o (.text:Interrupt_unregisterInterrupt)
                  00002bc8    0000001c     nortos_msp432p401x.aem4f : SwiP_nortos.oem4f (.text:SwiP_disable)
                  00002be4    0000001c     rtsv7M4_T_le_v4SPD16_eabi.lib : copy_zero_init.c.obj (.text:decompress:ZI:__TI_zero_init_nomemset:__TI_zero_init_nomemset)
                  00002c00    0000001c                                   : memory.c.obj (.text:free_list_remove)
                  00002c1c    0000001a     nortos_msp432p401x.aem4f : ClockPTimer_nortos.oem4f (.text:ClockP_create)
                  00002c36    0000001a                              : QueueP_nortos.oem4f (.text:QueueP_get)
                  00002c50    0000001a                              : SemaphoreP_nortos.oem4f (.text:SemaphoreP_createBinary)
                  00002c6a    00000018                              : ClockPTimer_nortos.oem4f (.text:ClockP_destruct)
                  00002c82    00000018                              : HwiPMSP432_nortos.oem4f (.text:HwiP_delete)
                  00002c9a    00000002                              : SemaphoreP_nortos.oem4f (.text:clkFxn)
                  00002c9c    00000018                              : HwiPMSP432_nortos.oem4f (.text:HwiP_inISR)
                  00002cb4    00000018     drivers_msp432p401x.aem4f : UART.oem4f (.text:UART_Params_init)
                  00002ccc    00000018     scheduler.obj (.text:blue_task)
                  00002ce4    00000018     scheduler.obj (.text:green_task)
                  00002cfc    00000018     nortos_msp432p401x.aem4f : startup_msp432_ccs.oem4f (.text:resetISR)
                  00002d14    00000016                              : SemaphoreP_nortos.oem4f (.text:SemaphoreP_create)
                  00002d2a    00000016                              : SwiP_nortos.oem4f (.text:maxbit)
                  00002d40    00000014     drivers_msp432p401x.aem4f : PowerMSP432.oem4f (.text:Power_idleFunc)
                  00002d54    00000014     scheduler.obj (.text:Scheduler_Init)
                  00002d68    00000014     nortos_msp432p401x.aem4f : SwiP_nortos.oem4f (.text:SwiP_handleHwi)
                  00002d7c    00000014                              : TimerPMSP432_nortos.oem4f (.text:TimerP_getCount)
                  00002d90    00000014     drivers_msp432p401x.aem4f : UARTMSP432.oem4f (.text:clearTXCPTIFG)
                  00002da4    00000012     nortos_msp432p401x.aem4f : HwiPMSP432_nortos.oem4f (.text:HwiP_Params_init)
                  00002db6    00000012     drivers_msp432p401x.aem4f : RingBuf.oem4f (.text:RingBuf_construct)
                  00002dc8    00000010     nortos_msp432p401x.aem4f : ClockPTimer_nortos.oem4f (.text:ClockP_Params_init)
                  00002dd8    00000010                              : ClockPTimer_nortos.oem4f (.text:ClockP_delete)
                  00002de8    00000010                              : HwiPMSP432_nortos.oem4f (.text:HwiP_disable)
                  00002df8    00000010     msp432p4xx_driverlib.lib : interrupt.o (.text:Interrupt_disableMaster)
                  00002e08    00000010                              : interrupt.o (.text:Interrupt_enableMaster)
                  00002e18    00000010     drivers_msp432p401x.aem4f : PowerMSP432.oem4f (.text:PowerMSP432_getNumPerfLevels)
                  00002e28    00000010                               : PowerMSP432.oem4f (.text:Power_disablePolicy)
                  00002e38    00000010                               : PowerMSP432.oem4f (.text:Power_enablePolicy)
                  00002e48    00000010     nortos_msp432p401x.aem4f : SemaphoreP_nortos.oem4f (.text:SemaphoreP_Params_init)
                  00002e58    00000010                              : SwiP_nortos.oem4f (.text:SwiP_Params_init)
                  00002e68    00000010     msp432p4xx_driverlib.lib : sysctl.o (.text:SysCtl_getNMISourceStatus)
                  00002e78    00000010     nortos_msp432p401x.aem4f : TimerPMSP432_nortos.oem4f (.text:TimerP_Params_init)
                  00002e88    00000010     drivers_msp432p401x.aem4f : UARTMSP432.oem4f (.text:readBlockingTimeout)
                  00002e98    0000000e     nortos_msp432p401x.aem4f : QueueP_nortos.oem4f (.text:QueueP_empty)
                  00002ea6    0000000e                              : QueueP_nortos.oem4f (.text:QueueP_remove)
                  00002eb4    0000000e     msp432p4xx_driverlib.lib : systick.o (.text:SysTick_registerInterrupt)
                  00002ec2    0000000e     rtsv7M4_T_le_v4SPD16_eabi.lib : copy_decompress_none.c.obj (.text:decompress:none:__TI_decompress_none)
                  00002ed0    0000000c     msp432p4xx_driverlib.lib : cpu.o (.text:CPU_cpsid)
                  00002edc    0000000c                              : cpu.o (.text:CPU_cpsie)
                  00002ee8    0000000c     nortos_msp432p401x.aem4f : ClockPTimer_nortos.oem4f (.text:ClockP_doTick)
                  00002ef4    0000000c     drivers_msp432p401x.aem4f : PowerMSP432.oem4f (.text:Power_getConstraintMask)
                  00002f00    0000000c                               : PowerMSP432.oem4f (.text:Power_getPerformanceLevel)
                  00002f0c    0000000c     nortos_msp432p401x.aem4f : TimerPMSP432_nortos.oem4f (.text:TimerP_getFreq)
                  00002f18    0000000c                              : TimerPMSP432_nortos.oem4f (.text:TimerP_getMaxTicks)
                  00002f24    0000000a     drivers_msp432p401x.aem4f : UART.oem4f (.text:UART_write)
                  00002f2e    00000008     nortos_msp432p401x.aem4f : HwiPMSP432_nortos.oem4f (.text:HwiP_restore)
                  00002f36    00000008     rtsv7M4_T_le_v4SPD16_eabi.lib : memory.c.obj (.text:malloc)
                  00002f3e    00000008     drivers_msp432p401x.aem4f : UARTMSP432.oem4f (.text:readSemCallback)
                  00002f46    00000008                               : UARTMSP432.oem4f (.text:txcptEnabledStatus)
                  00002f4e    00000008                               : UARTMSP432.oem4f (.text:writeSemCallback)
                  00002f56    00000006     nortos_msp432p401x.aem4f : ClockPTimer_nortos.oem4f (.text:ClockP_stop)
                  00002f5c    00000006                              : QueueP_nortos.oem4f (.text:QueueP_init)
                  00002f62    00000004                              : ClockPTimer_nortos.oem4f (.text:ClockP_isActive)
                  00002f66    00000004                              : ClockPTimer_nortos.oem4f (.text:ClockP_setTimeout)
                  00002f6a    00000004                              : HwiPMSP432_nortos.oem4f (.text:HwiP_post)
                  00002f6e    00000004                              : QueueP_nortos.oem4f (.text:QueueP_head)
                  00002f72    00000004                              : QueueP_nortos.oem4f (.text:QueueP_next)
                  00002f76    00000004                              : SemaphoreP_nortos.oem4f (.text:SemaphoreP_delete)
                  00002f7a    00000004                              : TimerPMSP432_nortos.oem4f (.text:TimerP_setPeriod)
                  00002f7e    00000004     rtsv7M4_T_le_v4SPD16_eabi.lib : pre_init.c.obj (.text:_system_pre_init)
                  00002f82    00000004                                   : exit.c.obj (.text:abort:abort)
                  00002f86    00000002     nortos_msp432p401x.aem4f : startup_msp432_ccs.oem4f (.text:defaultISR)
                  00002f88    00000002                              : startup_msp432_ccs.oem4f (.text:faultISR)
                  00002f8a    00000002                              : startup_msp432_ccs.oem4f (.text:nmiISR)
                  00002f8c    00000002     rtsv7M4_T_le_v4SPD16_eabi.lib : div0.asm.obj (.text)

.const     0    00002f90    000001d6     
                  00002f90    00000050     msp432p4xx_driverlib.lib : interrupt.o (.const:g_pulRegs)
                  00002fe0    00000040     ti_drivers_config.obj (.const:uartMSP432Baudrates)
                  00003020    00000038     ti_drivers_config.obj (.const:PowerMSP432_config)
                  00003058    0000002c     ti_drivers_config.obj (.const:uartMSP432HWAttrs)
                  00003084    00000028     drivers_msp432p401x.aem4f : UARTMSP432.oem4f (.const:UARTMSP432_fxnTable)
                  000030ac    00000024                               : UART.oem4f (.const:UART_defaultParams)
                  000030d0    00000020                               : UARTMSP432.oem4f (.const:staticFxnTable)
                  000030f0    00000016     scheduler.obj (.const:.string:echoPrompt)
                  00003106    00000001     ti_drivers_config.obj (.const)
                  00003107    00000001     --HOLE-- [fill = 0]
                  00003108    00000014     ti_drivers_config.obj (.const:GPIOMSP432_config)
                  0000311c    00000010     nortos_msp432p401x.aem4f : SwiP_nortos.oem4f (.const:SwiP_defaultParams)
                  0000312c    0000000c     ti_drivers_config.obj (.const:UART_config)
                  00003138    00000008     msp432p4xx_driverlib.lib : interrupt.o (.const:g_pulDisRegs)
                  00003140    00000008                              : interrupt.o (.const:g_pulEnRegs)
                  00003148    00000008                              : interrupt.o (.const:g_pulPendRegs)
                  00003150    00000006     drivers_msp432p401x.aem4f : GPIOMSP432.oem4f (.const:.string:interruptType)
                  00003156    00000006                               : GPIOMSP432.oem4f (.const:.string:portInterruptIds)
                  0000315c    00000005                               : UARTMSP432.oem4f (.const:.string:parityTypes)
                  00003161    00000001     --HOLE-- [fill = 0]
                  00003162    00000004                               : UARTMSP432.oem4f (.const:stopBits)

.cinit     0    00003168    000000c0     
                  00003168    00000088     (.cinit..data.load) [load image, compression = lzss]
                  000031f0    0000000c     (__TI_handler_table)
                  000031fc    00000004     --HOLE-- [fill = 0]
                  00003200    00000008     (.cinit..bss.load) [load image, compression = zero_init]
                  00003208    00000008     (.cinit..vtable.load) [load image, compression = zero_init]
                  00003210    00000018     (__TI_cinit_table)

.init_array 
*          0    00000000    00000000     UNINITIALIZED

.intvecs   0    00000000    00000144     
                  00000000    00000144     nortos_msp432p401x.aem4f : startup_msp432_ccs.oem4f (.intvecs:retain)

.sysmem    0    20000000    00008000     UNINITIALIZED
                  20000000    00000010     rtsv7M4_T_le_v4SPD16_eabi.lib : memory.c.obj (.sysmem)
                  20000010    00007ff0     --HOLE--

.data      0    20008000    00000310     UNINITIALIZED
                  20008000    00000140     nortos_msp432p401x.aem4f : HwiPMSP432_nortos.oem4f (.data:HwiP_dispatchTable)
                  20008140    00000140     drivers_msp432p401x.aem4f : PowerMSP432.oem4f (.data:PowerMSP432_perfLevels)
                  20008280    0000002c                               : PowerMSP432.oem4f (.data:PowerMSP432_module)
                  200082ac    00000014     scheduler.obj (.data)
                  200082c0    0000000c     nortos_msp432p401x.aem4f : ClockPTimer_nortos.oem4f (.data:ClockP_defaultParams)
                  200082cc    0000000c                              : TimerPMSP432_nortos.oem4f (.data:TimerP_defaultParams)
                  200082d8    00000008     rtsv7M4_T_le_v4SPD16_eabi.lib : _lock.c.obj (.data:$O1$$)
                  200082e0    00000008                                   : memory.c.obj (.data:$O1$$)
                  200082e8    00000008     nortos_msp432p401x.aem4f : SemaphoreP_nortos.oem4f (.data:SemaphoreP_defaultParams)
                  200082f0    00000008                              : ClockPTimer_nortos.oem4f (.data)
                  200082f8    00000008                              : HwiPMSP432_nortos.oem4f (.data)
                  20008300    00000004     ti_drivers_config.obj (.data:gpioCallbackFunctions)
                  20008304    00000004     ti_drivers_config.obj (.data:gpioPinConfigs)
                  20008308    00000003     nortos_msp432p401x.aem4f : SemaphoreP_nortos.oem4f (.data)
                  2000830b    00000002     drivers_msp432p401x.aem4f : GPIOMSP432.oem4f (.data)
                  2000830d    00000001                               : UART.oem4f (.data)
                  2000830e    00000001     nortos_msp432p401x.aem4f : SwiP_nortos.oem4f (.data)
                  2000830f    00000001                              : TimerPMSP432_nortos.oem4f (.data)

.bss       0    20008310    00000298     UNINITIALIZED
                  20008310    000000a0     nortos_msp432p401x.aem4f : ClockPTimer_nortos.oem4f (.bss:ClockP_module)
                  200083b0    00000080     (.common:tasks)
                  20008430    00000080     (.common:uartMSP432Objects)
                  200084b0    00000030     drivers_msp432p401x.aem4f : GPIOMSP432.oem4f (.bss:gpioCallbackInfo)
                  200084e0    00000024     (.common:uartParams)
                  20008504    00000020     nortos_msp432p401x.aem4f : SwiP_nortos.oem4f (.bss:SwiP_readyList)
                  20008524    00000020     ti_drivers_config.obj (.bss:uartMSP432RingBuffer0)
                  20008544    0000001c     nortos_msp432p401x.aem4f : SwiP_nortos.oem4f (.bss:SwiP_hwiStruct)
                  20008560    0000001c                              : TimerPMSP432_nortos.oem4f (.bss:TimerP_hwiStruct)
                  2000857c    0000000d                              : SwiP_nortos.oem4f (.bss)
                  20008589    00000003     --HOLE--
                  2000858c    00000008                              : ClockPTimer_nortos.oem4f (.bss:timerFreq)
                  20008594    00000004     drivers_msp432p401x.aem4f : GPIOMSP432.oem4f (.bss)
                  20008598    00000004     nortos_msp432p401x.aem4f : ClockPTimer_nortos.oem4f (.bss)
                  2000859c    00000004                              : TimerPMSP432_nortos.oem4f (.bss)
                  200085a0    00000004     (.common:last_runtime)
                  200085a4    00000004     (.common:uart)

.vtable    0    20008800    000000e8     UNINITIALIZED
                  20008800    000000e8     msp432p4xx_driverlib.lib : interrupt.o (.vtable)

.stack     0    2000f000    00001000     UNINITIALIZED
                  2000f000    00000004     rtsv7M4_T_le_v4SPD16_eabi.lib : boot_cortex_m.c.obj (.stack)
                  2000f004    00000ffc     --HOLE--

__llvm_prf_cnts 
*          0    20000000    00000000     UNINITIALIZED

.binit     0    00000000    00000000     

MODULE SUMMARY

       Module                       code    ro data   rw data
       ------                       ----    -------   -------
    ./
       scheduler.obj                644     22        384    
    +--+----------------------------+-------+---------+---------+
       Total:                       644     22        384    
                                                             
    ./syscfg/
       ti_drivers_config.obj        0       197       336    
    +--+----------------------------+-------+---------+---------+
       Total:                       0       197       336    
                                                             
    /Applications/ti/ccs1210/ccs/tools/compiler/ti-cgt-arm_20.2.7.LTS/lib/rtsv7M4_T_le_v4SPD16_eabi.lib
       memory.c.obj                 672     0         16     
       memcpy_t2.asm.obj            156     0         0      
       ull_div_t2.asm.obj           150     0         0      
       copy_decompress_lzss.c.obj   104     0         0      
       autoinit.c.obj               68      0         0      
       boot_cortex_m.c.obj          52      0         0      
       copy_zero_init.c.obj         28      0         0      
       _lock.c.obj                  2       0         16     
       copy_decompress_none.c.obj   14      0         0      
       exit.c.obj                   4       0         0      
       pre_init.c.obj               4       0         0      
       div0.asm.obj                 2       0         0      
    +--+----------------------------+-------+---------+---------+
       Total:                       1256    0         32     
                                                             
    /Users/lynnrwatson/Downloads/simplelink_msp432p4_sdk_3_40_01_02/kernel/nortos/lib/nortos_msp432p401x.aem4f
       ClockPTimer_nortos.oem4f     884     0         384    
       HwiPMSP432_nortos.oem4f      284     0         656    
       SwiP_nortos.oem4f            630     16        148    
       TimerPMSP432_nortos.oem4f    676     0         90     
       SemaphoreP_nortos.oem4f      378     0         22     
       startup_msp432_ccs.oem4f     32      324       0      
       QueueP_nortos.oem4f          100     0         0      
       PowerMSP432_nortos.oem4f     74      0         0      
    +--+----------------------------+-------+---------+---------+
       Total:                       3058    340       1300   
                                                             
    /Users/lynnrwatson/Downloads/simplelink_msp432p4_sdk_3_40_01_02/source/ti/devices/msp432p4xx/driverlib/ccs/msp432p4xx_driverlib.lib
       interrupt.o                  598     104       464    
       uart.o                       284     0         0      
       cpu.o                        24      0         0      
       sysctl.o                     16      0         0      
       systick.o                    14      0         0      
    +--+----------------------------+-------+---------+---------+
       Total:                       936     104       464    
                                                             
    /Users/lynnrwatson/Downloads/simplelink_msp432p4_sdk_3_40_01_02/source/ti/drivers/lib/drivers_msp432p401x.aem4f
       UARTMSP432.oem4f             3406    81        0      
       PowerMSP432.oem4f            1384    0         728    
       GPIOMSP432.oem4f             740     12        108    
       UART.oem4f                   166     36        2      
       RingBuf.oem4f                184     0         0      
       List.oem4f                   76      0         0      
    +--+----------------------------+-------+---------+---------+
       Total:                       5956    129       838    
                                                             
       Heap:                        0       0         65536  
       Stack:                       0       0         8192   
       Linker Generated:            0       188       0      
    +--+----------------------------+-------+---------+---------+
       Grand Total:                 11850   980       77082  


LINKER GENERATED COPY TABLES

__TI_cinit_table @ 00003210 records: 3, size/record: 8, table size: 24
	.data: load addr=00003168, load size=00000088 bytes, run addr=20008000, run size=00000310 bytes, compression=lzss
	.bss: load addr=00003200, load size=00000008 bytes, run addr=20008310, run size=00000298 bytes, compression=zero_init
	.vtable: load addr=00003208, load size=00000008 bytes, run addr=20008800, run size=000000e8 bytes, compression=zero_init


LINKER GENERATED HANDLER TABLE

__TI_handler_table @ 000031f0 records: 3, size/record: 4, table size: 12
	index: 0, handler: __TI_decompress_lzss
	index: 1, handler: __TI_decompress_none
	index: 2, handler: __TI_zero_init


GLOBAL SYMBOLS: SORTED ALPHABETICALLY BY Name 

address   name                          
-------   ----                          
00002f83  C$$EXIT                       
00002ed1  CPU_cpsid                     
00002edd  CPU_cpsie                     
00002dc9  ClockP_Params_init            
00002b2d  ClockP_add                    
00002401  ClockP_construct              
00002c1d  ClockP_create                 
00002dd9  ClockP_delete                 
00002c6b  ClockP_destruct               
00002ee9  ClockP_doTick                 
00002ac1  ClockP_getTicks               
00002f63  ClockP_isActive               
00002ae5  ClockP_scheduleNextTick       
00002f67  ClockP_setTimeout             
00001b29  ClockP_start                  
00001121  ClockP_startup                
00002f57  ClockP_stop                   
200082f4  ClockP_tickPeriod             
00001ca9  ClockP_walkQueueDynamic       
0000133d  ClockP_workFuncDynamic        
00003108  GPIOMSP432_config             
00001edd  GPIO_hwiIntFxn                
000013e9  GPIO_init                     
000020e5  GPIO_setCallback              
0000070d  GPIO_setConfig                
00002da5  HwiP_Params_init              
00001d21  HwiP_construct                
00002981  HwiP_create                   
00002c83  HwiP_delete                   
00002de9  HwiP_disable                  
00002b09  HwiP_dispatch                 
00002c9d  HwiP_inISR                    
200082f8  HwiP_key                      
00002f6b  HwiP_post                     
00002f2f  HwiP_restore                  
200082fc  HwiP_swiPIntNum               
00001ba9  Interrupt_disableInterrupt    
00002df9  Interrupt_disableMaster       
00001c29  Interrupt_enableInterrupt     
00002e09  Interrupt_enableMaster        
00001f45  Interrupt_pendInterrupt       
00002205  Interrupt_registerInterrupt   
00002311  Interrupt_setPriority         
00002bad  Interrupt_unregisterInterrupt 
00002a75  List_put                      
00002a9b  List_remove                   
00003020  PowerMSP432_config            
00001fad  PowerMSP432_getFreqs          
00002e19  PowerMSP432_getNumPerfLevels  
00001aa3  PowerMSP432_initPolicy        
20008280  PowerMSP432_module            
20008140  PowerMSP432_perfLevels        
00002449  PowerMSP432_sleepPolicy       
00002e29  Power_disablePolicy           
00002e39  Power_enablePolicy            
00002ef5  Power_getConstraintMask       
00002f01  Power_getPerformanceLevel     
00002d41  Power_idleFunc                
000029ad  Power_registerNotify          
00002491  Power_releaseConstraint       
00002875  Power_setConstraint           
00000145  Power_sleep                   
00002b4d  Power_unregisterNotify        
00002e99  QueueP_empty                  
00002c37  QueueP_get                    
00002f6f  QueueP_head                   
00002f5d  QueueP_init                   
00002f73  QueueP_next                   
00002b6d  QueueP_put                    
00002ea7  QueueP_remove                 
00002db7  RingBuf_construct             
000026bd  RingBuf_get                   
00002b8d  RingBuf_peek                  
00002521  RingBuf_put                   
00002d55  Scheduler_Init                
00002145  Scheduler_StartTask           
00002e49  SemaphoreP_Params_init        
00002365  SemaphoreP_construct          
00002d15  SemaphoreP_create             
00002c51  SemaphoreP_createBinary       
200082e8  SemaphoreP_defaultParams      
00002f77  SemaphoreP_delete             
000015e5  SemaphoreP_pend               
00002569  SemaphoreP_post               
00002e59  SwiP_Params_init              
00000d39  SwiP_construct                
00002bc9  SwiP_disable                  
00001725  SwiP_dispatch                 
00002015  SwiP_post                     
000025ad  SwiP_restore                  
00002e69  SysCtl_getNMISourceStatus     
000029d5  SysTick_Handler               
00002eb5  SysTick_registerInterrupt     
00002e79  TimerP_Params_init            
00000b7d  TimerP_construct              
00002261  TimerP_dynamicStub            
00001e71  TimerP_getCurrentTick         
00002f0d  TimerP_getFreq                
00002f19  TimerP_getMaxTicks            
000027fd  TimerP_initDevice             
000026fd  TimerP_setNextTick            
00002f7b  TimerP_setPeriod              
000025f1  TimerP_start                  
000018f3  UARTMSP432_close              
000011d5  UARTMSP432_control            
00003084  UARTMSP432_fxnTable           
00000ee5  UARTMSP432_hwiIntFxn          
00002567  UARTMSP432_init               
0000043d  UARTMSP432_open               
0000273d  UARTMSP432_read               
000028e5  UARTMSP432_readCancel         
00000c5d  UARTMSP432_readPolling        
00001495  UARTMSP432_write              
00001d91  UARTMSP432_writeCancel        
00001289  UARTMSP432_writePolling       
00002cb5  UART_Params_init              
0000312c  UART_config                   
00003106  UART_count                    
000030ac  UART_defaultParams            
00002635  UART_init                     
0000087d  UART_initModule               
0000277d  UART_open                     
00002f25  UART_write                    
4000480c  WDTCTL_SYM                    
20010000  __STACK_END                   
00001000  __STACK_SIZE                  
00008000  __SYSMEM_SIZE                 
00003210  __TI_CINIT_Base               
00003228  __TI_CINIT_Limit              
000031f0  __TI_Handler_Table_Base       
000031fc  __TI_Handler_Table_Limit      
00002679  __TI_auto_init_nobinit_nopinit
0000207d  __TI_decompress_lzss          
00002ec3  __TI_decompress_none          
ffffffff  __TI_pprof_out_hndl           
ffffffff  __TI_prof_data_size           
ffffffff  __TI_prof_data_start          
00003168  __TI_static_base__            
00002be5  __TI_zero_init_nomemset       
00002f8d  __aeabi_idiv0                 
00002f8d  __aeabi_ldiv0                 
000017c1  __aeabi_memcpy                
000017c1  __aeabi_memcpy4               
000017c1  __aeabi_memcpy8               
0000185d  __aeabi_uldivmod              
ffffffff  __binit__                     
ffffffff  __c_args__                    
UNDEFED   __mpu_init                    
2000f000  __stack                       
20000000  __start___llvm_prf_cnts       
20000000  __stop___llvm_prf_cnts        
0000291d  _c_int00_noargs               
200082d8  _lock                         
0000291b  _nop                          
20000000  _sys_memory                   
UNDEFED   _system_post_cinit            
00002f7f  _system_pre_init              
200082dc  _unlock                       
00002f83  abort                         
00000999  aligned_alloc                 
ffffffff  binit                         
00002ccd  blue_task                     
00002c9b  clkFxn                        
000030f0  echoPrompt                    
00000a99  free                          
20008800  g_pfnRAMVectors               
20008300  gpioCallbackFunctions         
20008304  gpioPinConfigs                
00002ce5  green_task                    
200082b8  idle_pin_status               
00000000  interruptVectors              
200085a0  last_runtime                  
000024d9  main                          
00002f37  malloc                        
00000999  memalign                      
000017c1  memcpy                        
200082ac  millis                        
200082bc  num_tasks                     
200082b0  pin1_status                   
200082b4  pin2_status                   
00002cfd  resetISR                      
00000e11  setup_LEDs                    
00002839  setup_Systick                 
000021a5  setup_UART                    
200083b0  tasks                         
200085a4  uart                          
20008430  uartMSP432Objects             
200084e0  uartParams                    


GLOBAL SYMBOLS: SORTED BY Symbol Address 

address   name                          
-------   ----                          
00000000  interruptVectors              
00000145  Power_sleep                   
0000043d  UARTMSP432_open               
0000070d  GPIO_setConfig                
0000087d  UART_initModule               
00000999  aligned_alloc                 
00000999  memalign                      
00000a99  free                          
00000b7d  TimerP_construct              
00000c5d  UARTMSP432_readPolling        
00000d39  SwiP_construct                
00000e11  setup_LEDs                    
00000ee5  UARTMSP432_hwiIntFxn          
00001000  __STACK_SIZE                  
00001121  ClockP_startup                
000011d5  UARTMSP432_control            
00001289  UARTMSP432_writePolling       
0000133d  ClockP_workFuncDynamic        
000013e9  GPIO_init                     
00001495  UARTMSP432_write              
000015e5  SemaphoreP_pend               
00001725  SwiP_dispatch                 
000017c1  __aeabi_memcpy                
000017c1  __aeabi_memcpy4               
000017c1  __aeabi_memcpy8               
000017c1  memcpy                        
0000185d  __aeabi_uldivmod              
000018f3  UARTMSP432_close              
00001aa3  PowerMSP432_initPolicy        
00001b29  ClockP_start                  
00001ba9  Interrupt_disableInterrupt    
00001c29  Interrupt_enableInterrupt     
00001ca9  ClockP_walkQueueDynamic       
00001d21  HwiP_construct                
00001d91  UARTMSP432_writeCancel        
00001e71  TimerP_getCurrentTick         
00001edd  GPIO_hwiIntFxn                
00001f45  Interrupt_pendInterrupt       
00001fad  PowerMSP432_getFreqs          
00002015  SwiP_post                     
0000207d  __TI_decompress_lzss          
000020e5  GPIO_setCallback              
00002145  Scheduler_StartTask           
000021a5  setup_UART                    
00002205  Interrupt_registerInterrupt   
00002261  TimerP_dynamicStub            
00002311  Interrupt_setPriority         
00002365  SemaphoreP_construct          
00002401  ClockP_construct              
00002449  PowerMSP432_sleepPolicy       
00002491  Power_releaseConstraint       
000024d9  main                          
00002521  RingBuf_put                   
00002567  UARTMSP432_init               
00002569  SemaphoreP_post               
000025ad  SwiP_restore                  
000025f1  TimerP_start                  
00002635  UART_init                     
00002679  __TI_auto_init_nobinit_nopinit
000026bd  RingBuf_get                   
000026fd  TimerP_setNextTick            
0000273d  UARTMSP432_read               
0000277d  UART_open                     
000027fd  TimerP_initDevice             
00002839  setup_Systick                 
00002875  Power_setConstraint           
000028e5  UARTMSP432_readCancel         
0000291b  _nop                          
0000291d  _c_int00_noargs               
00002981  HwiP_create                   
000029ad  Power_registerNotify          
000029d5  SysTick_Handler               
00002a75  List_put                      
00002a9b  List_remove                   
00002ac1  ClockP_getTicks               
00002ae5  ClockP_scheduleNextTick       
00002b09  HwiP_dispatch                 
00002b2d  ClockP_add                    
00002b4d  Power_unregisterNotify        
00002b6d  QueueP_put                    
00002b8d  RingBuf_peek                  
00002bad  Interrupt_unregisterInterrupt 
00002bc9  SwiP_disable                  
00002be5  __TI_zero_init_nomemset       
00002c1d  ClockP_create                 
00002c37  QueueP_get                    
00002c51  SemaphoreP_createBinary       
00002c6b  ClockP_destruct               
00002c83  HwiP_delete                   
00002c9b  clkFxn                        
00002c9d  HwiP_inISR                    
00002cb5  UART_Params_init              
00002ccd  blue_task                     
00002ce5  green_task                    
00002cfd  resetISR                      
00002d15  SemaphoreP_create             
00002d41  Power_idleFunc                
00002d55  Scheduler_Init                
00002da5  HwiP_Params_init              
00002db7  RingBuf_construct             
00002dc9  ClockP_Params_init            
00002dd9  ClockP_delete                 
00002de9  HwiP_disable                  
00002df9  Interrupt_disableMaster       
00002e09  Interrupt_enableMaster        
00002e19  PowerMSP432_getNumPerfLevels  
00002e29  Power_disablePolicy           
00002e39  Power_enablePolicy            
00002e49  SemaphoreP_Params_init        
00002e59  SwiP_Params_init              
00002e69  SysCtl_getNMISourceStatus     
00002e79  TimerP_Params_init            
00002e99  QueueP_empty                  
00002ea7  QueueP_remove                 
00002eb5  SysTick_registerInterrupt     
00002ec3  __TI_decompress_none          
00002ed1  CPU_cpsid                     
00002edd  CPU_cpsie                     
00002ee9  ClockP_doTick                 
00002ef5  Power_getConstraintMask       
00002f01  Power_getPerformanceLevel     
00002f0d  TimerP_getFreq                
00002f19  TimerP_getMaxTicks            
00002f25  UART_write                    
00002f2f  HwiP_restore                  
00002f37  malloc                        
00002f57  ClockP_stop                   
00002f5d  QueueP_init                   
00002f63  ClockP_isActive               
00002f67  ClockP_setTimeout             
00002f6b  HwiP_post                     
00002f6f  QueueP_head                   
00002f73  QueueP_next                   
00002f77  SemaphoreP_delete             
00002f7b  TimerP_setPeriod              
00002f7f  _system_pre_init              
00002f83  C$$EXIT                       
00002f83  abort                         
00002f8d  __aeabi_idiv0                 
00002f8d  __aeabi_ldiv0                 
00003020  PowerMSP432_config            
00003084  UARTMSP432_fxnTable           
000030ac  UART_defaultParams            
000030f0  echoPrompt                    
00003106  UART_count                    
00003108  GPIOMSP432_config             
0000312c  UART_config                   
00003168  __TI_static_base__            
000031f0  __TI_Handler_Table_Base       
000031fc  __TI_Handler_Table_Limit      
00003210  __TI_CINIT_Base               
00003228  __TI_CINIT_Limit              
00008000  __SYSMEM_SIZE                 
20000000  __start___llvm_prf_cnts       
20000000  __stop___llvm_prf_cnts        
20000000  _sys_memory                   
20008140  PowerMSP432_perfLevels        
20008280  PowerMSP432_module            
200082ac  millis                        
200082b0  pin1_status                   
200082b4  pin2_status                   
200082b8  idle_pin_status               
200082bc  num_tasks                     
200082d8  _lock                         
200082dc  _unlock                       
200082e8  SemaphoreP_defaultParams      
200082f4  ClockP_tickPeriod             
200082f8  HwiP_key                      
200082fc  HwiP_swiPIntNum               
20008300  gpioCallbackFunctions         
20008304  gpioPinConfigs                
200083b0  tasks                         
20008430  uartMSP432Objects             
200084e0  uartParams                    
200085a0  last_runtime                  
200085a4  uart                          
20008800  g_pfnRAMVectors               
2000f000  __stack                       
20010000  __STACK_END                   
4000480c  WDTCTL_SYM                    
ffffffff  __TI_pprof_out_hndl           
ffffffff  __TI_prof_data_size           
ffffffff  __TI_prof_data_start          
ffffffff  __binit__                     
ffffffff  __c_args__                    
ffffffff  binit                         
UNDEFED   __mpu_init                    
UNDEFED   _system_post_cinit            

[188 symbols]
