<?xml version="1.0" encoding="ISO-8859-1" ?>
<link_info>
   <banner>TI ARM Linker Unix v20.2.7.LTS</banner>
   <copyright>Copyright (c) 1996-2018 Texas Instruments Incorporated</copyright>
   <link_time>0x63cbd1df</link_time>
   <link_errors>0x0</link_errors>
   <output_file>uartecho_MSP_EXP432P401R_nortos_ccs.out</output_file>
   <entry_point>
      <name>resetISR</name>
      <address>0x31a5</address>
   </entry_point>
   <input_file_list>
      <input_file id="fl-2">
         <path>./</path>
         <kind>object</kind>
         <file>main_nortos.obj</file>
         <name>main_nortos.obj</name>
      </input_file>
      <input_file id="fl-3">
         <path>./</path>
         <kind>object</kind>
         <file>uartecho.obj</file>
         <name>uartecho.obj</name>
      </input_file>
      <input_file id="fl-4">
         <path>./syscfg/</path>
         <kind>object</kind>
         <file>ti_drivers_config.obj</file>
         <name>ti_drivers_config.obj</name>
      </input_file>
      <input_file id="fl-f">
         <kind>object</kind>
         <file>&lt;internal&gt;</file>
         <name>&lt;internal&gt;</name>
      </input_file>
      <input_file id="fl-10">
         <path>/Users/lynn/Downloads/simplelink_msp432p4_sdk_3_40_01_02/source/ti/drivers/lib/</path>
         <kind>archive</kind>
         <file>drivers_msp432p401x.aem4f</file>
         <name>GPIOMSP432.oem4f</name>
      </input_file>
      <input_file id="fl-11">
         <path>/Users/lynn/Downloads/simplelink_msp432p4_sdk_3_40_01_02/source/ti/drivers/lib/</path>
         <kind>archive</kind>
         <file>drivers_msp432p401x.aem4f</file>
         <name>PowerMSP432.oem4f</name>
      </input_file>
      <input_file id="fl-12">
         <path>/Users/lynn/Downloads/simplelink_msp432p4_sdk_3_40_01_02/source/ti/drivers/lib/</path>
         <kind>archive</kind>
         <file>drivers_msp432p401x.aem4f</file>
         <name>UART.oem4f</name>
      </input_file>
      <input_file id="fl-13">
         <path>/Users/lynn/Downloads/simplelink_msp432p4_sdk_3_40_01_02/source/ti/drivers/lib/</path>
         <kind>archive</kind>
         <file>drivers_msp432p401x.aem4f</file>
         <name>UARTMSP432.oem4f</name>
      </input_file>
      <input_file id="fl-14">
         <path>/Users/lynn/Downloads/simplelink_msp432p4_sdk_3_40_01_02/source/ti/drivers/lib/</path>
         <kind>archive</kind>
         <file>drivers_msp432p401x.aem4f</file>
         <name>List.oem4f</name>
      </input_file>
      <input_file id="fl-15">
         <path>/Users/lynn/Downloads/simplelink_msp432p4_sdk_3_40_01_02/source/ti/drivers/lib/</path>
         <kind>archive</kind>
         <file>drivers_msp432p401x.aem4f</file>
         <name>RingBuf.oem4f</name>
      </input_file>
      <input_file id="fl-16">
         <path>/Users/lynn/Downloads/simplelink_msp432p4_sdk_3_40_01_02/kernel/nortos/lib/</path>
         <kind>archive</kind>
         <file>nortos_msp432p401x.aem4f</file>
         <name>NoRTOS.oem4f</name>
      </input_file>
      <input_file id="fl-17">
         <path>/Users/lynn/Downloads/simplelink_msp432p4_sdk_3_40_01_02/kernel/nortos/lib/</path>
         <kind>archive</kind>
         <file>nortos_msp432p401x.aem4f</file>
         <name>SemaphoreP_nortos.oem4f</name>
      </input_file>
      <input_file id="fl-18">
         <path>/Users/lynn/Downloads/simplelink_msp432p4_sdk_3_40_01_02/kernel/nortos/lib/</path>
         <kind>archive</kind>
         <file>nortos_msp432p401x.aem4f</file>
         <name>PowerMSP432_nortos.oem4f</name>
      </input_file>
      <input_file id="fl-19">
         <path>/Users/lynn/Downloads/simplelink_msp432p4_sdk_3_40_01_02/kernel/nortos/lib/</path>
         <kind>archive</kind>
         <file>nortos_msp432p401x.aem4f</file>
         <name>ClockPTimer_nortos.oem4f</name>
      </input_file>
      <input_file id="fl-1a">
         <path>/Users/lynn/Downloads/simplelink_msp432p4_sdk_3_40_01_02/kernel/nortos/lib/</path>
         <kind>archive</kind>
         <file>nortos_msp432p401x.aem4f</file>
         <name>TimerPMSP432_nortos.oem4f</name>
      </input_file>
      <input_file id="fl-1b">
         <path>/Users/lynn/Downloads/simplelink_msp432p4_sdk_3_40_01_02/kernel/nortos/lib/</path>
         <kind>archive</kind>
         <file>nortos_msp432p401x.aem4f</file>
         <name>HwiPMSP432_nortos.oem4f</name>
      </input_file>
      <input_file id="fl-1c">
         <path>/Users/lynn/Downloads/simplelink_msp432p4_sdk_3_40_01_02/kernel/nortos/lib/</path>
         <kind>archive</kind>
         <file>nortos_msp432p401x.aem4f</file>
         <name>startup_msp432_ccs.oem4f</name>
      </input_file>
      <input_file id="fl-1d">
         <path>/Users/lynn/Downloads/simplelink_msp432p4_sdk_3_40_01_02/kernel/nortos/lib/</path>
         <kind>archive</kind>
         <file>nortos_msp432p401x.aem4f</file>
         <name>QueueP_nortos.oem4f</name>
      </input_file>
      <input_file id="fl-1e">
         <path>/Users/lynn/Downloads/simplelink_msp432p4_sdk_3_40_01_02/kernel/nortos/lib/</path>
         <kind>archive</kind>
         <file>nortos_msp432p401x.aem4f</file>
         <name>SwiP_nortos.oem4f</name>
      </input_file>
      <input_file id="fl-1f">
         <path>/Users/lynn/Downloads/simplelink_msp432p4_sdk_3_40_01_02/source/ti/devices/msp432p4xx/driverlib/ccs/</path>
         <kind>archive</kind>
         <file>msp432p4xx_driverlib.lib</file>
         <name>cs.o</name>
      </input_file>
      <input_file id="fl-20">
         <path>/Users/lynn/Downloads/simplelink_msp432p4_sdk_3_40_01_02/source/ti/devices/msp432p4xx/driverlib/ccs/</path>
         <kind>archive</kind>
         <file>msp432p4xx_driverlib.lib</file>
         <name>interrupt.o</name>
      </input_file>
      <input_file id="fl-21">
         <path>/Users/lynn/Downloads/simplelink_msp432p4_sdk_3_40_01_02/source/ti/devices/msp432p4xx/driverlib/ccs/</path>
         <kind>archive</kind>
         <file>msp432p4xx_driverlib.lib</file>
         <name>sysctl.o</name>
      </input_file>
      <input_file id="fl-22">
         <path>/Users/lynn/Downloads/simplelink_msp432p4_sdk_3_40_01_02/source/ti/devices/msp432p4xx/driverlib/ccs/</path>
         <kind>archive</kind>
         <file>msp432p4xx_driverlib.lib</file>
         <name>sysctl_a.o</name>
      </input_file>
      <input_file id="fl-23">
         <path>/Users/lynn/Downloads/simplelink_msp432p4_sdk_3_40_01_02/source/ti/devices/msp432p4xx/driverlib/ccs/</path>
         <kind>archive</kind>
         <file>msp432p4xx_driverlib.lib</file>
         <name>uart.o</name>
      </input_file>
      <input_file id="fl-24">
         <path>/Users/lynn/Downloads/simplelink_msp432p4_sdk_3_40_01_02/source/ti/devices/msp432p4xx/driverlib/ccs/</path>
         <kind>archive</kind>
         <file>msp432p4xx_driverlib.lib</file>
         <name>cpu.o</name>
      </input_file>
      <input_file id="fl-da">
         <path>/Applications/ti/ccs1210/ccs/tools/compiler/ti-cgt-arm_20.2.7.LTS/lib/</path>
         <kind>archive</kind>
         <file>rtsv7M4_T_le_v4SPD16_eabi.lib</file>
         <name>memcpy_t2.asm.obj</name>
      </input_file>
      <input_file id="fl-db">
         <path>/Applications/ti/ccs1210/ccs/tools/compiler/ti-cgt-arm_20.2.7.LTS/lib/</path>
         <kind>archive</kind>
         <file>rtsv7M4_T_le_v4SPD16_eabi.lib</file>
         <name>ull_div_t2.asm.obj</name>
      </input_file>
      <input_file id="fl-dc">
         <path>/Applications/ti/ccs1210/ccs/tools/compiler/ti-cgt-arm_20.2.7.LTS/lib/</path>
         <kind>archive</kind>
         <file>rtsv7M4_T_le_v4SPD16_eabi.lib</file>
         <name>copy_zero_init.c.obj</name>
      </input_file>
      <input_file id="fl-dd">
         <path>/Applications/ti/ccs1210/ccs/tools/compiler/ti-cgt-arm_20.2.7.LTS/lib/</path>
         <kind>archive</kind>
         <file>rtsv7M4_T_le_v4SPD16_eabi.lib</file>
         <name>copy_decompress_none.c.obj</name>
      </input_file>
      <input_file id="fl-de">
         <path>/Applications/ti/ccs1210/ccs/tools/compiler/ti-cgt-arm_20.2.7.LTS/lib/</path>
         <kind>archive</kind>
         <file>rtsv7M4_T_le_v4SPD16_eabi.lib</file>
         <name>copy_decompress_lzss.c.obj</name>
      </input_file>
      <input_file id="fl-df">
         <path>/Applications/ti/ccs1210/ccs/tools/compiler/ti-cgt-arm_20.2.7.LTS/lib/</path>
         <kind>archive</kind>
         <file>rtsv7M4_T_le_v4SPD16_eabi.lib</file>
         <name>memory.c.obj</name>
      </input_file>
      <input_file id="fl-e0">
         <path>/Applications/ti/ccs1210/ccs/tools/compiler/ti-cgt-arm_20.2.7.LTS/lib/</path>
         <kind>archive</kind>
         <file>rtsv7M4_T_le_v4SPD16_eabi.lib</file>
         <name>boot_cortex_m.c.obj</name>
      </input_file>
      <input_file id="fl-e1">
         <path>/Applications/ti/ccs1210/ccs/tools/compiler/ti-cgt-arm_20.2.7.LTS/lib/</path>
         <kind>archive</kind>
         <file>rtsv7M4_T_le_v4SPD16_eabi.lib</file>
         <name>div0.asm.obj</name>
      </input_file>
      <input_file id="fl-e2">
         <path>/Applications/ti/ccs1210/ccs/tools/compiler/ti-cgt-arm_20.2.7.LTS/lib/</path>
         <kind>archive</kind>
         <file>rtsv7M4_T_le_v4SPD16_eabi.lib</file>
         <name>memset_t2.asm.obj</name>
      </input_file>
      <input_file id="fl-e3">
         <path>/Applications/ti/ccs1210/ccs/tools/compiler/ti-cgt-arm_20.2.7.LTS/lib/</path>
         <kind>archive</kind>
         <file>rtsv7M4_T_le_v4SPD16_eabi.lib</file>
         <name>autoinit.c.obj</name>
      </input_file>
      <input_file id="fl-e4">
         <path>/Applications/ti/ccs1210/ccs/tools/compiler/ti-cgt-arm_20.2.7.LTS/lib/</path>
         <kind>archive</kind>
         <file>rtsv7M4_T_le_v4SPD16_eabi.lib</file>
         <name>pre_init.c.obj</name>
      </input_file>
      <input_file id="fl-e5">
         <path>/Applications/ti/ccs1210/ccs/tools/compiler/ti-cgt-arm_20.2.7.LTS/lib/</path>
         <kind>archive</kind>
         <file>rtsv7M4_T_le_v4SPD16_eabi.lib</file>
         <name>cpy_tbl.c.obj</name>
      </input_file>
      <input_file id="fl-e6">
         <path>/Applications/ti/ccs1210/ccs/tools/compiler/ti-cgt-arm_20.2.7.LTS/lib/</path>
         <kind>archive</kind>
         <file>rtsv7M4_T_le_v4SPD16_eabi.lib</file>
         <name>exit.c.obj</name>
      </input_file>
      <input_file id="fl-e7">
         <path>/Applications/ti/ccs1210/ccs/tools/compiler/ti-cgt-arm_20.2.7.LTS/lib/</path>
         <kind>archive</kind>
         <file>rtsv7M4_T_le_v4SPD16_eabi.lib</file>
         <name>_lock.c.obj</name>
      </input_file>
      <input_file id="fl-e8">
         <path>/Applications/ti/ccs1210/ccs/tools/compiler/ti-cgt-arm_20.2.7.LTS/lib/</path>
         <kind>archive</kind>
         <file>rtsv7M4_T_le_v4SPD16_eabi.lib</file>
         <name>args_main.c.obj</name>
      </input_file>
   </input_file_list>
   <object_component_list>
      <object_component id="oc-3fb">
         <name>.text:Power_sleep</name>
         <load_address>0x144</load_address>
         <run_address>0x144</run_address>
         <size>0x2f8</size>
         <input_file_ref idref="fl-11"/>
      </object_component>
      <object_component id="oc-482">
         <name>.text:UARTMSP432_open</name>
         <load_address>0x43c</load_address>
         <run_address>0x43c</run_address>
         <size>0x2d0</size>
         <input_file_ref idref="fl-13"/>
      </object_component>
      <object_component id="oc-1ee">
         <name>.text:initPerfControl</name>
         <load_address>0x70c</load_address>
         <run_address>0x70c</run_address>
         <size>0x288</size>
         <input_file_ref idref="fl-11"/>
      </object_component>
      <object_component id="oc-1a0">
         <name>.text:GPIO_setConfig</name>
         <load_address>0x994</load_address>
         <run_address>0x994</run_address>
         <size>0x170</size>
         <input_file_ref idref="fl-10"/>
      </object_component>
      <object_component id="oc-6a8">
         <name>.text:UART_initModule</name>
         <load_address>0xb04</load_address>
         <run_address>0xb04</run_address>
         <size>0x11c</size>
         <input_file_ref idref="fl-23"/>
      </object_component>
      <object_component id="oc-3bb">
         <name>.text:aligned_alloc</name>
         <load_address>0xc20</load_address>
         <run_address>0xc20</run_address>
         <size>0x100</size>
         <input_file_ref idref="fl-df"/>
      </object_component>
      <object_component id="oc-2b3">
         <name>.text:CS_startHFXTWithTimeout</name>
         <load_address>0xd20</load_address>
         <run_address>0xd20</run_address>
         <size>0xe4</size>
         <input_file_ref idref="fl-1f"/>
      </object_component>
      <object_component id="oc-2dd">
         <name>.text:free</name>
         <load_address>0xe04</load_address>
         <run_address>0xe04</run_address>
         <size>0xe4</size>
         <input_file_ref idref="fl-df"/>
      </object_component>
      <object_component id="oc-2b9">
         <name>.text:CS_startLFXTWithTimeout</name>
         <load_address>0xee8</load_address>
         <run_address>0xee8</run_address>
         <size>0xe0</size>
         <input_file_ref idref="fl-1f"/>
      </object_component>
      <object_component id="oc-63e">
         <name>.text:TimerP_construct</name>
         <load_address>0xfc8</load_address>
         <run_address>0xfc8</run_address>
         <size>0xe0</size>
         <input_file_ref idref="fl-1a"/>
      </object_component>
      <object_component id="oc-48e">
         <name>.text:UARTMSP432_readPolling</name>
         <load_address>0x10a8</load_address>
         <run_address>0x10a8</run_address>
         <size>0xdc</size>
         <input_file_ref idref="fl-13"/>
      </object_component>
      <object_component id="oc-38b">
         <name>.text:_CSGetHFXTFrequency</name>
         <load_address>0x1184</load_address>
         <run_address>0x1184</run_address>
         <size>0xdc</size>
         <input_file_ref idref="fl-1f"/>
      </object_component>
      <object_component id="oc-632">
         <name>.text:SwiP_construct</name>
         <load_address>0x1260</load_address>
         <run_address>0x1260</run_address>
         <size>0xd8</size>
         <input_file_ref idref="fl-1e"/>
      </object_component>
      <object_component id="oc-5cb">
         <name>.text:UARTMSP432_hwiIntFxn</name>
         <load_address>0x1338</load_address>
         <run_address>0x1338</run_address>
         <size>0xca</size>
         <input_file_ref idref="fl-13"/>
      </object_component>
      <object_component id="oc-186">
         <name>.text:Board_initHook</name>
         <load_address>0x1402</load_address>
         <run_address>0x1402</run_address>
         <size>0x2</size>
         <input_file_ref idref="fl-4"/>
      </object_component>
      <object_component id="oc-5bf">
         <name>.text:initHw</name>
         <load_address>0x1404</load_address>
         <run_address>0x1404</run_address>
         <size>0xb8</size>
         <input_file_ref idref="fl-13"/>
      </object_component>
      <object_component id="oc-6de">
         <name>.text:readTaskCallback</name>
         <load_address>0x14bc</load_address>
         <run_address>0x14bc</run_address>
         <size>0xb8</size>
         <input_file_ref idref="fl-13"/>
      </object_component>
      <object_component id="oc-51f">
         <name>.text:ClockP_startup</name>
         <load_address>0x1574</load_address>
         <run_address>0x1574</run_address>
         <size>0xb4</size>
         <input_file_ref idref="fl-19"/>
      </object_component>
      <object_component id="oc-476">
         <name>.text:UARTMSP432_control</name>
         <load_address>0x1628</load_address>
         <run_address>0x1628</run_address>
         <size>0xb4</size>
         <input_file_ref idref="fl-13"/>
      </object_component>
      <object_component id="oc-4a0">
         <name>.text:UARTMSP432_writePolling</name>
         <load_address>0x16dc</load_address>
         <run_address>0x16dc</run_address>
         <size>0xb4</size>
         <input_file_ref idref="fl-13"/>
      </object_component>
      <object_component id="oc-653">
         <name>.text:ClockP_workFuncDynamic</name>
         <load_address>0x1790</load_address>
         <run_address>0x1790</run_address>
         <size>0xac</size>
         <input_file_ref idref="fl-19"/>
      </object_component>
      <object_component id="oc-194">
         <name>.text:GPIO_init</name>
         <load_address>0x183c</load_address>
         <run_address>0x183c</run_address>
         <size>0xac</size>
         <input_file_ref idref="fl-10"/>
      </object_component>
      <object_component id="oc-49a">
         <name>.text:UARTMSP432_write</name>
         <load_address>0x18e8</load_address>
         <run_address>0x18e8</run_address>
         <size>0xa8</size>
         <input_file_ref idref="fl-13"/>
      </object_component>
      <object_component id="oc-6cc">
         <name>.text:readTaskBlocking</name>
         <load_address>0x1990</load_address>
         <run_address>0x1990</run_address>
         <size>0xa8</size>
         <input_file_ref idref="fl-13"/>
      </object_component>
      <object_component id="oc-227">
         <name>.text:SemaphoreP_pend</name>
         <load_address>0x1a38</load_address>
         <run_address>0x1a38</run_address>
         <size>0xa0</size>
         <input_file_ref idref="fl-17"/>
      </object_component>
      <object_component id="oc-6e4">
         <name>.text:readIsrTextCallback</name>
         <load_address>0x1ad8</load_address>
         <run_address>0x1ad8</run_address>
         <size>0xa0</size>
         <input_file_ref idref="fl-13"/>
      </object_component>
      <object_component id="oc-180">
         <name>.text:Power_init</name>
         <load_address>0x1b78</load_address>
         <run_address>0x1b78</run_address>
         <size>0x9c</size>
         <input_file_ref idref="fl-11"/>
      </object_component>
      <object_component id="oc-78a">
         <name>.text:SwiP_dispatch</name>
         <load_address>0x1c14</load_address>
         <run_address>0x1c14</run_address>
         <size>0x9c</size>
         <input_file_ref idref="fl-1e"/>
      </object_component>
      <object_component id="oc-3a">
         <name>.text</name>
         <load_address>0x1cb0</load_address>
         <run_address>0x1cb0</run_address>
         <size>0x9c</size>
         <input_file_ref idref="fl-da"/>
      </object_component>
      <object_component id="oc-546">
         <name>.text</name>
         <load_address>0x1d4c</load_address>
         <run_address>0x1d4c</run_address>
         <size>0x96</size>
         <input_file_ref idref="fl-db"/>
      </object_component>
      <object_component id="oc-470">
         <name>.text:UARTMSP432_close</name>
         <load_address>0x1de2</load_address>
         <run_address>0x1de2</run_address>
         <size>0x92</size>
         <input_file_ref idref="fl-13"/>
      </object_component>
      <object_component id="oc-6bc">
         <name>.text:writeData</name>
         <load_address>0x1e74</load_address>
         <run_address>0x1e74</run_address>
         <size>0x92</size>
         <input_file_ref idref="fl-13"/>
      </object_component>
      <object_component id="oc-6d2">
         <name>.text:readIsrTextBlocking</name>
         <load_address>0x1f06</load_address>
         <run_address>0x1f06</run_address>
         <size>0x8c</size>
         <input_file_ref idref="fl-13"/>
      </object_component>
      <object_component id="oc-74a">
         <name>.text:IntDefaultHandler</name>
         <load_address>0x1f92</load_address>
         <run_address>0x1f92</run_address>
         <size>0x2</size>
         <input_file_ref idref="fl-20"/>
      </object_component>
      <object_component id="oc-11b">
         <name>.text:mainThread</name>
         <load_address>0x1f94</load_address>
         <run_address>0x1f94</run_address>
         <size>0x84</size>
         <input_file_ref idref="fl-3"/>
      </object_component>
      <object_component id="oc-4f4">
         <name>.text:restartHFXT</name>
         <load_address>0x2018</load_address>
         <run_address>0x2018</run_address>
         <size>0x84</size>
         <input_file_ref idref="fl-11"/>
      </object_component>
      <object_component id="oc-30e">
         <name>.text:ClockP_start</name>
         <load_address>0x209c</load_address>
         <run_address>0x209c</run_address>
         <size>0x80</size>
         <input_file_ref idref="fl-19"/>
      </object_component>
      <object_component id="oc-677">
         <name>.text:Interrupt_disableInterrupt</name>
         <load_address>0x211c</load_address>
         <run_address>0x211c</run_address>
         <size>0x80</size>
         <input_file_ref idref="fl-20"/>
      </object_component>
      <object_component id="oc-3ce">
         <name>.text:Interrupt_enableInterrupt</name>
         <load_address>0x219c</load_address>
         <run_address>0x219c</run_address>
         <size>0x80</size>
         <input_file_ref idref="fl-20"/>
      </object_component>
      <object_component id="oc-733">
         <name>.text:ClockP_walkQueueDynamic</name>
         <load_address>0x221c</load_address>
         <run_address>0x221c</run_address>
         <size>0x78</size>
         <input_file_ref idref="fl-19"/>
      </object_component>
      <object_component id="oc-2d7">
         <name>.text:HwiP_construct</name>
         <load_address>0x2294</load_address>
         <run_address>0x2294</run_address>
         <size>0x70</size>
         <input_file_ref idref="fl-1b"/>
      </object_component>
      <object_component id="oc-4a6">
         <name>.text:UARTMSP432_writeCancel</name>
         <load_address>0x2304</load_address>
         <run_address>0x2304</run_address>
         <size>0x70</size>
         <input_file_ref idref="fl-13"/>
      </object_component>
      <object_component id="oc-4c0">
         <name>.text:split</name>
         <load_address>0x2374</load_address>
         <run_address>0x2374</run_address>
         <size>0x70</size>
         <input_file_ref idref="fl-df"/>
      </object_component>
      <object_component id="oc-44a">
         <name>.text:TimerP_getCurrentTick</name>
         <load_address>0x23e4</load_address>
         <run_address>0x23e4</run_address>
         <size>0x6c</size>
         <input_file_ref idref="fl-1a"/>
      </object_component>
      <object_component id="oc-251">
         <name>.text:GPIO_hwiIntFxn</name>
         <load_address>0x2450</load_address>
         <run_address>0x2450</run_address>
         <size>0x68</size>
         <input_file_ref idref="fl-10"/>
      </object_component>
      <object_component id="oc-61c">
         <name>.text:Interrupt_pendInterrupt</name>
         <load_address>0x24b8</load_address>
         <run_address>0x24b8</run_address>
         <size>0x68</size>
         <input_file_ref idref="fl-20"/>
      </object_component>
      <object_component id="oc-59b">
         <name>.text:PowerMSP432_getFreqs</name>
         <load_address>0x2520</load_address>
         <run_address>0x2520</run_address>
         <size>0x68</size>
         <input_file_ref idref="fl-11"/>
      </object_component>
      <object_component id="oc-73a">
         <name>.text:SwiP_post</name>
         <load_address>0x2588</load_address>
         <run_address>0x2588</run_address>
         <size>0x68</size>
         <input_file_ref idref="fl-1e"/>
      </object_component>
      <object_component id="oc-12">
         <name>.text:decompress:lzss:__TI_decompress_lzss</name>
         <load_address>0x25f0</load_address>
         <run_address>0x25f0</run_address>
         <size>0x68</size>
         <input_file_ref idref="fl-de"/>
      </object_component>
      <object_component id="oc-22d">
         <name>.text:GPIO_setCallback</name>
         <load_address>0x2658</load_address>
         <run_address>0x2658</run_address>
         <size>0x60</size>
         <input_file_ref idref="fl-10"/>
      </object_component>
      <object_component id="oc-3c2">
         <name>.text:Interrupt_registerInterrupt</name>
         <load_address>0x26b8</load_address>
         <run_address>0x26b8</run_address>
         <size>0x5c</size>
         <input_file_ref idref="fl-20"/>
      </object_component>
      <object_component id="oc-1a6">
         <name>.text:GPIO_write</name>
         <load_address>0x2714</load_address>
         <run_address>0x2714</run_address>
         <size>0x58</size>
         <input_file_ref idref="fl-10"/>
      </object_component>
      <object_component id="oc-725">
         <name>.text:TimerP_dynamicStub</name>
         <load_address>0x276c</load_address>
         <run_address>0x276c</run_address>
         <size>0x58</size>
         <input_file_ref idref="fl-1a"/>
      </object_component>
      <object_component id="oc-6c6">
         <name>.text:readIsrBinaryBlocking</name>
         <load_address>0x27c4</load_address>
         <run_address>0x27c4</run_address>
         <size>0x58</size>
         <input_file_ref idref="fl-13"/>
      </object_component>
      <object_component id="oc-3c8">
         <name>.text:Interrupt_setPriority</name>
         <load_address>0x281c</load_address>
         <run_address>0x281c</run_address>
         <size>0x54</size>
         <input_file_ref idref="fl-20"/>
      </object_component>
      <object_component id="oc-42c">
         <name>.text:SemaphoreP_construct</name>
         <load_address>0x2870</load_address>
         <run_address>0x2870</run_address>
         <size>0x50</size>
         <input_file_ref idref="fl-17"/>
      </object_component>
      <object_component id="oc-6d8">
         <name>.text:readIsrBinaryCallback</name>
         <load_address>0x28c0</load_address>
         <run_address>0x28c0</run_address>
         <size>0x4c</size>
         <input_file_ref idref="fl-13"/>
      </object_component>
      <object_component id="oc-6a0">
         <name>.text:ClockP_construct</name>
         <load_address>0x290c</load_address>
         <run_address>0x290c</run_address>
         <size>0x48</size>
         <input_file_ref idref="fl-19"/>
      </object_component>
      <object_component id="oc-2ec">
         <name>.text:PowerMSP432_sleepPolicy</name>
         <load_address>0x2954</load_address>
         <run_address>0x2954</run_address>
         <size>0x48</size>
         <input_file_ref idref="fl-18"/>
      </object_component>
      <object_component id="oc-56e">
         <name>.text:Power_releaseConstraint</name>
         <load_address>0x299c</load_address>
         <run_address>0x299c</run_address>
         <size>0x48</size>
         <input_file_ref idref="fl-11"/>
      </object_component>
      <object_component id="oc-761">
         <name>.text:RingBuf_put</name>
         <load_address>0x29e4</load_address>
         <run_address>0x29e4</run_address>
         <size>0x46</size>
         <input_file_ref idref="fl-15"/>
      </object_component>
      <object_component id="oc-2e6">
         <name>.text:PowerMSP432_initPolicy</name>
         <load_address>0x2a2a</load_address>
         <run_address>0x2a2a</run_address>
         <size>0x2</size>
         <input_file_ref idref="fl-18"/>
      </object_component>
      <object_component id="oc-233">
         <name>.text:SemaphoreP_post</name>
         <load_address>0x2a2c</load_address>
         <run_address>0x2a2c</run_address>
         <size>0x44</size>
         <input_file_ref idref="fl-17"/>
      </object_component>
      <object_component id="oc-401">
         <name>.text:SwiP_restore</name>
         <load_address>0x2a70</load_address>
         <run_address>0x2a70</run_address>
         <size>0x44</size>
         <input_file_ref idref="fl-1e"/>
      </object_component>
      <object_component id="oc-719">
         <name>.text:TimerP_start</name>
         <load_address>0x2ab4</load_address>
         <run_address>0x2ab4</run_address>
         <size>0x44</size>
         <input_file_ref idref="fl-1a"/>
      </object_component>
      <object_component id="oc-19a">
         <name>.text:UART_init</name>
         <load_address>0x2af8</load_address>
         <run_address>0x2af8</run_address>
         <size>0x44</size>
         <input_file_ref idref="fl-12"/>
      </object_component>
      <object_component id="oc-12e">
         <name>.text:__TI_auto_init_nobinit_nopinit:__TI_auto_init_nobinit_nopinit</name>
         <load_address>0x2b3c</load_address>
         <run_address>0x2b3c</run_address>
         <size>0x44</size>
         <input_file_ref idref="fl-e3"/>
      </object_component>
      <object_component id="oc-5ec">
         <name>.text:RingBuf_get</name>
         <load_address>0x2b80</load_address>
         <run_address>0x2b80</run_address>
         <size>0x40</size>
         <input_file_ref idref="fl-15"/>
      </object_component>
      <object_component id="oc-54d">
         <name>.text:TimerP_setNextTick</name>
         <load_address>0x2bc0</load_address>
         <run_address>0x2bc0</run_address>
         <size>0x40</size>
         <input_file_ref idref="fl-1a"/>
      </object_component>
      <object_component id="oc-488">
         <name>.text:UARTMSP432_read</name>
         <load_address>0x2c00</load_address>
         <run_address>0x2c00</run_address>
         <size>0x40</size>
         <input_file_ref idref="fl-13"/>
      </object_component>
      <object_component id="oc-1b2">
         <name>.text:UART_open</name>
         <load_address>0x2c40</load_address>
         <run_address>0x2c40</run_address>
         <size>0x40</size>
         <input_file_ref idref="fl-12"/>
      </object_component>
      <object_component id="oc-5c5">
         <name>.text:perfChangeNotifyFxn</name>
         <load_address>0x2c80</load_address>
         <run_address>0x2c80</run_address>
         <size>0x40</size>
         <input_file_ref idref="fl-13"/>
      </object_component>
      <object_component id="oc-70d">
         <name>.text:TimerP_initDevice</name>
         <load_address>0x2cc0</load_address>
         <run_address>0x2cc0</run_address>
         <size>0x3c</size>
         <input_file_ref idref="fl-1a"/>
      </object_component>
      <object_component id="oc-581">
         <name>.text:Power_setConstraint</name>
         <load_address>0x2cfc</load_address>
         <run_address>0x2cfc</run_address>
         <size>0x38</size>
         <input_file_ref idref="fl-11"/>
      </object_component>
      <object_component id="oc-4e8">
         <name>.text:notify</name>
         <load_address>0x2d34</load_address>
         <run_address>0x2d34</run_address>
         <size>0x38</size>
         <input_file_ref idref="fl-11"/>
      </object_component>
      <object_component id="oc-494">
         <name>.text:UARTMSP432_readCancel</name>
         <load_address>0x2d6c</load_address>
         <run_address>0x2d6c</run_address>
         <size>0x36</size>
         <input_file_ref idref="fl-13"/>
      </object_component>
      <object_component id="oc-2bf">
         <name>.text:PowerMSP432_updateFreqs</name>
         <load_address>0x2da2</load_address>
         <run_address>0x2da2</run_address>
         <size>0x2</size>
         <input_file_ref idref="fl-18"/>
      </object_component>
      <object_component id="oc-a8">
         <name>.text:_c_int00_noargs:_c_int00_noargs</name>
         <load_address>0x2da4</load_address>
         <run_address>0x2da4</run_address>
         <size>0x34</size>
         <input_file_ref idref="fl-e0"/>
      </object_component>
      <object_component id="oc-589">
         <name>.text:mapPin</name>
         <load_address>0x2dd8</load_address>
         <run_address>0x2dd8</run_address>
         <size>0x30</size>
         <input_file_ref idref="fl-13"/>
      </object_component>
      <object_component id="oc-1fa">
         <name>.text:HwiP_create</name>
         <load_address>0x2e08</load_address>
         <run_address>0x2e08</run_address>
         <size>0x2a</size>
         <input_file_ref idref="fl-1b"/>
      </object_component>
      <object_component id="oc-47c">
         <name>.text:UARTMSP432_init</name>
         <load_address>0x2e32</load_address>
         <run_address>0x2e32</run_address>
         <size>0x2</size>
         <input_file_ref idref="fl-13"/>
      </object_component>
      <object_component id="oc-5a7">
         <name>.text:Power_registerNotify</name>
         <load_address>0x2e34</load_address>
         <run_address>0x2e34</run_address>
         <size>0x28</size>
         <input_file_ref idref="fl-11"/>
      </object_component>
      <object_component id="oc-2ad">
         <name>.text:disableFaultCounter</name>
         <load_address>0x2e5c</load_address>
         <run_address>0x2e5c</run_address>
         <size>0x28</size>
         <input_file_ref idref="fl-11"/>
      </object_component>
      <object_component id="oc-4ee">
         <name>.text:disableHFXT</name>
         <load_address>0x2e84</load_address>
         <run_address>0x2e84</run_address>
         <size>0x28</size>
         <input_file_ref idref="fl-11"/>
      </object_component>
      <object_component id="oc-5a1">
         <name>.text:findBaudDividerIndex</name>
         <load_address>0x2eac</load_address>
         <run_address>0x2eac</run_address>
         <size>0x28</size>
         <input_file_ref idref="fl-13"/>
      </object_component>
      <object_component id="oc-3e7">
         <name>.text:free_list_insert</name>
         <load_address>0x2ed4</load_address>
         <run_address>0x2ed4</run_address>
         <size>0x28</size>
         <input_file_ref idref="fl-df"/>
      </object_component>
      <object_component id="oc-695">
         <name>.text:List_put</name>
         <load_address>0x2efc</load_address>
         <run_address>0x2efc</run_address>
         <size>0x26</size>
         <input_file_ref idref="fl-14"/>
      </object_component>
      <object_component id="oc-686">
         <name>.text:List_remove</name>
         <load_address>0x2f22</load_address>
         <run_address>0x2f22</run_address>
         <size>0x26</size>
         <input_file_ref idref="fl-14"/>
      </object_component>
      <object_component id="oc-456">
         <name>.text:ClockP_getTicks</name>
         <load_address>0x2f48</load_address>
         <run_address>0x2f48</run_address>
         <size>0x24</size>
         <input_file_ref idref="fl-19"/>
      </object_component>
      <object_component id="oc-450">
         <name>.text:ClockP_scheduleNextTick</name>
         <load_address>0x2f6c</load_address>
         <run_address>0x2f6c</run_address>
         <size>0x24</size>
         <input_file_ref idref="fl-19"/>
      </object_component>
      <object_component id="oc-3d4">
         <name>.text:HwiP_dispatch</name>
         <load_address>0x2f90</load_address>
         <run_address>0x2f90</run_address>
         <size>0x24</size>
         <input_file_ref idref="fl-1b"/>
      </object_component>
      <object_component id="oc-2a7">
         <name>.text:CS_setExternalClockSourceFrequency</name>
         <load_address>0x2fb4</load_address>
         <run_address>0x2fb4</run_address>
         <size>0x20</size>
         <input_file_ref idref="fl-1f"/>
      </object_component>
      <object_component id="oc-308">
         <name>.text:ClockP_add</name>
         <load_address>0x2fd4</load_address>
         <run_address>0x2fd4</run_address>
         <size>0x20</size>
         <input_file_ref idref="fl-19"/>
      </object_component>
      <object_component id="oc-574">
         <name>.text:Power_unregisterNotify</name>
         <load_address>0x2ff4</load_address>
         <run_address>0x2ff4</run_address>
         <size>0x20</size>
         <input_file_ref idref="fl-11"/>
      </object_component>
      <object_component id="oc-43f">
         <name>.text:QueueP_put</name>
         <load_address>0x3014</load_address>
         <run_address>0x3014</run_address>
         <size>0x20</size>
         <input_file_ref idref="fl-1d"/>
      </object_component>
      <object_component id="oc-57b">
         <name>.text:RingBuf_peek</name>
         <load_address>0x3034</load_address>
         <run_address>0x3034</run_address>
         <size>0x20</size>
         <input_file_ref idref="fl-15"/>
      </object_component>
      <object_component id="oc-67d">
         <name>.text:Interrupt_unregisterInterrupt</name>
         <load_address>0x3054</load_address>
         <run_address>0x3054</run_address>
         <size>0x1c</size>
         <input_file_ref idref="fl-20"/>
      </object_component>
      <object_component id="oc-3ef">
         <name>.text:SwiP_disable</name>
         <load_address>0x3070</load_address>
         <run_address>0x3070</run_address>
         <size>0x1c</size>
         <input_file_ref idref="fl-1e"/>
      </object_component>
      <object_component id="oc-46">
         <name>.text:decompress:ZI:__TI_zero_init_nomemset:__TI_zero_init_nomemset</name>
         <load_address>0x308c</load_address>
         <run_address>0x308c</run_address>
         <size>0x1c</size>
         <input_file_ref idref="fl-dc"/>
      </object_component>
      <object_component id="oc-3e1">
         <name>.text:free_list_remove</name>
         <load_address>0x30a8</load_address>
         <run_address>0x30a8</run_address>
         <size>0x1c</size>
         <input_file_ref idref="fl-df"/>
      </object_component>
      <object_component id="oc-5b3">
         <name>.text:ClockP_create</name>
         <load_address>0x30c4</load_address>
         <run_address>0x30c4</run_address>
         <size>0x1a</size>
         <input_file_ref idref="fl-19"/>
      </object_component>
      <object_component id="oc-7bb">
         <name>.text:QueueP_get</name>
         <load_address>0x30de</load_address>
         <run_address>0x30de</run_address>
         <size>0x1a</size>
         <input_file_ref idref="fl-1d"/>
      </object_component>
      <object_component id="oc-20f">
         <name>.text:SemaphoreP_createBinary</name>
         <load_address>0x30f8</load_address>
         <run_address>0x30f8</run_address>
         <size>0x1a</size>
         <input_file_ref idref="fl-17"/>
      </object_component>
      <object_component id="oc-320">
         <name>.text:ClockP_destruct</name>
         <load_address>0x3112</load_address>
         <run_address>0x3112</run_address>
         <size>0x18</size>
         <input_file_ref idref="fl-19"/>
      </object_component>
      <object_component id="oc-562">
         <name>.text:HwiP_delete</name>
         <load_address>0x312a</load_address>
         <run_address>0x312a</run_address>
         <size>0x18</size>
         <input_file_ref idref="fl-1b"/>
      </object_component>
      <object_component id="oc-288">
         <name>.text:_nop</name>
         <load_address>0x3142</load_address>
         <run_address>0x3142</run_address>
         <size>0x2</size>
         <input_file_ref idref="fl-e7"/>
      </object_component>
      <object_component id="oc-336">
         <name>.text:HwiP_inISR</name>
         <load_address>0x3144</load_address>
         <run_address>0x3144</run_address>
         <size>0x18</size>
         <input_file_ref idref="fl-1b"/>
      </object_component>
      <object_component id="oc-385">
         <name>.text:SysCtl_A_disableNMISource</name>
         <load_address>0x315c</load_address>
         <run_address>0x315c</run_address>
         <size>0x18</size>
         <input_file_ref idref="fl-22"/>
      </object_component>
      <object_component id="oc-391">
         <name>.text:SysCtl_A_enableNMISource</name>
         <load_address>0x3174</load_address>
         <run_address>0x3174</run_address>
         <size>0x18</size>
         <input_file_ref idref="fl-22"/>
      </object_component>
      <object_component id="oc-1ac">
         <name>.text:UART_Params_init</name>
         <load_address>0x318c</load_address>
         <run_address>0x318c</run_address>
         <size>0x18</size>
         <input_file_ref idref="fl-12"/>
      </object_component>
      <object_component id="oc-1f">
         <name>.text:resetISR</name>
         <load_address>0x31a4</load_address>
         <run_address>0x31a4</run_address>
         <size>0x18</size>
         <input_file_ref idref="fl-1c"/>
      </object_component>
      <object_component id="oc-2fd">
         <name>.text:SemaphoreP_create</name>
         <load_address>0x31bc</load_address>
         <run_address>0x31bc</run_address>
         <size>0x16</size>
         <input_file_ref idref="fl-17"/>
      </object_component>
      <object_component id="oc-7b5">
         <name>.text:maxbit</name>
         <load_address>0x31d2</load_address>
         <run_address>0x31d2</run_address>
         <size>0x16</size>
         <input_file_ref idref="fl-1e"/>
      </object_component>
      <object_component id="oc-517">
         <name>.text:Power_idleFunc</name>
         <load_address>0x31e8</load_address>
         <run_address>0x31e8</run_address>
         <size>0x14</size>
         <input_file_ref idref="fl-11"/>
      </object_component>
      <object_component id="oc-702">
         <name>.text:SwiP_handleHwi</name>
         <load_address>0x31fc</load_address>
         <run_address>0x31fc</run_address>
         <size>0x14</size>
         <input_file_ref idref="fl-1e"/>
      </object_component>
      <object_component id="oc-540">
         <name>.text:TimerP_getCount</name>
         <load_address>0x3210</load_address>
         <run_address>0x3210</run_address>
         <size>0x14</size>
         <input_file_ref idref="fl-1a"/>
      </object_component>
      <object_component id="oc-5f5">
         <name>.text:clearTXCPTIFG</name>
         <load_address>0x3224</load_address>
         <run_address>0x3224</run_address>
         <size>0x14</size>
         <input_file_ref idref="fl-13"/>
      </object_component>
      <object_component id="oc-1f4">
         <name>.text:HwiP_Params_init</name>
         <load_address>0x3238</load_address>
         <run_address>0x3238</run_address>
         <size>0x12</size>
         <input_file_ref idref="fl-1b"/>
      </object_component>
      <object_component id="oc-5b9">
         <name>.text:RingBuf_construct</name>
         <load_address>0x324a</load_address>
         <run_address>0x324a</run_address>
         <size>0x12</size>
         <input_file_ref idref="fl-15"/>
      </object_component>
      <object_component id="oc-f6">
         <name>.text:main</name>
         <load_address>0x325c</load_address>
         <run_address>0x325c</run_address>
         <size>0x12</size>
         <input_file_ref idref="fl-2"/>
      </object_component>
      <object_component id="oc-6c">
         <name>.text:busFaultISR</name>
         <load_address>0x326e</load_address>
         <run_address>0x326e</run_address>
         <size>0x2</size>
         <input_file_ref idref="fl-1c"/>
      </object_component>
      <object_component id="oc-5ad">
         <name>.text:ClockP_Params_init</name>
         <load_address>0x3270</load_address>
         <run_address>0x3270</run_address>
         <size>0x10</size>
         <input_file_ref idref="fl-19"/>
      </object_component>
      <object_component id="oc-568">
         <name>.text:ClockP_delete</name>
         <load_address>0x3280</load_address>
         <run_address>0x3280</run_address>
         <size>0x10</size>
         <input_file_ref idref="fl-19"/>
      </object_component>
      <object_component id="oc-215">
         <name>.text:HwiP_disable</name>
         <load_address>0x3290</load_address>
         <run_address>0x3290</run_address>
         <size>0x10</size>
         <input_file_ref idref="fl-1b"/>
      </object_component>
      <object_component id="oc-52">
         <name>.text:Interrupt_disableMaster</name>
         <load_address>0x32a0</load_address>
         <run_address>0x32a0</run_address>
         <size>0x10</size>
         <input_file_ref idref="fl-20"/>
      </object_component>
      <object_component id="oc-18d">
         <name>.text:Interrupt_enableMaster</name>
         <load_address>0x32b0</load_address>
         <run_address>0x32b0</run_address>
         <size>0x10</size>
         <input_file_ref idref="fl-20"/>
      </object_component>
      <object_component id="oc-58f">
         <name>.text:PowerMSP432_getNumPerfLevels</name>
         <load_address>0x32c0</load_address>
         <run_address>0x32c0</run_address>
         <size>0x10</size>
         <input_file_ref idref="fl-11"/>
      </object_component>
      <object_component id="oc-33c">
         <name>.text:Power_disablePolicy</name>
         <load_address>0x32d0</load_address>
         <run_address>0x32d0</run_address>
         <size>0x10</size>
         <input_file_ref idref="fl-11"/>
      </object_component>
      <object_component id="oc-314">
         <name>.text:Power_enablePolicy</name>
         <load_address>0x32e0</load_address>
         <run_address>0x32e0</run_address>
         <size>0x10</size>
         <input_file_ref idref="fl-11"/>
      </object_component>
      <object_component id="oc-2f7">
         <name>.text:SemaphoreP_Params_init</name>
         <load_address>0x32f0</load_address>
         <run_address>0x32f0</run_address>
         <size>0x10</size>
         <input_file_ref idref="fl-17"/>
      </object_component>
      <object_component id="oc-62c">
         <name>.text:SwiP_Params_init</name>
         <load_address>0x3300</load_address>
         <run_address>0x3300</run_address>
         <size>0x10</size>
         <input_file_ref idref="fl-1e"/>
      </object_component>
      <object_component id="oc-37f">
         <name>.text:SysCtl_A_getNMISourceStatus</name>
         <load_address>0x3310</load_address>
         <run_address>0x3310</run_address>
         <size>0x10</size>
         <input_file_ref idref="fl-22"/>
      </object_component>
      <object_component id="oc-615">
         <name>.text:SysCtl_getNMISourceStatus</name>
         <load_address>0x3320</load_address>
         <run_address>0x3320</run_address>
         <size>0x10</size>
         <input_file_ref idref="fl-21"/>
      </object_component>
      <object_component id="oc-638">
         <name>.text:TimerP_Params_init</name>
         <load_address>0x3330</load_address>
         <run_address>0x3330</run_address>
         <size>0x10</size>
         <input_file_ref idref="fl-1a"/>
      </object_component>
      <object_component id="oc-5dd">
         <name>.text:readBlockingTimeout</name>
         <load_address>0x3340</load_address>
         <run_address>0x3340</run_address>
         <size>0x10</size>
         <input_file_ref idref="fl-13"/>
      </object_component>
      <object_component id="oc-7c1">
         <name>.text:QueueP_empty</name>
         <load_address>0x3350</load_address>
         <run_address>0x3350</run_address>
         <size>0xe</size>
         <input_file_ref idref="fl-1d"/>
      </object_component>
      <object_component id="oc-45f">
         <name>.text:QueueP_remove</name>
         <load_address>0x335e</load_address>
         <run_address>0x335e</run_address>
         <size>0xe</size>
         <input_file_ref idref="fl-1d"/>
      </object_component>
      <object_component id="oc-18">
         <name>.text:decompress:none:__TI_decompress_none</name>
         <load_address>0x336c</load_address>
         <run_address>0x336c</run_address>
         <size>0xe</size>
         <input_file_ref idref="fl-dd"/>
      </object_component>
      <object_component id="oc-10f">
         <name>.text:Board_init</name>
         <load_address>0x337a</load_address>
         <run_address>0x337a</run_address>
         <size>0xc</size>
         <input_file_ref idref="fl-4"/>
      </object_component>
      <object_component id="oc-96">
         <name>.text:CPU_cpsid</name>
         <load_address>0x3386</load_address>
         <run_address>0x3386</run_address>
         <size>0xc</size>
         <input_file_ref idref="fl-24"/>
      </object_component>
      <object_component id="oc-208">
         <name>.text:CPU_cpsie</name>
         <load_address>0x3392</load_address>
         <run_address>0x3392</run_address>
         <size>0xc</size>
         <input_file_ref idref="fl-24"/>
      </object_component>
      <object_component id="oc-326">
         <name>.text:clkFxn</name>
         <load_address>0x339e</load_address>
         <run_address>0x339e</run_address>
         <size>0x2</size>
         <input_file_ref idref="fl-17"/>
      </object_component>
      <object_component id="oc-659">
         <name>.text:ClockP_doTick</name>
         <load_address>0x33a0</load_address>
         <run_address>0x33a0</run_address>
         <size>0xc</size>
         <input_file_ref idref="fl-19"/>
      </object_component>
      <object_component id="oc-3f5">
         <name>.text:Power_getConstraintMask</name>
         <load_address>0x33ac</load_address>
         <run_address>0x33ac</run_address>
         <size>0xc</size>
         <input_file_ref idref="fl-11"/>
      </object_component>
      <object_component id="oc-595">
         <name>.text:Power_getPerformanceLevel</name>
         <load_address>0x33b8</load_address>
         <run_address>0x33b8</run_address>
         <size>0xc</size>
         <input_file_ref idref="fl-11"/>
      </object_component>
      <object_component id="oc-64a">
         <name>.text:TimerP_getFreq</name>
         <load_address>0x33c4</load_address>
         <run_address>0x33c4</run_address>
         <size>0xc</size>
         <input_file_ref idref="fl-1a"/>
      </object_component>
      <object_component id="oc-644">
         <name>.text:TimerP_getMaxTicks</name>
         <load_address>0x33d0</load_address>
         <run_address>0x33d0</run_address>
         <size>0xc</size>
         <input_file_ref idref="fl-1a"/>
      </object_component>
      <object_component id="oc-1be">
         <name>.text:UART_read</name>
         <load_address>0x33dc</load_address>
         <run_address>0x33dc</run_address>
         <size>0xa</size>
         <input_file_ref idref="fl-12"/>
      </object_component>
      <object_component id="oc-1b8">
         <name>.text:UART_write</name>
         <load_address>0x33e6</load_address>
         <run_address>0x33e6</run_address>
         <size>0xa</size>
         <input_file_ref idref="fl-12"/>
      </object_component>
      <object_component id="oc-21b">
         <name>.text:HwiP_restore</name>
         <load_address>0x33f0</load_address>
         <run_address>0x33f0</run_address>
         <size>0x8</size>
         <input_file_ref idref="fl-1b"/>
      </object_component>
      <object_component id="oc-2d1">
         <name>.text:malloc</name>
         <load_address>0x33f8</load_address>
         <run_address>0x33f8</run_address>
         <size>0x8</size>
         <input_file_ref idref="fl-df"/>
      </object_component>
      <object_component id="oc-5d7">
         <name>.text:readSemCallback</name>
         <load_address>0x3400</load_address>
         <run_address>0x3400</run_address>
         <size>0x8</size>
         <input_file_ref idref="fl-13"/>
      </object_component>
      <object_component id="oc-6b6">
         <name>.text:txcptEnabledStatus</name>
         <load_address>0x3408</load_address>
         <run_address>0x3408</run_address>
         <size>0x8</size>
         <input_file_ref idref="fl-13"/>
      </object_component>
      <object_component id="oc-5d1">
         <name>.text:writeSemCallback</name>
         <load_address>0x3410</load_address>
         <run_address>0x3410</run_address>
         <size>0x8</size>
         <input_file_ref idref="fl-13"/>
      </object_component>
      <object_component id="oc-76e">
         <name>.text:ClockP_stop</name>
         <load_address>0x3418</load_address>
         <run_address>0x3418</run_address>
         <size>0x6</size>
         <input_file_ref idref="fl-19"/>
      </object_component>
      <object_component id="oc-626">
         <name>.text:QueueP_init</name>
         <load_address>0x341e</load_address>
         <run_address>0x341e</run_address>
         <size>0x6</size>
         <input_file_ref idref="fl-1d"/>
      </object_component>
      <object_component id="oc-31a">
         <name>.text:ClockP_isActive</name>
         <load_address>0x3424</load_address>
         <run_address>0x3424</run_address>
         <size>0x4</size>
         <input_file_ref idref="fl-19"/>
      </object_component>
      <object_component id="oc-768">
         <name>.text:ClockP_setTimeout</name>
         <load_address>0x3428</load_address>
         <run_address>0x3428</run_address>
         <size>0x4</size>
         <input_file_ref idref="fl-19"/>
      </object_component>
      <object_component id="oc-115">
         <name>.text:HwiP_enable</name>
         <load_address>0x342c</load_address>
         <run_address>0x342c</run_address>
         <size>0x4</size>
         <input_file_ref idref="fl-1b"/>
      </object_component>
      <object_component id="oc-4fb">
         <name>.text:HwiP_post</name>
         <load_address>0x3430</load_address>
         <run_address>0x3430</run_address>
         <size>0x4</size>
         <input_file_ref idref="fl-1b"/>
      </object_component>
      <object_component id="oc-79d">
         <name>.text:QueueP_head</name>
         <load_address>0x3434</load_address>
         <run_address>0x3434</run_address>
         <size>0x4</size>
         <input_file_ref idref="fl-1d"/>
      </object_component>
      <object_component id="oc-7a3">
         <name>.text:QueueP_next</name>
         <load_address>0x3438</load_address>
         <run_address>0x3438</run_address>
         <size>0x4</size>
         <input_file_ref idref="fl-1d"/>
      </object_component>
      <object_component id="oc-221">
         <name>.text:SemaphoreP_delete</name>
         <load_address>0x343c</load_address>
         <run_address>0x343c</run_address>
         <size>0x4</size>
         <input_file_ref idref="fl-17"/>
      </object_component>
      <object_component id="oc-713">
         <name>.text:TimerP_setPeriod</name>
         <load_address>0x3440</load_address>
         <run_address>0x3440</run_address>
         <size>0x4</size>
         <input_file_ref idref="fl-1a"/>
      </object_component>
      <object_component id="oc-f0">
         <name>.text:_system_pre_init</name>
         <load_address>0x3444</load_address>
         <run_address>0x3444</run_address>
         <size>0x4</size>
         <input_file_ref idref="fl-e4"/>
      </object_component>
      <object_component id="oc-122">
         <name>.text:abort:abort</name>
         <load_address>0x3448</load_address>
         <run_address>0x3448</run_address>
         <size>0x4</size>
         <input_file_ref idref="fl-e6"/>
      </object_component>
      <object_component id="oc-66">
         <name>.text:defaultISR</name>
         <load_address>0x344c</load_address>
         <run_address>0x344c</run_address>
         <size>0x2</size>
         <input_file_ref idref="fl-1c"/>
      </object_component>
      <object_component id="oc-60">
         <name>.text:faultISR</name>
         <load_address>0x344e</load_address>
         <run_address>0x344e</run_address>
         <size>0x2</size>
         <input_file_ref idref="fl-1c"/>
      </object_component>
      <object_component id="oc-5a">
         <name>.text:nmiISR</name>
         <load_address>0x3450</load_address>
         <run_address>0x3450</run_address>
         <size>0x2</size>
         <input_file_ref idref="fl-1c"/>
      </object_component>
      <object_component id="oc-669">
         <name>.text</name>
         <load_address>0x3452</load_address>
         <run_address>0x3452</run_address>
         <size>0x2</size>
         <input_file_ref idref="fl-e1"/>
      </object_component>
      <object_component id="oc-4cf">
         <name>.const:g_pulRegs</name>
         <load_address>0x3454</load_address>
         <run_address>0x3454</run_address>
         <size>0x50</size>
         <input_file_ref idref="fl-20"/>
      </object_component>
      <object_component id="oc-4ae">
         <name>.const:uartMSP432Baudrates</name>
         <load_address>0x34a4</load_address>
         <run_address>0x34a4</run_address>
         <size>0x40</size>
         <input_file_ref idref="fl-4"/>
      </object_component>
      <object_component id="oc-203">
         <name>.const:PowerMSP432_config</name>
         <load_address>0x34e4</load_address>
         <run_address>0x34e4</run_address>
         <size>0x38</size>
         <input_file_ref idref="fl-4"/>
      </object_component>
      <object_component id="oc-357">
         <name>.const:uartMSP432HWAttrs</name>
         <load_address>0x351c</load_address>
         <run_address>0x351c</run_address>
         <size>0x2c</size>
         <input_file_ref idref="fl-4"/>
      </object_component>
      <object_component id="oc-353">
         <name>.const:UARTMSP432_fxnTable</name>
         <load_address>0x3548</load_address>
         <run_address>0x3548</run_address>
         <size>0x28</size>
         <input_file_ref idref="fl-13"/>
      </object_component>
      <object_component id="oc-25c">
         <name>.const:UART_defaultParams</name>
         <load_address>0x3570</load_address>
         <run_address>0x3570</run_address>
         <size>0x24</size>
         <input_file_ref idref="fl-12"/>
      </object_component>
      <object_component id="oc-5e3">
         <name>.const:staticFxnTable</name>
         <load_address>0x3594</load_address>
         <run_address>0x3594</run_address>
         <size>0x20</size>
         <input_file_ref idref="fl-13"/>
      </object_component>
      <object_component id="oc-1c4">
         <name>.const:.string:$P$T0$1</name>
         <load_address>0x35b4</load_address>
         <run_address>0x35b4</run_address>
         <size>0x16</size>
         <input_file_ref idref="fl-3"/>
      </object_component>
      <object_component id="oc-247">
         <name>.const</name>
         <load_address>0x35ca</load_address>
         <run_address>0x35ca</run_address>
         <size>0x1</size>
         <input_file_ref idref="fl-4"/>
      </object_component>
      <object_component id="oc-23d">
         <name>.const:GPIOMSP432_config</name>
         <load_address>0x35cc</load_address>
         <run_address>0x35cc</run_address>
         <size>0x14</size>
         <input_file_ref idref="fl-4"/>
      </object_component>
      <object_component id="oc-6f5">
         <name>.const:SwiP_defaultParams</name>
         <load_address>0x35e0</load_address>
         <run_address>0x35e0</run_address>
         <size>0x10</size>
         <input_file_ref idref="fl-1e"/>
      </object_component>
      <object_component id="oc-24a">
         <name>.const:UART_config</name>
         <load_address>0x35f0</load_address>
         <run_address>0x35f0</run_address>
         <size>0xc</size>
         <input_file_ref idref="fl-4"/>
      </object_component>
      <object_component id="oc-746">
         <name>.const:g_pulDisRegs</name>
         <load_address>0x35fc</load_address>
         <run_address>0x35fc</run_address>
         <size>0x8</size>
         <input_file_ref idref="fl-20"/>
      </object_component>
      <object_component id="oc-4d3">
         <name>.const:g_pulEnRegs</name>
         <load_address>0x3604</load_address>
         <run_address>0x3604</run_address>
         <size>0x8</size>
         <input_file_ref idref="fl-20"/>
      </object_component>
      <object_component id="oc-6f0">
         <name>.const:g_pulPendRegs</name>
         <load_address>0x360c</load_address>
         <run_address>0x360c</run_address>
         <size>0x8</size>
         <input_file_ref idref="fl-20"/>
      </object_component>
      <object_component id="oc-257">
         <name>.const:.string:interruptType</name>
         <load_address>0x3614</load_address>
         <run_address>0x3614</run_address>
         <size>0x6</size>
         <input_file_ref idref="fl-10"/>
      </object_component>
      <object_component id="oc-24e">
         <name>.const:.string:portInterruptIds</name>
         <load_address>0x361a</load_address>
         <run_address>0x361a</run_address>
         <size>0x6</size>
         <input_file_ref idref="fl-10"/>
      </object_component>
      <object_component id="oc-6ae">
         <name>.const:.string:parityTypes</name>
         <load_address>0x3620</load_address>
         <run_address>0x3620</run_address>
         <size>0x5</size>
         <input_file_ref idref="fl-13"/>
      </object_component>
      <object_component id="oc-6b1">
         <name>.const:stopBits</name>
         <load_address>0x3626</load_address>
         <run_address>0x3626</run_address>
         <size>0x4</size>
         <input_file_ref idref="fl-13"/>
      </object_component>
      <object_component id="oc-7fc">
         <name>.cinit..data.load</name>
         <load_address>0x3630</load_address>
         <run_address>0x3630</run_address>
         <size>0x88</size>
      </object_component>
      <object_component id="oc-7fa">
         <name>__TI_handler_table</name>
         <load_address>0x36b8</load_address>
         <run_address>0x36b8</run_address>
         <size>0xc</size>
      </object_component>
      <object_component id="oc-7fd">
         <name>.cinit..bss.load</name>
         <load_address>0x36c8</load_address>
         <run_address>0x36c8</run_address>
         <size>0x8</size>
      </object_component>
      <object_component id="oc-7fe">
         <name>.cinit..vtable.load</name>
         <load_address>0x36d0</load_address>
         <run_address>0x36d0</run_address>
         <size>0x8</size>
      </object_component>
      <object_component id="oc-7fb">
         <name>__TI_cinit_table</name>
         <load_address>0x36d8</load_address>
         <run_address>0x36d8</run_address>
         <size>0x18</size>
      </object_component>
      <object_component id="oc-345">
         <name>.data:gpioPinConfigs</name>
         <load_address>0x200082f0</load_address>
         <run_address>0x200082f0</run_address>
         <size>0x4</size>
         <input_file_ref idref="fl-4"/>
      </object_component>
      <object_component id="oc-348">
         <name>.data:gpioCallbackFunctions</name>
         <load_address>0x200082ec</load_address>
         <run_address>0x200082ec</run_address>
         <size>0x4</size>
         <input_file_ref idref="fl-4"/>
      </object_component>
      <object_component id="oc-23a">
         <name>.data</name>
         <load_address>0x200082f7</load_address>
         <run_address>0x200082f7</run_address>
         <size>0x2</size>
         <input_file_ref idref="fl-10"/>
      </object_component>
      <object_component id="oc-200">
         <name>.data:PowerMSP432_module</name>
         <load_address>0x20008280</load_address>
         <run_address>0x20008280</run_address>
         <size>0x2c</size>
         <input_file_ref idref="fl-11"/>
      </object_component>
      <object_component id="oc-2c5">
         <name>.data:PowerMSP432_perfLevels</name>
         <load_address>0x20008140</load_address>
         <run_address>0x20008140</run_address>
         <size>0x140</size>
         <input_file_ref idref="fl-11"/>
      </object_component>
      <object_component id="oc-244">
         <name>.data</name>
         <load_address>0x200082f9</load_address>
         <run_address>0x200082f9</run_address>
         <size>0x1</size>
         <input_file_ref idref="fl-12"/>
      </object_component>
      <object_component id="oc-32c">
         <name>.data</name>
         <load_address>0x200082f4</load_address>
         <run_address>0x200082f4</run_address>
         <size>0x3</size>
         <input_file_ref idref="fl-17"/>
      </object_component>
      <object_component id="oc-428">
         <name>.data:SemaphoreP_defaultParams</name>
         <load_address>0x200082d4</load_address>
         <run_address>0x200082d4</run_address>
         <size>0x8</size>
         <input_file_ref idref="fl-17"/>
      </object_component>
      <object_component id="oc-650">
         <name>.data</name>
         <load_address>0x200082dc</load_address>
         <run_address>0x200082dc</run_address>
         <size>0x8</size>
         <input_file_ref idref="fl-19"/>
      </object_component>
      <object_component id="oc-69c">
         <name>.data:ClockP_defaultParams</name>
         <load_address>0x200082ac</load_address>
         <run_address>0x200082ac</run_address>
         <size>0xc</size>
         <input_file_ref idref="fl-19"/>
      </object_component>
      <object_component id="oc-71f">
         <name>.data</name>
         <load_address>0x200082fb</load_address>
         <run_address>0x200082fb</run_address>
         <size>0x1</size>
         <input_file_ref idref="fl-1a"/>
      </object_component>
      <object_component id="oc-709">
         <name>.data:TimerP_defaultParams</name>
         <load_address>0x200082b8</load_address>
         <run_address>0x200082b8</run_address>
         <size>0xc</size>
         <input_file_ref idref="fl-1a"/>
      </object_component>
      <object_component id="oc-3dd">
         <name>.data:HwiP_dispatchTable</name>
         <load_address>0x20008000</load_address>
         <run_address>0x20008000</run_address>
         <size>0x140</size>
         <input_file_ref idref="fl-1b"/>
      </object_component>
      <object_component id="oc-3da">
         <name>.data</name>
         <load_address>0x200082e4</load_address>
         <run_address>0x200082e4</run_address>
         <size>0x8</size>
         <input_file_ref idref="fl-1b"/>
      </object_component>
      <object_component id="oc-6f9">
         <name>.data</name>
         <load_address>0x200082fa</load_address>
         <run_address>0x200082fa</run_address>
         <size>0x1</size>
         <input_file_ref idref="fl-1e"/>
      </object_component>
      <object_component id="oc-4c6">
         <name>.data:$O1$$</name>
         <load_address>0x200082cc</load_address>
         <run_address>0x200082cc</run_address>
         <size>0x8</size>
         <input_file_ref idref="fl-df"/>
      </object_component>
      <object_component id="oc-1d2">
         <name>.data:$O1$$</name>
         <load_address>0x200082c4</load_address>
         <run_address>0x200082c4</run_address>
         <size>0x8</size>
         <input_file_ref idref="fl-e7"/>
      </object_component>
      <object_component id="oc-4b1">
         <name>.bss:uartMSP432RingBuffer0</name>
         <uninitialized>true</uninitialized>
         <run_address>0x20008470</run_address>
         <size>0x20</size>
         <input_file_ref idref="fl-4"/>
      </object_component>
      <object_component id="oc-240">
         <name>.bss:gpioCallbackInfo</name>
         <uninitialized>true</uninitialized>
         <run_address>0x20008420</run_address>
         <size>0x30</size>
         <input_file_ref idref="fl-10"/>
      </object_component>
      <object_component id="oc-239">
         <name>.bss</name>
         <uninitialized>true</uninitialized>
         <run_address>0x200084e8</run_address>
         <size>0x4</size>
         <input_file_ref idref="fl-10"/>
      </object_component>
      <object_component id="oc-445">
         <name>.bss:ClockP_module</name>
         <uninitialized>true</uninitialized>
         <run_address>0x20008300</run_address>
         <size>0xa0</size>
         <input_file_ref idref="fl-19"/>
      </object_component>
      <object_component id="oc-65f">
         <name>.bss:timerFreq</name>
         <uninitialized>true</uninitialized>
         <run_address>0x200084e0</run_address>
         <size>0x8</size>
         <input_file_ref idref="fl-19"/>
      </object_component>
      <object_component id="oc-662">
         <name>.bss</name>
         <uninitialized>true</uninitialized>
         <run_address>0x200084ec</run_address>
         <size>0x4</size>
         <input_file_ref idref="fl-19"/>
      </object_component>
      <object_component id="oc-72b">
         <name>.bss</name>
         <uninitialized>true</uninitialized>
         <run_address>0x200084f0</run_address>
         <size>0x4</size>
         <input_file_ref idref="fl-1a"/>
      </object_component>
      <object_component id="oc-722">
         <name>.bss:TimerP_hwiStruct</name>
         <uninitialized>true</uninitialized>
         <run_address>0x200084ac</run_address>
         <size>0x1c</size>
         <input_file_ref idref="fl-1a"/>
      </object_component>
      <object_component id="oc-4de">
         <name>.bss</name>
         <uninitialized>true</uninitialized>
         <run_address>0x200084c8</run_address>
         <size>0xd</size>
         <input_file_ref idref="fl-1e"/>
      </object_component>
      <object_component id="oc-6ff">
         <name>.bss:SwiP_hwiStruct</name>
         <uninitialized>true</uninitialized>
         <run_address>0x20008490</run_address>
         <size>0x1c</size>
         <input_file_ref idref="fl-1e"/>
      </object_component>
      <object_component id="oc-6fc">
         <name>.bss:SwiP_readyList</name>
         <uninitialized>true</uninitialized>
         <run_address>0x20008450</run_address>
         <size>0x20</size>
         <input_file_ref idref="fl-1e"/>
      </object_component>
      <object_component id="oc-37a">
         <name>.bss</name>
         <uninitialized>true</uninitialized>
         <run_address>0x200084d8</run_address>
         <size>0x8</size>
         <input_file_ref idref="fl-1f"/>
      </object_component>
      <object_component id="oc-356">
         <name>.common:uartMSP432Objects</name>
         <uninitialized>true</uninitialized>
         <run_address>0x200083a0</run_address>
         <size>0x80</size>
      </object_component>
      <object_component id="oc-29">
         <name>.sysmem</name>
         <uninitialized>true</uninitialized>
         <run_address>0x20000000</run_address>
         <size>0x10</size>
         <input_file_ref idref="fl-df"/>
      </object_component>
      <object_component id="oc-801">
         <name>.sysmem</name>
         <uninitialized>true</uninitialized>
         <run_address>0x20000000</run_address>
         <size>0x0</size>
      </object_component>
      <object_component id="oc-2c">
         <name>.stack</name>
         <uninitialized>true</uninitialized>
         <run_address>0x2000f000</run_address>
         <size>0x4</size>
         <input_file_ref idref="fl-e0"/>
      </object_component>
      <object_component id="oc-800">
         <name>.stack</name>
         <uninitialized>true</uninitialized>
         <run_address>0x2000f000</run_address>
         <size>0x0</size>
      </object_component>
      <object_component id="oc-26">
         <name>.intvecs:retain</name>
         <load_address>0x0</load_address>
         <run_address>0x0</run_address>
         <size>0x144</size>
         <input_file_ref idref="fl-1c"/>
      </object_component>
      <object_component id="oc-4ca">
         <name>.vtable</name>
         <uninitialized>true</uninitialized>
         <run_address>0x20008800</run_address>
         <size>0xe8</size>
         <input_file_ref idref="fl-20"/>
      </object_component>
      <object_component id="oc-36a">
         <name>.debug_info</name>
         <load_address>0x0</load_address>
         <run_address>0x0</run_address>
         <size>0x30a</size>
         <input_file_ref idref="fl-2"/>
      </object_component>
      <object_component id="oc-f7">
         <name>.debug_info</name>
         <load_address>0x30a</load_address>
         <run_address>0x30a</run_address>
         <size>0x174</size>
         <input_file_ref idref="fl-2"/>
      </object_component>
      <object_component id="oc-277">
         <name>.debug_info</name>
         <load_address>0x47e</load_address>
         <run_address>0x47e</run_address>
         <size>0x26b</size>
         <input_file_ref idref="fl-2"/>
      </object_component>
      <object_component id="oc-35">
         <name>.debug_info</name>
         <load_address>0x6e9</load_address>
         <run_address>0x6e9</run_address>
         <size>0x84</size>
         <input_file_ref idref="fl-2"/>
      </object_component>
      <object_component id="oc-365">
         <name>.debug_info</name>
         <load_address>0x76d</load_address>
         <run_address>0x76d</run_address>
         <size>0x2a4</size>
         <input_file_ref idref="fl-2"/>
      </object_component>
      <object_component id="oc-272">
         <name>.debug_info</name>
         <load_address>0xa11</load_address>
         <run_address>0xa11</run_address>
         <size>0xef</size>
         <input_file_ref idref="fl-2"/>
      </object_component>
      <object_component id="oc-281">
         <name>.debug_info</name>
         <load_address>0xb00</load_address>
         <run_address>0xb00</run_address>
         <size>0xbb</size>
         <input_file_ref idref="fl-2"/>
      </object_component>
      <object_component id="oc-268">
         <name>.debug_info</name>
         <load_address>0xbbb</load_address>
         <run_address>0xbbb</run_address>
         <size>0x53</size>
         <input_file_ref idref="fl-2"/>
      </object_component>
      <object_component id="oc-1c8">
         <name>.debug_info</name>
         <load_address>0xc0e</load_address>
         <run_address>0xc0e</run_address>
         <size>0x4ec</size>
         <input_file_ref idref="fl-3"/>
      </object_component>
      <object_component id="oc-1c5">
         <name>.debug_info</name>
         <load_address>0x10fa</load_address>
         <run_address>0x10fa</run_address>
         <size>0x10b</size>
         <input_file_ref idref="fl-3"/>
      </object_component>
      <object_component id="oc-11c">
         <name>.debug_info</name>
         <load_address>0x1205</load_address>
         <run_address>0x1205</run_address>
         <size>0x274</size>
         <input_file_ref idref="fl-3"/>
      </object_component>
      <object_component id="oc-1c9">
         <name>.debug_info</name>
         <load_address>0x1479</load_address>
         <run_address>0x1479</run_address>
         <size>0x4cf</size>
         <input_file_ref idref="fl-3"/>
      </object_component>
      <object_component id="oc-27c">
         <name>.debug_info</name>
         <load_address>0x1948</load_address>
         <run_address>0x1948</run_address>
         <size>0x3b</size>
         <input_file_ref idref="fl-3"/>
      </object_component>
      <object_component id="oc-2f4">
         <name>.debug_info</name>
         <load_address>0x1983</load_address>
         <run_address>0x1983</run_address>
         <size>0x8af</size>
         <input_file_ref idref="fl-4"/>
      </object_component>
      <object_component id="oc-346">
         <name>.debug_info</name>
         <load_address>0x2232</load_address>
         <run_address>0x2232</run_address>
         <size>0x127</size>
         <input_file_ref idref="fl-4"/>
      </object_component>
      <object_component id="oc-349">
         <name>.debug_info</name>
         <load_address>0x2359</load_address>
         <run_address>0x2359</run_address>
         <size>0x135</size>
         <input_file_ref idref="fl-4"/>
      </object_component>
      <object_component id="oc-23e">
         <name>.debug_info</name>
         <load_address>0x248e</load_address>
         <run_address>0x248e</run_address>
         <size>0x12d</size>
         <input_file_ref idref="fl-4"/>
      </object_component>
      <object_component id="oc-204">
         <name>.debug_info</name>
         <load_address>0x25bb</load_address>
         <run_address>0x25bb</run_address>
         <size>0x12f</size>
         <input_file_ref idref="fl-4"/>
      </object_component>
      <object_component id="oc-4af">
         <name>.debug_info</name>
         <load_address>0x26ea</load_address>
         <run_address>0x26ea</run_address>
         <size>0x130</size>
         <input_file_ref idref="fl-4"/>
      </object_component>
      <object_component id="oc-4b2">
         <name>.debug_info</name>
         <load_address>0x281a</load_address>
         <run_address>0x281a</run_address>
         <size>0x134</size>
         <input_file_ref idref="fl-4"/>
      </object_component>
      <object_component id="oc-358">
         <name>.debug_info</name>
         <load_address>0x294e</load_address>
         <run_address>0x294e</run_address>
         <size>0x12c</size>
         <input_file_ref idref="fl-4"/>
      </object_component>
      <object_component id="oc-24b">
         <name>.debug_info</name>
         <load_address>0x2a7a</load_address>
         <run_address>0x2a7a</run_address>
         <size>0x121</size>
         <input_file_ref idref="fl-4"/>
      </object_component>
      <object_component id="oc-248">
         <name>.debug_info</name>
         <load_address>0x2b9b</load_address>
         <run_address>0x2b9b</run_address>
         <size>0x11f</size>
         <input_file_ref idref="fl-4"/>
      </object_component>
      <object_component id="oc-187">
         <name>.debug_info</name>
         <load_address>0x2cba</load_address>
         <run_address>0x2cba</run_address>
         <size>0x173</size>
         <input_file_ref idref="fl-4"/>
      </object_component>
      <object_component id="oc-110">
         <name>.debug_info</name>
         <load_address>0x2e2d</load_address>
         <run_address>0x2e2d</run_address>
         <size>0x191</size>
         <input_file_ref idref="fl-4"/>
      </object_component>
      <object_component id="oc-512">
         <name>.debug_info</name>
         <load_address>0x2fbe</load_address>
         <run_address>0x2fbe</run_address>
         <size>0x100</size>
         <input_file_ref idref="fl-4"/>
      </object_component>
      <object_component id="oc-50d">
         <name>.debug_info</name>
         <load_address>0x30be</load_address>
         <run_address>0x30be</run_address>
         <size>0x137</size>
         <input_file_ref idref="fl-4"/>
      </object_component>
      <object_component id="oc-508">
         <name>.debug_info</name>
         <load_address>0x31f5</load_address>
         <run_address>0x31f5</run_address>
         <size>0xf8</size>
         <input_file_ref idref="fl-4"/>
      </object_component>
      <object_component id="oc-40a">
         <name>.debug_info</name>
         <load_address>0x32ed</load_address>
         <run_address>0x32ed</run_address>
         <size>0x9a</size>
         <input_file_ref idref="fl-4"/>
      </object_component>
      <object_component id="oc-40f">
         <name>.debug_info</name>
         <load_address>0x3387</load_address>
         <run_address>0x3387</run_address>
         <size>0x4dc</size>
         <input_file_ref idref="fl-4"/>
      </object_component>
      <object_component id="oc-419">
         <name>.debug_info</name>
         <load_address>0x3863</load_address>
         <run_address>0x3863</run_address>
         <size>0x59f</size>
         <input_file_ref idref="fl-4"/>
      </object_component>
      <object_component id="oc-414">
         <name>.debug_info</name>
         <load_address>0x3e02</load_address>
         <run_address>0x3e02</run_address>
         <size>0xbb</size>
         <input_file_ref idref="fl-4"/>
      </object_component>
      <object_component id="oc-503">
         <name>.debug_info</name>
         <load_address>0x3ebd</load_address>
         <run_address>0x3ebd</run_address>
         <size>0xb6</size>
         <input_file_ref idref="fl-4"/>
      </object_component>
      <object_component id="oc-3a3">
         <name>.debug_info</name>
         <load_address>0x3f73</load_address>
         <run_address>0x3f73</run_address>
         <size>0xa1</size>
         <input_file_ref idref="fl-4"/>
      </object_component>
      <object_component id="oc-423">
         <name>.debug_info</name>
         <load_address>0x4014</load_address>
         <run_address>0x4014</run_address>
         <size>0x1028</size>
         <input_file_ref idref="fl-4"/>
      </object_component>
      <object_component id="oc-41e">
         <name>.debug_info</name>
         <load_address>0x503c</load_address>
[...]
      </symbol>
      <symbol id="sm-4eb">
         <name>UARTMSP432_writePolling</name>
         <value>0x16dd</value>
         <object_component_ref idref="oc-4a0"/>
      </symbol>
      <symbol id="sm-4ec">
         <name>UARTMSP432_write</name>
         <value>0x18e9</value>
         <object_component_ref idref="oc-49a"/>
      </symbol>
      <symbol id="sm-4ed">
         <name>UARTMSP432_fxnTable</name>
         <value>0x3548</value>
         <object_component_ref idref="oc-353"/>
      </symbol>
      <symbol id="sm-4ee">
         <name>UARTMSP432_control</name>
         <value>0x1629</value>
         <object_component_ref idref="oc-476"/>
      </symbol>
      <symbol id="sm-4ef">
         <name>UARTMSP432_close</name>
         <value>0x1de3</value>
         <object_component_ref idref="oc-470"/>
      </symbol>
      <symbol id="sm-4f0">
         <name>UARTMSP432_writeCancel</name>
         <value>0x2305</value>
         <object_component_ref idref="oc-4a6"/>
      </symbol>
      <symbol id="sm-508">
         <name>List_remove</name>
         <value>0x2f23</value>
         <object_component_ref idref="oc-686"/>
      </symbol>
      <symbol id="sm-509">
         <name>List_put</name>
         <value>0x2efd</value>
         <object_component_ref idref="oc-695"/>
      </symbol>
      <symbol id="sm-530">
         <name>RingBuf_put</name>
         <value>0x29e5</value>
         <object_component_ref idref="oc-761"/>
      </symbol>
      <symbol id="sm-531">
         <name>RingBuf_construct</name>
         <value>0x324b</value>
         <object_component_ref idref="oc-5b9"/>
      </symbol>
      <symbol id="sm-532">
         <name>RingBuf_peek</name>
         <value>0x3035</value>
         <object_component_ref idref="oc-57b"/>
      </symbol>
      <symbol id="sm-533">
         <name>RingBuf_get</name>
         <value>0x2b81</value>
         <object_component_ref idref="oc-5ec"/>
      </symbol>
      <symbol id="sm-5ae">
         <name>SemaphoreP_defaultParams</name>
         <value>0x200082d4</value>
         <object_component_ref idref="oc-428"/>
      </symbol>
      <symbol id="sm-5af">
         <name>SemaphoreP_construct</name>
         <value>0x2871</value>
         <object_component_ref idref="oc-42c"/>
      </symbol>
      <symbol id="sm-5b0">
         <name>SemaphoreP_create</name>
         <value>0x31bd</value>
         <object_component_ref idref="oc-2fd"/>
      </symbol>
      <symbol id="sm-5b1">
         <name>SemaphoreP_post</name>
         <value>0x2a2d</value>
         <object_component_ref idref="oc-233"/>
      </symbol>
      <symbol id="sm-5b2">
         <name>SemaphoreP_pend</name>
         <value>0x1a39</value>
         <object_component_ref idref="oc-227"/>
      </symbol>
      <symbol id="sm-5b3">
         <name>SemaphoreP_delete</name>
         <value>0x343d</value>
         <object_component_ref idref="oc-221"/>
      </symbol>
      <symbol id="sm-5b4">
         <name>SemaphoreP_createBinary</name>
         <value>0x30f9</value>
         <object_component_ref idref="oc-20f"/>
      </symbol>
      <symbol id="sm-5b5">
         <name>SemaphoreP_Params_init</name>
         <value>0x32f1</value>
         <object_component_ref idref="oc-2f7"/>
      </symbol>
      <symbol id="sm-5b6">
         <name>clkFxn</name>
         <value>0x339f</value>
         <object_component_ref idref="oc-326"/>
      </symbol>
      <symbol id="sm-5df">
         <name>PowerMSP432_initPolicy</name>
         <value>0x2a2b</value>
         <object_component_ref idref="oc-2e6"/>
      </symbol>
      <symbol id="sm-5e0">
         <name>PowerMSP432_updateFreqs</name>
         <value>0x2da3</value>
         <object_component_ref idref="oc-2bf"/>
      </symbol>
      <symbol id="sm-5e1">
         <name>PowerMSP432_sleepPolicy</name>
         <value>0x2955</value>
         <object_component_ref idref="oc-2ec"/>
      </symbol>
      <symbol id="sm-6c7">
         <name>ClockP_delete</name>
         <value>0x3281</value>
         <object_component_ref idref="oc-568"/>
      </symbol>
      <symbol id="sm-6c8">
         <name>ClockP_doTick</name>
         <value>0x33a1</value>
         <object_component_ref idref="oc-659"/>
      </symbol>
      <symbol id="sm-6c9">
         <name>ClockP_setTimeout</name>
         <value>0x3429</value>
         <object_component_ref idref="oc-768"/>
      </symbol>
      <symbol id="sm-6ca">
         <name>ClockP_startup</name>
         <value>0x1575</value>
         <object_component_ref idref="oc-51f"/>
      </symbol>
      <symbol id="sm-6cb">
         <name>ClockP_stop</name>
         <value>0x3419</value>
         <object_component_ref idref="oc-76e"/>
      </symbol>
      <symbol id="sm-6cc">
         <name>ClockP_construct</name>
         <value>0x290d</value>
         <object_component_ref idref="oc-6a0"/>
      </symbol>
      <symbol id="sm-6cd">
         <name>ClockP_scheduleNextTick</name>
         <value>0x2f6d</value>
         <object_component_ref idref="oc-450"/>
      </symbol>
      <symbol id="sm-6ce">
         <name>ClockP_tickPeriod</name>
         <value>0x200082e0</value>
         <object_component_ref idref="oc-650"/>
      </symbol>
      <symbol id="sm-6cf">
         <name>ClockP_create</name>
         <value>0x30c5</value>
         <object_component_ref idref="oc-5b3"/>
      </symbol>
      <symbol id="sm-6d0">
         <name>ClockP_Params_init</name>
         <value>0x3271</value>
         <object_component_ref idref="oc-5ad"/>
      </symbol>
      <symbol id="sm-6d1">
         <name>ClockP_workFuncDynamic</name>
         <value>0x1791</value>
         <object_component_ref idref="oc-653"/>
      </symbol>
      <symbol id="sm-6d2">
         <name>ClockP_walkQueueDynamic</name>
         <value>0x221d</value>
         <object_component_ref idref="oc-733"/>
      </symbol>
      <symbol id="sm-6d3">
         <name>ClockP_destruct</name>
         <value>0x3113</value>
         <object_component_ref idref="oc-320"/>
      </symbol>
      <symbol id="sm-6d4">
         <name>ClockP_start</name>
         <value>0x209d</value>
         <object_component_ref idref="oc-30e"/>
      </symbol>
      <symbol id="sm-6d5">
         <name>ClockP_isActive</name>
         <value>0x3425</value>
         <object_component_ref idref="oc-31a"/>
      </symbol>
      <symbol id="sm-6d6">
         <name>ClockP_getTicks</name>
         <value>0x2f49</value>
         <object_component_ref idref="oc-456"/>
      </symbol>
      <symbol id="sm-6d7">
         <name>ClockP_add</name>
         <value>0x2fd5</value>
         <object_component_ref idref="oc-308"/>
      </symbol>
      <symbol id="sm-76d">
         <name>TimerP_setNextTick</name>
         <value>0x2bc1</value>
         <object_component_ref idref="oc-54d"/>
      </symbol>
      <symbol id="sm-76e">
         <name>TimerP_getCurrentTick</name>
         <value>0x23e5</value>
         <object_component_ref idref="oc-44a"/>
      </symbol>
      <symbol id="sm-76f">
         <name>TimerP_setPeriod</name>
         <value>0x3441</value>
         <object_component_ref idref="oc-713"/>
      </symbol>
      <symbol id="sm-770">
         <name>TimerP_dynamicStub</name>
         <value>0x276d</value>
         <object_component_ref idref="oc-725"/>
      </symbol>
      <symbol id="sm-771">
         <name>TimerP_getMaxTicks</name>
         <value>0x33d1</value>
         <object_component_ref idref="oc-644"/>
      </symbol>
      <symbol id="sm-772">
         <name>TimerP_construct</name>
         <value>0xfc9</value>
         <object_component_ref idref="oc-63e"/>
      </symbol>
      <symbol id="sm-773">
         <name>TimerP_getFreq</name>
         <value>0x33c5</value>
         <object_component_ref idref="oc-64a"/>
      </symbol>
      <symbol id="sm-774">
         <name>TimerP_initDevice</name>
         <value>0x2cc1</value>
         <object_component_ref idref="oc-70d"/>
      </symbol>
      <symbol id="sm-775">
         <name>TimerP_start</name>
         <value>0x2ab5</value>
         <object_component_ref idref="oc-719"/>
      </symbol>
      <symbol id="sm-776">
         <name>TimerP_Params_init</name>
         <value>0x3331</value>
         <object_component_ref idref="oc-638"/>
      </symbol>
      <symbol id="sm-7f0">
         <name>HwiP_delete</name>
         <value>0x312b</value>
         <object_component_ref idref="oc-562"/>
      </symbol>
      <symbol id="sm-7f1">
         <name>HwiP_construct</name>
         <value>0x2295</value>
         <object_component_ref idref="oc-2d7"/>
      </symbol>
      <symbol id="sm-7f2">
         <name>HwiP_inISR</name>
         <value>0x3145</value>
         <object_component_ref idref="oc-336"/>
      </symbol>
      <symbol id="sm-7f3">
         <name>HwiP_dispatch</name>
         <value>0x2f91</value>
         <object_component_ref idref="oc-3d4"/>
      </symbol>
      <symbol id="sm-7f4">
         <name>HwiP_swiPIntNum</name>
         <value>0x200082e8</value>
         <object_component_ref idref="oc-3da"/>
      </symbol>
      <symbol id="sm-7f5">
         <name>HwiP_Params_init</name>
         <value>0x3239</value>
         <object_component_ref idref="oc-1f4"/>
      </symbol>
      <symbol id="sm-7f6">
         <name>HwiP_disable</name>
         <value>0x3291</value>
         <object_component_ref idref="oc-215"/>
      </symbol>
      <symbol id="sm-7f7">
         <name>HwiP_key</name>
         <value>0x200082e4</value>
         <object_component_ref idref="oc-3da"/>
      </symbol>
      <symbol id="sm-7f8">
         <name>HwiP_create</name>
         <value>0x2e09</value>
         <object_component_ref idref="oc-1fa"/>
      </symbol>
      <symbol id="sm-7f9">
         <name>HwiP_post</name>
         <value>0x3431</value>
         <object_component_ref idref="oc-4fb"/>
      </symbol>
      <symbol id="sm-7fa">
         <name>HwiP_enable</name>
         <value>0x342d</value>
         <object_component_ref idref="oc-115"/>
      </symbol>
      <symbol id="sm-7fb">
         <name>HwiP_restore</name>
         <value>0x33f1</value>
         <object_component_ref idref="oc-21b"/>
      </symbol>
      <symbol id="sm-838">
         <name>resetISR</name>
         <value>0x31a5</value>
         <object_component_ref idref="oc-1f"/>
      </symbol>
      <symbol id="sm-839">
         <name>interruptVectors</name>
         <value>0x0</value>
         <object_component_ref idref="oc-26"/>
      </symbol>
      <symbol id="sm-876">
         <name>QueueP_next</name>
         <value>0x3439</value>
         <object_component_ref idref="oc-7a3"/>
      </symbol>
      <symbol id="sm-877">
         <name>QueueP_put</name>
         <value>0x3015</value>
         <object_component_ref idref="oc-43f"/>
      </symbol>
      <symbol id="sm-878">
         <name>QueueP_remove</name>
         <value>0x335f</value>
         <object_component_ref idref="oc-45f"/>
      </symbol>
      <symbol id="sm-879">
         <name>QueueP_head</name>
         <value>0x3435</value>
         <object_component_ref idref="oc-79d"/>
      </symbol>
      <symbol id="sm-87a">
         <name>QueueP_init</name>
         <value>0x341f</value>
         <object_component_ref idref="oc-626"/>
      </symbol>
      <symbol id="sm-87b">
         <name>QueueP_empty</name>
         <value>0x3351</value>
         <object_component_ref idref="oc-7c1"/>
      </symbol>
      <symbol id="sm-87c">
         <name>QueueP_get</name>
         <value>0x30df</value>
         <object_component_ref idref="oc-7bb"/>
      </symbol>
      <symbol id="sm-91b">
         <name>SwiP_disable</name>
         <value>0x3071</value>
         <object_component_ref idref="oc-3ef"/>
      </symbol>
      <symbol id="sm-91c">
         <name>SwiP_restore</name>
         <value>0x2a71</value>
         <object_component_ref idref="oc-401"/>
      </symbol>
      <symbol id="sm-91d">
         <name>SwiP_construct</name>
         <value>0x1261</value>
         <object_component_ref idref="oc-632"/>
      </symbol>
      <symbol id="sm-91e">
         <name>SwiP_Params_init</name>
         <value>0x3301</value>
         <object_component_ref idref="oc-62c"/>
      </symbol>
      <symbol id="sm-91f">
         <name>SwiP_post</name>
         <value>0x2589</value>
         <object_component_ref idref="oc-73a"/>
      </symbol>
      <symbol id="sm-920">
         <name>SwiP_dispatch</name>
         <value>0x1c15</value>
         <object_component_ref idref="oc-78a"/>
      </symbol>
      <symbol id="sm-999">
         <name>CS_setExternalClockSourceFrequency</name>
         <value>0x2fb5</value>
         <object_component_ref idref="oc-2a7"/>
      </symbol>
      <symbol id="sm-99a">
         <name>CS_startHFXTWithTimeout</name>
         <value>0xd21</value>
         <object_component_ref idref="oc-2b3"/>
      </symbol>
      <symbol id="sm-99b">
         <name>CS_startLFXTWithTimeout</name>
         <value>0xee9</value>
         <object_component_ref idref="oc-2b9"/>
      </symbol>
      <symbol id="sm-a31">
         <name>Interrupt_disableMaster</name>
         <value>0x32a1</value>
         <object_component_ref idref="oc-52"/>
      </symbol>
      <symbol id="sm-a32">
         <name>Interrupt_disableInterrupt</name>
         <value>0x211d</value>
         <object_component_ref idref="oc-677"/>
      </symbol>
      <symbol id="sm-a33">
         <name>Interrupt_unregisterInterrupt</name>
         <value>0x3055</value>
         <object_component_ref idref="oc-67d"/>
      </symbol>
      <symbol id="sm-a34">
         <name>Interrupt_setPriority</name>
         <value>0x281d</value>
         <object_component_ref idref="oc-3c8"/>
      </symbol>
      <symbol id="sm-a35">
         <name>Interrupt_enableMaster</name>
         <value>0x32b1</value>
         <object_component_ref idref="oc-18d"/>
      </symbol>
      <symbol id="sm-a36">
         <name>Interrupt_enableInterrupt</name>
         <value>0x219d</value>
         <object_component_ref idref="oc-3ce"/>
      </symbol>
      <symbol id="sm-a37">
         <name>Interrupt_registerInterrupt</name>
         <value>0x26b9</value>
         <object_component_ref idref="oc-3c2"/>
      </symbol>
      <symbol id="sm-a38">
         <name>g_pfnRAMVectors</name>
         <value>0x20008800</value>
         <object_component_ref idref="oc-4ca"/>
      </symbol>
      <symbol id="sm-a39">
         <name>Interrupt_pendInterrupt</name>
         <value>0x24b9</value>
         <object_component_ref idref="oc-61c"/>
      </symbol>
      <symbol id="sm-a45">
         <name>SysCtl_getNMISourceStatus</name>
         <value>0x3321</value>
         <object_component_ref idref="oc-615"/>
      </symbol>
      <symbol id="sm-a65">
         <name>SysCtl_A_enableNMISource</name>
         <value>0x3175</value>
         <object_component_ref idref="oc-391"/>
      </symbol>
      <symbol id="sm-a66">
         <name>SysCtl_A_getNMISourceStatus</name>
         <value>0x3311</value>
         <object_component_ref idref="oc-37f"/>
      </symbol>
      <symbol id="sm-a67">
         <name>SysCtl_A_disableNMISource</name>
         <value>0x315d</value>
         <object_component_ref idref="oc-385"/>
      </symbol>
      <symbol id="sm-a85">
         <name>UART_initModule</name>
         <value>0xb05</value>
         <object_component_ref idref="oc-6a8"/>
      </symbol>
      <symbol id="sm-a97">
         <name>CPU_cpsie</name>
         <value>0x3393</value>
         <object_component_ref idref="oc-208"/>
      </symbol>
      <symbol id="sm-a98">
         <name>CPU_cpsid</name>
         <value>0x3387</value>
         <object_component_ref idref="oc-96"/>
      </symbol>
      <symbol id="sm-ab3">
         <name>memcpy</name>
         <value>0x1cb1</value>
         <object_component_ref idref="oc-3a"/>
      </symbol>
      <symbol id="sm-ab4">
         <name>__aeabi_memcpy</name>
         <value>0x1cb1</value>
         <object_component_ref idref="oc-3a"/>
      </symbol>
      <symbol id="sm-ab5">
         <name>__aeabi_memcpy8</name>
         <value>0x1cb1</value>
         <object_component_ref idref="oc-3a"/>
      </symbol>
      <symbol id="sm-ab6">
         <name>__aeabi_memcpy4</name>
         <value>0x1cb1</value>
         <object_component_ref idref="oc-3a"/>
      </symbol>
      <symbol id="sm-ac3">
         <name>__aeabi_uldivmod</name>
         <value>0x1d4d</value>
         <object_component_ref idref="oc-546"/>
      </symbol>
      <symbol id="sm-adc">
         <name>__TI_zero_init_nomemset</name>
         <value>0x308d</value>
         <object_component_ref idref="oc-46"/>
      </symbol>
      <symbol id="sm-af3">
         <name>__TI_decompress_none</name>
         <value>0x336d</value>
         <object_component_ref idref="oc-18"/>
      </symbol>
      <symbol id="sm-b16">
         <name>__TI_decompress_lzss</name>
         <value>0x25f1</value>
         <object_component_ref idref="oc-12"/>
      </symbol>
      <symbol id="sm-b9f">
         <name>_sys_memory</name>
         <value>0x20000000</value>
         <object_component_ref idref="oc-29"/>
      </symbol>
      <symbol id="sm-ba0">
         <name>free</name>
         <value>0xe05</value>
         <object_component_ref idref="oc-2dd"/>
      </symbol>
      <symbol id="sm-ba1">
         <name>memalign</name>
         <value>0xc21</value>
         <object_component_ref idref="oc-3bb"/>
      </symbol>
      <symbol id="sm-ba2">
         <name>malloc</name>
         <value>0x33f9</value>
         <object_component_ref idref="oc-2d1"/>
      </symbol>
      <symbol id="sm-ba3">
         <name>aligned_alloc</name>
         <value>0xc21</value>
         <object_component_ref idref="oc-3bb"/>
      </symbol>
      <symbol id="sm-bb6">
         <name>__stack</name>
         <value>0x2000f000</value>
         <object_component_ref idref="oc-2c"/>
      </symbol>
      <symbol id="sm-bb7">
         <name>_c_int00_noargs</name>
         <value>0x2da5</value>
         <object_component_ref idref="oc-a8"/>
      </symbol>
      <symbol id="sm-bc1">
         <name>__aeabi_idiv0</name>
         <value>0x3453</value>
         <object_component_ref idref="oc-669"/>
      </symbol>
      <symbol id="sm-bc2">
         <name>__aeabi_ldiv0</name>
         <value>0x3453</value>
         <object_component_ref idref="oc-669"/>
      </symbol>
      <symbol id="sm-beb">
         <name>__TI_auto_init_nobinit_nopinit</name>
         <value>0x2b3d</value>
         <object_component_ref idref="oc-12e"/>
      </symbol>
      <symbol id="sm-bf5">
         <name>_system_pre_init</name>
         <value>0x3445</value>
         <object_component_ref idref="oc-f0"/>
      </symbol>
      <symbol id="sm-c01">
         <name>C$$EXIT</name>
         <value>0x3449</value>
         <object_component_ref idref="oc-122"/>
      </symbol>
      <symbol id="sm-c02">
         <name>abort</name>
         <value>0x3449</value>
         <object_component_ref idref="oc-122"/>
      </symbol>
      <symbol id="sm-c17">
         <name>_nop</name>
         <value>0x3143</value>
         <object_component_ref idref="oc-288"/>
      </symbol>
      <symbol id="sm-c18">
         <name>_lock</name>
         <value>0x200082c4</value>
         <object_component_ref idref="oc-1d2"/>
      </symbol>
      <symbol id="sm-c19">
         <name>_unlock</name>
         <value>0x200082c8</value>
         <object_component_ref idref="oc-1d2"/>
      </symbol>
      <symbol id="sm-c1b">
         <name>__TI_static_base__</name>
         <value>0x3630</value>
      </symbol>
      <symbol id="sm-c1e">
         <name>__mpu_init</name>
         <value>0x0</value>
      </symbol>
      <symbol id="sm-c1f">
         <name>_system_post_cinit</name>
         <value>0x0</value>
      </symbol>
      <symbol id="sm-c20">
         <name>NoRTOS_start</name>
         <value>0x342d</value>
      </symbol>
   </symbol_table>
   <title>Link successful</title>
</link_info>
